63.141.250.115 - - [13/Sep/2013:02:05:28 +0400] "GET /viewtopic.php?f=2&t=25961&view=unread HTTP/1.0" 404 570 "http://phpbbconstructor.com/viewtopic.php?f=2&t=25961&view=unread#unread" "Mozilla/5.0 (Windows NT 6.1) AppleWebKit/537.4 (KHTML, like Gecko) Chrome/22.0.1229.94 Safari/537.4" "-"
63.141.250.115 - - [13/Sep/2013:02:05:28 +0400] "GET / HTTP/1.0" 200 6019 "http://phpbbconstructor.com/" "Mozilla/5.0 (Windows NT 6.1) AppleWebKit/537.4 (KHTML, like Gecko) Chrome/22.0.1229.94 Safari/537.4" "-"
31.184.238.185 - - [13/Sep/2013:02:12:56 +0400] "GET /index.php HTTP/1.0" 404 168 "http://phpbbconstructor.com/index.php" "Mozilla/5.0 (Windows NT 5.2; rv:17.0) Gecko/17.0 Firefox/17.0" "-"
198.2.213.253 - - [13/Sep/2013:02:13:28 +0400] "GET / HTTP/1.0" 200 6019 "http://phpbbconstructor.com/" "Mozilla/5.0 (Windows NT 6.1; WOW64; rv:15.0) Gecko/20100101 Firefox/15.0" "-"
208.115.113.85 - - [13/Sep/2013:02:14:06 +0400] "GET /robots.txt HTTP/1.1" 404 168 "-" "Mozilla/5.0 (compatible; Ezooms/1.0; ezooms.bot@gmail.com)" "-"
5.9.113.104 - - [13/Sep/2013:02:15:10 +0400] "GET /viewtopic.php?f=3&t=27744 HTTP/1.1" 404 570 "http://phpbbconstructor.com/viewtopic.php?f=3&t=27744" "Mozilla/4.0 (compatible; MSIE 6.0; Windows NT 5.1; SV1)" "-"
5.9.113.104 - - [13/Sep/2013:02:15:10 +0400] "GET /viewtopic.php?f=3&t=27744 HTTP/1.1" 404 570 "http://phpbbconstructor.com/viewtopic.php?f=3&t=27744" "Mozilla/4.0 (compatible; MSIE 6.0; Windows NT 5.1; SV1)" "-"
110.89.26.4 - - [13/Sep/2013:02:16:02 +0400] "GET /ucp.php?mode=register&change_lang=en HTTP/1.1" 404 570 "http://phpbbconstructor.com/" "Mozilla/4.0 (compatible; MSIE 6.0; Windows NT 5.1; SV1;)" "-"
27.159.200.113 - - [13/Sep/2013:02:16:42 +0400] "GET /ucp.php?mode=register&change_lang=en HTTP/1.1" 404 570 "http://phpbbconstructor.com/" "Mozilla/4.0 (compatible; MSIE 6.0; Windows NT 5.1; SV1;)" "-"
76.164.203.82 - - [13/Sep/2013:02:17:27 +0400] "GET /viewtopic.php?f=10&t=42743&view=print HTTP/1.1" 404 570 "-" "Mozilla/4.0 (compatible; MSIE 6.0; Windows NT 5.1; SV1; Mozilla/4.0 (compatible; MSIE 6.0; Windows NT 5.1; SV1) )" "-"
222.77.224.89 - - [13/Sep/2013:02:19:10 +0400] "GET / HTTP/1.0" 200 6019 "http://phpbbconstructor.com/" "Mozilla/5.0 (Windows; U; Windows NT 5.1; en-US) AppleWebKit/534.16 (KHTML, like Gecko) Chrome/10.0.648.204 Safari/534.16" "-"
76.164.203.82 - - [13/Sep/2013:02:19:23 +0400] "GET /viewtopic.php?f=9&t=48877&p=59452 HTTP/1.1" 404 570 "-" "Mozilla/4.0 (compatible; MSIE 6.0; Windows NT 5.1)" "-"
93.115.87.34 - - [13/Sep/2013:02:20:08 +0400] "GET /index.php HTTP/1.0" 404 168 "http://teen.erolove.in" "Opera/9.80 (Windows NT 6.1; Win64; x64) Presto/2.12.388 Version/12.11" "-"
93.115.87.34 - - [13/Sep/2013:02:20:09 +0400] "GET /index.php HTTP/1.0" 404 168 "http://phpbbconstructor.com/index.php" "Opera/9.80 (Windows NT 6.1; Win64; x64) Presto/2.12.388 Version/12.11" "-"
199.48.147.41 - - [13/Sep/2013:02:20:12 +0400] "GET /index.php HTTP/1.0" 404 168 "http://phpbbconstructor.com/index.php" "Opera/9.80 (Windows NT 6.1; Win64; x64) Presto/2.12.388 Version/12.11" "-"
194.104.126.126 - - [13/Sep/2013:02:20:13 +0400] "GET /index.php HTTP/1.0" 404 168 "http://phpbbconstructor.com/index.php" "Opera/9.80 (Windows NT 6.1; Win64; x64) Presto/2.12.388 Version/12.11" "-"
77.247.181.165 - - [13/Sep/2013:02:20:13 +0400] "GET /index.php HTTP/1.0" 404 168 "http://phpbbconstructor.com/index.php" "Opera/9.80 (Windows NT 6.1; Win64; x64) Presto/2.12.388 Version/12.11" "-"
128.6.224.107 - - [13/Sep/2013:02:20:14 +0400] "GET /index.php HTTP/1.0" 404 168 "http://phpbbconstructor.com/index.php" "Opera/9.80 (Windows NT 6.1; Win64; x64) Presto/2.12.388 Version/12.11" "-"
37.59.162.218 - - [13/Sep/2013:02:20:16 +0400] "GET /index.php HTTP/1.0" 404 168 "http://phpbbconstructor.com/index.php" "Opera/9.80 (Windows NT 6.1; Win64; x64) Presto/2.12.388 Version/12.11" "-"
194.104.126.126 - - [13/Sep/2013:02:20:18 +0400] "GET /index.php HTTP/1.0" 404 168 "http://phpbbconstructor.com/index.php" "Opera/9.80 (Windows NT 6.1; Win64; x64) Presto/2.12.388 Version/12.11" "-"
77.247.181.163 - - [13/Sep/2013:02:20:39 +0400] "GET /index.php HTTP/1.0" 404 168 "http://phpbbconstructor.com/index.php" "Opera/9.80 (Windows NT 6.1; Win64; x64) Presto/2.12.388 Version/12.11" "-"
199.48.147.41 - - [13/Sep/2013:02:20:41 +0400] "GET /index.php HTTP/1.0" 404 168 "http://phpbbconstructor.com/index.php" "Opera/9.80 (Windows NT 6.1; Win64; x64) Presto/2.12.388 Version/12.11" "-"
199.48.147.39 - - [13/Sep/2013:02:20:43 +0400] "GET /index.php HTTP/1.0" 404 168 "http://phpbbconstructor.com/index.php" "Opera/9.80 (Windows NT 6.1; Win64; x64) Presto/2.12.388 Version/12.11" "-"
77.247.181.165 - - [13/Sep/2013:02:20:56 +0400] "GET /index.php HTTP/1.0" 404 168 "http://phpbbconstructor.com/index.php" "Opera/9.80 (Windows NT 6.1; Win64; x64) Presto/2.12.388 Version/12.11" "-"
199.48.147.36 - - [13/Sep/2013:02:20:58 +0400] "GET /index.php HTTP/1.0" 404 168 "http://phpbbconstructor.com/index.php" "Opera/9.80 (Windows NT 6.1; Win64; x64) Presto/2.12.388 Version/12.11" "-"
77.247.181.165 - - [13/Sep/2013:02:21:07 +0400] "GET /index.php HTTP/1.0" 404 168 "http://phpbbconstructor.com/index.php" "Opera/9.80 (Windows NT 6.1; Win64; x64) Presto/2.12.388 Version/12.11" "-"
209.222.8.196 - - [13/Sep/2013:02:21:09 +0400] "GET /index.php HTTP/1.0" 404 168 "http://phpbbconstructor.com/index.php" "Opera/9.80 (Windows NT 6.1; Win64; x64) Presto/2.12.388 Version/12.11" "-"
222.77.224.89 - - [13/Sep/2013:02:21:11 +0400] "GET / HTTP/1.0" 200 6019 "http://phpbbconstructor.com/" "Mozilla/5.0 (Windows NT 6.1; WOW64) AppleWebKit/535.19 (KHTML, like Gecko) Chrome/18.0.1025.1634 Safari/535.19 YE" "-"
77.247.181.165 - - [13/Sep/2013:02:21:12 +0400] "GET /index.php HTTP/1.0" 404 168 "http://phpbbconstructor.com/index.php" "Opera/9.80 (Windows NT 6.1; Win64; x64) Presto/2.12.388 Version/12.11" "-"
77.247.181.164 - - [13/Sep/2013:02:21:14 +0400] "GET /index.php HTTP/1.0" 404 168 "http://phpbbconstructor.com/index.php" "Opera/9.80 (Windows NT 6.1; Win64; x64) Presto/2.12.388 Version/12.11" "-"
77.247.181.165 - - [13/Sep/2013:02:21:17 +0400] "GET /index.php HTTP/1.0" 404 168 "http://phpbbconstructor.com/index.php" "Opera/9.80 (Windows NT 6.1; Win64; x64) Presto/2.12.388 Version/12.11" "-"
178.63.97.34 - - [13/Sep/2013:02:21:18 +0400] "GET /index.php HTTP/1.0" 404 168 "http://phpbbconstructor.com/index.php" "Opera/9.80 (Windows NT 6.1; Win64; x64) Presto/2.12.388 Version/12.11" "-"
77.247.181.164 - - [13/Sep/2013:02:21:20 +0400] "GET /index.php HTTP/1.0" 404 168 "http://phpbbconstructor.com/index.php" "Opera/9.80 (Windows NT 6.1; Win64; x64) Presto/2.12.388 Version/12.11" "-"
77.247.181.165 - - [13/Sep/2013:02:21:31 +0400] "GET /index.php HTTP/1.0" 404 168 "http://phpbbconstructor.com/index.php" "Opera/9.80 (Windows NT 6.1; Win64; x64) Presto/2.12.388 Version/12.11" "-"
220.152.253.44 - - [13/Sep/2013:02:22:55 +0400] "GET /ucp.php?mode=register&change_lang=en HTTP/1.1" 404 570 "http://phpbbconstructor.com/" "Mozilla/4.0 (compatible; MSIE 6.0; Windows NT 5.1; SV1;)" "-"
91.236.75.79 - - [13/Sep/2013:02:23:15 +0400] "GET /index.php HTTP/1.0" 404 168 "http://phpbbconstructor.com/index.php" "Opera/9.80 (Windows NT 6.2; WOW64; MRA 8.0 (build 5784)) Presto/2.12.388 Version/12.10" "-"
95.160.16.8 - - [13/Sep/2013:02:34:00 +0400] "GET /index.php HTTP/1.0" 404 570 "http://phpbbconstructor.com/index.php" "Mozilla/5.0 (Windows NT 6.1) AppleWebKit/537.4 (KHTML, like Gecko) Chrome/22.0.1229.94 Safari/537.4" "-"
91.207.7.58 - - [13/Sep/2013:02:41:40 +0400] "GET /viewtopic.php?f=2&t=74934&view=unread HTTP/1.0" 404 168 "http://phpbbconstructor.com/viewtopic.php?f=2&t=74934&view=unread" "Mozilla/5.0 (Windows NT 6.1; WOW64; rv:17.0) Gecko/17.0 Firefox/17.0" "-"
91.207.7.58 - - [13/Sep/2013:02:41:40 +0400] "GET / HTTP/1.0" 200 6019 "http://phpbbconstructor.com/" "Mozilla/5.0 (Windows NT 6.1; WOW64; rv:17.0) Gecko/17.0 Firefox/17.0" "-"
123.11.5.119 - - [13/Sep/2013:02:43:50 +0400] "GET /viewtopic.php?f=10&t=24474 HTTP/1.1" 404 570 "http://phpbbconstructor.com/" "Mozilla/5.0 (Windows NT 6.1) AppleWebKit/537.36 (KHTML, like Gecko) Chrome/28.0.1500.72 Safari/537.36" "-"
142.54.160.99 - - [13/Sep/2013:02:44:15 +0400] "GET / HTTP/1.0" 200 6019 "http://phpbbconstructor.com/" "Mozilla/5.0 (Windows NT 6.1; WOW64; rv:17.0) Gecko/20100101 Firefox/17.0" "-"
142.54.160.99 - - [13/Sep/2013:02:45:40 +0400] "GET / HTTP/1.0" 200 6019 "http://phpbbconstructor.com/" "Opera/9.80 (Windows NT 6.0) Presto/2.12.388 Version/12.10" "-"
63.141.233.147 - - [13/Sep/2013:02:46:20 +0400] "GET /viewtopic.php?f=10&t=104379 HTTP/1.0" 404 168 "http://phpbbconstructor.com/viewtopic.php?f=10&t=104379" "Mozilla/5.0 (Windows NT 6.2; rv:16.0) Gecko/20100101 Firefox/16.0" "-"
63.141.233.147 - - [13/Sep/2013:02:46:20 +0400] "GET / HTTP/1.0" 200 6019 "http://phpbbconstructor.com/" "Mozilla/5.0 (Windows NT 6.2; rv:16.0) Gecko/20100101 Firefox/16.0" "-"
142.54.182.10 - - [13/Sep/2013:02:47:30 +0400] "GET /viewtopic.php?f=2&t=27578&view=unread HTTP/1.0" 404 168 "http://phpbbconstructor.com/viewtopic.php?f=2&t=27578&view=unread#unread" "Opera/9.80 (Windows NT 6.2; WOW64) Presto/2.12.388 Version/12.11" "-"
142.54.182.10 - - [13/Sep/2013:02:47:30 +0400] "GET / HTTP/1.0" 200 6019 "http://phpbbconstructor.com/" "Opera/9.80 (Windows NT 6.2; WOW64) Presto/2.12.388 Version/12.11" "-"
66.249.73.58 - - [13/Sep/2013:02:47:33 +0400] "GET /viewtopic.php?f=10&t=84633 HTTP/1.1" 404 168 "-" "Mozilla/5.0 (compatible; Googlebot/2.1; +http://www.google.com/bot.html)" "-"
142.54.184.181 - - [13/Sep/2013:02:48:28 +0400] "GET /viewtopic.php?f=2&t=25961&view=unread HTTP/1.0" 404 570 "http://phpbbconstructor.com/viewtopic.php?f=2&t=25961&view=unread#unread" "Mozilla/5.0 (compatible; MSIE 9.0; Windows NT 6.1; WOW64; Trident/5.0)" "-"
142.54.184.181 - - [13/Sep/2013:02:48:28 +0400] "GET / HTTP/1.0" 200 6019 "http://phpbbconstructor.com/" "Mozilla/5.0 (compatible; MSIE 9.0; Windows NT 6.1; WOW64; Trident/5.0)" "-"
95.108.129.207 - - [13/Sep/2013:02:48:39 +0400] "GET / HTTP/1.1" 200 6019 "-" "Mozilla/5.0 (compatible; YandexMetrika/2.0; +http://yandex.com/bots mon1)" "-"
142.54.182.10 - - [13/Sep/2013:02:51:07 +0400] "GET /viewtopic.php?f=2&t=27578&view=unread HTTP/1.0" 404 168 "http://phpbbconstructor.com/viewtopic.php?f=2&t=27578&view=unread#unread" "Opera/9.80 (Windows NT 6.1; U; Edition Yx; ru) Presto/2.10.289 Version/12.02" "-"
142.54.182.10 - - [13/Sep/2013:02:51:08 +0400] "GET / HTTP/1.0" 200 6019 "http://phpbbconstructor.com/" "Opera/9.80 (Windows NT 6.1; U; Edition Yx; ru) Presto/2.10.289 Version/12.02" "-"
123.125.71.36 - - [13/Sep/2013:02:54:17 +0400] "GET / HTTP/1.1" 200 6019 "-" "Mozilla/5.0 (compatible; Baiduspider/2.0; +http://www.baidu.com/search/spider.html)" "-"
142.54.160.99 - - [13/Sep/2013:02:54:20 +0400] "GET / HTTP/1.0" 200 6019 "http://phpbbconstructor.com/" "Mozilla/5.0 (Windows NT 6.1; WOW64; rv:17.0) Gecko/17.0 Firefox/17.0" "-"
220.181.108.112 - - [13/Sep/2013:02:55:41 +0400] "GET / HTTP/1.1" 200 6019 "-" "Mozilla/5.0 (compatible; Baiduspider/2.0; +http://www.baidu.com/search/spider.html)" "-"
209.21.92.67 - - [13/Sep/2013:02:55:57 +0400] "GET /viewtopic.php?f=2&t=28310 HTTP/1.0" 404 168 "http://phpbbconstructor.com/viewtopic.php?f=2&t=28310" "Mozilla/5.0 (Windows NT 6.1; WOW64; rv:14.0) Gecko/20100101 Firefox/14.0.1" "-"
209.21.92.67 - - [13/Sep/2013:02:55:58 +0400] "GET / HTTP/1.0" 200 6019 "http://phpbbconstructor.com/" "Mozilla/5.0 (Windows NT 6.1; WOW64; rv:14.0) Gecko/20100101 Firefox/14.0.1" "-"
208.115.113.85 - - [13/Sep/2013:02:56:38 +0400] "GET /viewtopic.php?f=3&t=122456&view=unread HTTP/1.1" 404 168 "-" "Mozilla/5.0 (compatible; Ezooms/1.0; ezooms.bot@gmail.com)" "-"
142.54.182.10 - - [13/Sep/2013:02:57:15 +0400] "GET /viewtopic.php?f=2&t=27578&view=unread HTTP/1.0" 404 570 "http://phpbbconstructor.com/viewtopic.php?f=2&t=27578&view=unread#unread" "Mozilla/5.0 (Windows NT 5.1) AppleWebKit/537.4 (KHTML, like Gecko) Chrome/22.0.1229.79 Safari/537.4" "-"
142.54.182.10 - - [13/Sep/2013:02:57:15 +0400] "GET / HTTP/1.0" 200 6019 "http://phpbbconstructor.com/" "Mozilla/5.0 (Windows NT 5.1) AppleWebKit/537.4 (KHTML, like Gecko) Chrome/22.0.1229.79 Safari/537.4" "-"
208.115.113.85 - - [13/Sep/2013:02:57:27 +0400] "GET /viewtopic.php?f=9&t=73657&view=unread HTTP/1.1" 404 168 "-" "Mozilla/5.0 (compatible; Ezooms/1.0; ezooms.bot@gmail.com)" "-"
208.115.113.85 - - [13/Sep/2013:02:58:22 +0400] "GET /viewtopic.php?f=3&t=49063 HTTP/1.1" 404 168 "-" "Mozilla/5.0 (compatible; Ezooms/1.0; ezooms.bot@gmail.com)" "-"
63.141.233.147 - - [13/Sep/2013:02:59:56 +0400] "GET /viewtopic.php?f=9&t=129816 HTTP/1.0" 404 168 "http://phpbbconstructor.com/viewtopic.php?f=9&t=129816" "Mozilla/5.0 (Windows NT 5.1; rv:15.0) Gecko/20100101 Firefox/15.0.1" "-"
63.141.233.147 - - [13/Sep/2013:02:59:56 +0400] "GET / HTTP/1.0" 200 6019 "http://phpbbconstructor.com/" "Mozilla/5.0 (Windows NT 5.1; rv:15.0) Gecko/20100101 Firefox/15.0.1" "-"
77.79.135.124 - - [13/Sep/2013:03:00:29 +0400] "GET /index.php HTTP/1.0" 404 168 "http://phpbbconstructor.com/index.php" "Opera/9.80 (Windows NT 6.1; MRA 6.0 (build 5970)) Presto/2.12.388 Version/12.10" "-"
180.76.5.49 - - [13/Sep/2013:03:01:23 +0400] "GET /viewtopic.php?f=10&t=103608 HTTP/1.1" 404 168 "-" "Mozilla/5.0 (compatible; Baiduspider/2.0; +http://www.baidu.com/search/spider.html)" "-"
63.141.233.147 - - [13/Sep/2013:03:02:55 +0400] "GET /viewtopic.php?f=3&t=115164 HTTP/1.0" 404 570 "http://phpbbconstructor.com/viewtopic.php?f=3&t=115164" "Mozilla/5.0 (Windows NT 6.1; WOW64) AppleWebKit/535.19 (KHTML, like Gecko) Chrome/18.0.1025.1634 Safari/535.19 YE" "-"
63.141.233.147 - - [13/Sep/2013:03:02:56 +0400] "GET / HTTP/1.0" 200 6019 "http://phpbbconstructor.com/" "Mozilla/5.0 (Windows NT 6.1; WOW64) AppleWebKit/535.19 (KHTML, like Gecko) Chrome/18.0.1025.1634 Safari/535.19 YE" "-"
66.249.73.58 - - [13/Sep/2013:03:04:59 +0400] "GET /viewtopic.php?f=10&t=80493 HTTP/1.1" 404 168 "-" "Mozilla/5.0 (compatible; Googlebot/2.1; +http://www.google.com/bot.html)" "-"
208.115.113.85 - - [13/Sep/2013:03:05:32 +0400] "GET /memberlist.php?mode=viewprofile&u=12781 HTTP/1.1" 404 168 "-" "Mozilla/5.0 (compatible; Ezooms/1.0; ezooms.bot@gmail.com)" "-"
208.115.113.85 - - [13/Sep/2013:03:05:33 +0400] "GET /memberlist.php?mode=viewprofile&u=7318 HTTP/1.1" 404 168 "-" "Mozilla/5.0 (compatible; Ezooms/1.0; ezooms.bot@gmail.com)" "-"
208.115.113.85 - - [13/Sep/2013:03:05:34 +0400] "GET /memberlist.php?mode=viewprofile&u=7714 HTTP/1.1" 404 168 "-" "Mozilla/5.0 (compatible; Ezooms/1.0; ezooms.bot@gmail.com)" "-"
208.115.113.85 - - [13/Sep/2013:03:05:36 +0400] "GET /memberlist.php?mode=viewprofile&u=8352 HTTP/1.1" 404 168 "-" "Mozilla/5.0 (compatible; Ezooms/1.0; ezooms.bot@gmail.com)" "-"
208.115.113.85 - - [13/Sep/2013:03:05:37 +0400] "GET /viewtopic.php?f=10&t=26406&p=33049 HTTP/1.1" 404 168 "-" "Mozilla/5.0 (compatible; Ezooms/1.0; ezooms.bot@gmail.com)" "-"
208.115.113.85 - - [13/Sep/2013:03:05:39 +0400] "GET /viewtopic.php?f=10&t=33377&p=41840 HTTP/1.1" 404 168 "-" "Mozilla/5.0 (compatible; Ezooms/1.0; ezooms.bot@gmail.com)" "-"
208.115.113.85 - - [13/Sep/2013:03:05:40 +0400] "GET /viewtopic.php?f=10&t=49900&p=60504 HTTP/1.1" 404 168 "-" "Mozilla/5.0 (compatible; Ezooms/1.0; ezooms.bot@gmail.com)" "-"
208.115.113.85 - - [13/Sep/2013:03:05:41 +0400] "GET /viewtopic.php?f=2&t=27312&p=34105 HTTP/1.1" 404 168 "-" "Mozilla/5.0 (compatible; Ezooms/1.0; ezooms.bot@gmail.com)" "-"
63.141.233.147 - - [13/Sep/2013:03:06:22 +0400] "GET /viewtopic.php?f=9&t=128024&view=unread HTTP/1.0" 404 570 "http://phpbbconstructor.com/viewtopic.php?f=9&t=128024&view=unread#unread" "Mozilla/5.0 (Windows NT 6.1) AppleWebKit/536.5 (KHTML, like Gecko) YaBrowser/1.1.1084.5409 Chrome/19.1.1084.5409 Safari/536.5" "-"
63.141.233.147 - - [13/Sep/2013:03:06:23 +0400] "GET / HTTP/1.0" 200 6019 "http://phpbbconstructor.com/" "Mozilla/5.0 (Windows NT 6.1) AppleWebKit/536.5 (KHTML, like Gecko) YaBrowser/1.1.1084.5409 Chrome/19.1.1084.5409 Safari/536.5" "-"
142.54.182.10 - - [13/Sep/2013:03:06:29 +0400] "GET /viewtopic.php?f=2&t=42755&view=unread HTTP/1.0" 404 168 "http://phpbbconstructor.com/viewtopic.php?f=2&t=42755&view=unread#unread" "Opera/9.80 (Windows NT 6.1; WOW64) Presto/2.12.388 Version/12.10" "-"
142.54.182.10 - - [13/Sep/2013:03:06:29 +0400] "GET / HTTP/1.0" 200 6019 "http://phpbbconstructor.com/" "Opera/9.80 (Windows NT 6.1; WOW64) Presto/2.12.388 Version/12.10" "-"
63.141.233.147 - - [13/Sep/2013:03:06:41 +0400] "GET /viewtopic.php?f=3&t=58038&view=unread HTTP/1.0" 404 168 "http://phpbbconstructor.com/viewtopic.php?f=3&t=58038&view=unread#unread" "Opera/9.80 (Windows NT 6.1; U; ru) Presto/2.10.289 Version/12.02" "-"
63.141.233.147 - - [13/Sep/2013:03:06:43 +0400] "GET / HTTP/1.0" 200 6019 "http://phpbbconstructor.com/" "Opera/9.80 (Windows NT 6.1; U; ru) Presto/2.10.289 Version/12.02" "-"
5.167.22.20 - - [13/Sep/2013:03:08:53 +0400] "GET / HTTP/1.0" 200 6019 "http://phpbbconstructor.com/" "Mozilla/5.0 (Windows NT 6.1; WOW64; rv:9.0.1) Gecko/20100101 Firefox/9.0.1" "-"
142.54.182.10 - - [13/Sep/2013:03:11:04 +0400] "GET /viewtopic.php?f=2&t=42755&view=unread HTTP/1.0" 404 570 "http://phpbbconstructor.com/viewtopic.php?f=2&t=42755&view=unread#unread" "Mozilla/5.0 (Windows NT 6.2) AppleWebKit/537.11 (KHTML, like Gecko) Chrome/23.0.1271.64 Safari/537.11" "-"
142.54.182.10 - - [13/Sep/2013:03:11:04 +0400] "GET / HTTP/1.0" 200 6019 "http://phpbbconstructor.com/" "Mozilla/5.0 (Windows NT 6.2) AppleWebKit/537.11 (KHTML, like Gecko) Chrome/23.0.1271.64 Safari/537.11" "-"
142.54.160.99 - - [13/Sep/2013:03:11:22 +0400] "GET / HTTP/1.0" 200 6019 "http://phpbbconstructor.com/" "Mozilla/5.0 (Windows NT 5.1) AppleWebKit/537.11 (KHTML, like Gecko) Chrome/23.0.1271.64 Safari/537.11" "-"
120.43.4.46 - - [13/Sep/2013:03:11:30 +0400] "GET / HTTP/1.1" 200 6019 "http://phpbbconstructor.com/" "Mozilla/4.0 (compatible; MSIE 6.0; Windows NT 5.1; SV1;)" "-"
120.43.4.46 - - [13/Sep/2013:03:11:35 +0400] "GET / HTTP/1.1" 200 6019 "http://phpbbconstructor.com/" "Mozilla/4.0 (compatible; MSIE 6.0; Windows NT 5.1; SV1;)" "-"
120.43.4.46 - - [13/Sep/2013:03:11:38 +0400] "GET / HTTP/1.1" 200 6019 "http://phpbbconstructor.com/" "Mozilla/4.0 (compatible; MSIE 6.0; Windows NT 5.1; SV1;)" "-"
120.43.4.46 - - [13/Sep/2013:03:11:40 +0400] "GET / HTTP/1.1" 200 6019 "http://phpbbconstructor.com/" "Mozilla/4.0 (compatible; MSIE 6.0; Windows NT 5.1; SV1;)" "-"
120.43.4.46 - - [13/Sep/2013:03:11:42 +0400] "GET / HTTP/1.1" 200 6019 "http://phpbbconstructor.com/" "Mozilla/4.0 (compatible; MSIE 6.0; Windows NT 5.1; SV1;)" "-"
88.190.48.161 - - [13/Sep/2013:03:12:25 +0400] "GET /viewtopic.php?f=9&t=100633 HTTP/1.0" 404 168 "http://phpbbconstructor.com/viewtopic.php?f=9&t=100633" "Opera/9.80 (Windows NT 5.1; MRA 6.0 (build 5831)) Presto/2.12.388 Version/12.10" "-"
88.190.48.161 - - [13/Sep/2013:03:12:25 +0400] "GET /viewtopic.php?f=9&t=100633 HTTP/1.0" 404 168 "http://phpbbconstructor.com/viewtopic.php?f=9&t=100633" "Opera/9.80 (Windows NT 5.1; MRA 6.0 (build 5831)) Presto/2.12.388 Version/12.10" "-"
88.190.48.161 - - [13/Sep/2013:03:13:14 +0400] "GET /viewtopic.php?f=9&t=100633 HTTP/1.0" 404 168 "http://phpbbconstructor.com/viewtopic.php?f=9&t=100633" "Mozilla/5.0 (Windows NT 6.1; WOW64; rv:17.0) Gecko/17.0 Firefox/17.0" "-"
178.151.216.90 - - [13/Sep/2013:03:14:21 +0400] "GET /index.php++++++++++++++++++++++++++++++++++++++++++++Result:+%E8%F1%EF%EE%EB%FC%E7%EE%E2%E0%ED+%ED%E8%EA%ED%E5%E9%EC+%22wradsilsowida%22;+%E2%F5%EE%E4+%E2+%E0%EA%EA%E0%F3%ED%F2+%ED%E5+%F3%E4%E0%EB%F1%FF;+Result:+%E8%F1%EF%EE%EB%FC%E7%EE%E2%E0%ED+%ED%E8%EA%ED%E5%E9%EC+%22wradsilsowida%22;+%E2%F5%EE%E4+%E2+%E0%EA%EA%E0%F3%ED%F2+%ED%E5+%F3%E4%E0%EB%F1%FF;+Result:+%E8%F1%EF%EE%EB%FC%E7%EE%E2%E0%ED+%ED%E8%EA%ED%E5%E9%EC+%22Diorpondibind%22;+%E2%F5%EE%E4+%E2+%E0%EA%EA%E0%F3%ED%F2+%ED%E5+%F3%E4%E0%EB%F1%FF;+Result:+%E8%F1%EF%EE%EB%FC%E7%EE%E2%E0%ED+%ED%E8%EA%ED%E5%E9%EC+%22wradsilsowida%22;+%E2%F5%EE%E4+%E2+%E0%EA%EA%E0%F3%ED%F2+%ED%E5+%F3%E4%E0%EB%F1%FF;+Result:+%E8%F1%EF%EE%EB%FC%E7%EE%E2%E0%ED+%ED%E8%EA%ED%E5%E9%EC+%22Abnorauncoola%22;+%E2%F5%EE%E4+%E2+%E0%EA%EA%E0%F3%ED%F2+%ED%E5+%F3%E4%E0%EB%F1%FF; HTTP/1.0" 404 570 "http://phpbbconstructor.com/index.php++++++++++++++++++++++++++++++++++++++++++++Result:+%E8%F1%EF%EE%EB%FC%E7%EE%E2%E0%ED+%ED%E8%EA%ED%E5%E9%EC+%22wradsilsowida%22;+%E2%F5%EE%E4+%E2+%E0%EA%EA%E0%F3%ED%F2+%ED%E5+%F3%E4%E0%EB%F1%FF;+Result:+%E8%F1%EF%EE%EB%FC%E7%EE%E2%E0%ED+%ED%E8%EA%ED%E5%E9%EC+%22wradsilsowida%22;+%E2%F5%EE%E4+%E2+%E0%EA%EA%E0%F3%ED%F2+%ED%E5+%F3%E4%E0%EB%F1%FF;+Result:+%E8%F1%EF%EE%EB%FC%E7%EE%E2%E0%ED+%ED%E8%EA%ED%E5%E9%EC+%22Diorpondibind%22;+%E2%F5%EE%E4+%E2+%E0%EA%EA%E0%F3%ED%F2+%ED%E5+%F3%E4%E0%EB%F1%FF;+Result:+%E8%F1%EF%EE%EB%FC%E7%EE%E2%E0%ED+%ED%E8%EA%ED%E5%E9%EC+%22wradsilsowida%22;+%E2%F5%EE%E4+%E2+%E0%EA%EA%E0%F3%ED%F2+%ED%E5+%F3%E4%E0%EB%F1%FF;+Result:+%E8%F1%EF%EE%EB%FC%E7%EE%E2%E0%ED+%ED%E8%EA%ED%E5%E9%EC+%22Abnorauncoola%22;+%E2%F5%EE%E4+%E2+%E0%EA%EA%E0%F3%ED%F2+%ED%E5+%F3%E4%E0%EB%F1%FF;" "Mozilla/5.0 (Windows NT 6.2; WOW64) AppleWebKit/537.11 (KHTML, like Gecko) Chrome/23.0.1271.95 Safari/537.11" "-"
178.151.216.90 - - [13/Sep/2013:03:14:21 +0400] "GET / HTTP/1.0" 200 6019 "http://phpbbconstructor.com/" "Mozilla/5.0 (Windows NT 6.2; WOW64) AppleWebKit/537.11 (KHTML, like Gecko) Chrome/23.0.1271.95 Safari/537.11" "-"
5.255.210.93 - - [13/Sep/2013:03:14:39 +0400] "GET / HTTP/1.1" 200 6019 "-" "Mozilla/5.0 (compatible; YandexMetrika/2.0; +http://yandex.com/bots mon3)" "-"
142.54.182.10 - - [13/Sep/2013:03:17:01 +0400] "GET /viewtopic.php?f=2&t=42755&view=unread HTTP/1.0" 404 168 "http://phpbbconstructor.com/viewtopic.php?f=2&t=42755&view=unread#unread" "Opera/9.80 (Windows NT 5.1; MRA 6.0 (build 5998)) Presto/2.12.388 Version/12.11" "-"
142.54.182.10 - - [13/Sep/2013:03:17:01 +0400] "GET / HTTP/1.0" 200 6019 "http://phpbbconstructor.com/" "Opera/9.80 (Windows NT 5.1; MRA 6.0 (build 5998)) Presto/2.12.388 Version/12.11" "-"
91.200.14.63 - - [13/Sep/2013:03:17:02 +0400] "GET / HTTP/1.0" 200 6019 "http://phpbbconstructor.com/" "Mozilla/4.0 (compatible; MSIE 8.0; Windows NT 5.1; Trident/4.0; .NET CLR 2.0.50727; .NET CLR 3.0.4506.2152; .NET CLR 3.5.30729)" "-"
202.46.59.75 - - [13/Sep/2013:03:18:15 +0400] "GET / HTTP/1.1" 301 184 "-" "Mozilla/4.0 (compatible; MSIE 7.0; Windows NT 6.0)" "-"
221.12.123.202 - - [13/Sep/2013:03:18:18 +0400] "GET / HTTP/1.1" 200 6019 "http://phpbbconstructor.com/" "Mozilla/4.0 (compatible; MSIE 6.0; Windows NT 5.1; SV1;)" "-"
221.12.123.202 - - [13/Sep/2013:03:18:18 +0400] "GET / HTTP/1.1" 200 6019 "http://phpbbconstructor.com/" "Mozilla/4.0 (compatible; MSIE 6.0; Windows NT 5.1; SV1;)" "-"
221.12.123.202 - - [13/Sep/2013:03:18:19 +0400] "GET / HTTP/1.1" 200 6019 "http://phpbbconstructor.com/" "Mozilla/4.0 (compatible; MSIE 6.0; Windows NT 5.1; SV1;)" "-"
221.12.123.202 - - [13/Sep/2013:03:18:19 +0400] "GET / HTTP/1.1" 200 6019 "http://phpbbconstructor.com/" "Mozilla/4.0 (compatible; MSIE 6.0; Windows NT 5.1; SV1;)" "-"
221.12.123.202 - - [13/Sep/2013:03:18:19 +0400] "GET / HTTP/1.1" 200 6019 "http://phpbbconstructor.com/" "Mozilla/4.0 (compatible; MSIE 6.0; Windows NT 5.1; SV1;)" "-"
119.63.193.130 - - [13/Sep/2013:03:19:41 +0400] "GET / HTTP/1.1" 301 184 "-" "Mozilla/4.0 (compatible; MSIE 7.0; Windows NT 6.0)" "-"
89.65.42.33 - - [13/Sep/2013:03:19:56 +0400] "GET /index.php HTTP/1.0" 404 168 "http://phpbbconstructor.com/index.php" "Mozilla/5.0 (Windows; U; Windows NT 5.1; ru; rv:1.9.0.19) Gecko/2010031422 Firefox/3.0.19 YB/3.5.1 (.NET CLR 3.5.30729)" "-"
142.54.182.10 - - [13/Sep/2013:03:20:27 +0400] "GET /viewtopic.php?f=10&t=100026 HTTP/1.0" 404 570 "http://phpbbconstructor.com/viewtopic.php?f=10&t=100026" "Mozilla/5.0 (Windows NT 6.1) AppleWebKit/535.19 (KHTML, like Gecko) Chrome/18.0.1025.1634 Safari/535.19 YE" "-"
142.54.182.10 - - [13/Sep/2013:03:20:27 +0400] "GET / HTTP/1.0" 200 6019 "http://phpbbconstructor.com/" "Mozilla/5.0 (Windows NT 6.1) AppleWebKit/535.19 (KHTML, like Gecko) Chrome/18.0.1025.1634 Safari/535.19 YE" "-"
121.205.213.10 - - [13/Sep/2013:03:20:27 +0400] "GET /ucp.php?mode=register&change_lang=en HTTP/1.1" 404 570 "http://phpbbconstructor.com/" "Mozilla/4.0 (compatible; MSIE 6.0; Windows NT 5.1; SV1;)" "-"
213.180.206.205 - - [13/Sep/2013:03:23:29 +0400] "GET / HTTP/1.1" 200 6019 "-" "Mozilla/5.0 (compatible; YandexMetrika/2.0; +http://yandex.com/bots DEV)" "-"
63.141.250.115 - - [13/Sep/2013:03:24:50 +0400] "GET /viewtopic.php?f=9&t=129816 HTTP/1.0" 404 570 "http://phpbbconstructor.com/viewtopic.php?f=9&t=129816" "Mozilla/5.0 (Windows NT 6.0) AppleWebKit/537.11 (KHTML, like Gecko) Chrome/23.0.1271.64 Safari/537.11" "-"
63.141.250.115 - - [13/Sep/2013:03:24:51 +0400] "GET / HTTP/1.0" 200 6019 "http://phpbbconstructor.com/" "Mozilla/5.0 (Windows NT 6.0) AppleWebKit/537.11 (KHTML, like Gecko) Chrome/23.0.1271.64 Safari/537.11" "-"
142.54.182.10 - - [13/Sep/2013:03:24:52 +0400] "GET /viewtopic.php?f=10&t=100026 HTTP/1.0" 404 570 "http://phpbbconstructor.com/viewtopic.php?f=10&t=100026" "Mozilla/5.0 (Windows NT 6.1) AppleWebKit/536.11 (KHTML, like Gecko) Chrome/20.0.1132.57 Safari/536.11" "-"
142.54.182.10 - - [13/Sep/2013:03:24:52 +0400] "GET / HTTP/1.0" 200 6019 "http://phpbbconstructor.com/" "Mozilla/5.0 (Windows NT 6.1) AppleWebKit/536.11 (KHTML, like Gecko) Chrome/20.0.1132.57 Safari/536.11" "-"
213.180.206.205 - - [13/Sep/2013:03:26:58 +0400] "GET / HTTP/1.1" 200 13704 "-" "Mozilla/5.0 (compatible; YandexMetrika/2.0; +http://yandex.com/bots DEV)" "-"
220.161.101.124 - - [13/Sep/2013:03:27:12 +0400] "GET /ucp.php?mode=register&change_lang=en HTTP/1.1" 404 570 "http://phpbbconstructor.com/" "Mozilla/4.0 (compatible; MSIE 6.0; Windows NT 5.1; SV1;)" "-"
142.54.182.10 - - [13/Sep/2013:03:27:26 +0400] "GET /viewtopic.php?f=10&t=50719&view=unread HTTP/1.0" 404 570 "http://phpbbconstructor.com/viewtopic.php?f=10&t=50719&view=unread#unread" "Mozilla/5.0 (Windows NT 6.0) AppleWebKit/537.11 (KHTML, like Gecko) Chrome/23.0.1271.91 Safari/537.11" "-"
142.54.182.10 - - [13/Sep/2013:03:27:26 +0400] "GET / HTTP/1.0" 200 6019 "http://phpbbconstructor.com/" "Mozilla/5.0 (Windows NT 6.0) AppleWebKit/537.11 (KHTML, like Gecko) Chrome/23.0.1271.91 Safari/537.11" "-"
74.91.24.227 - - [13/Sep/2013:03:28:39 +0400] "GET /viewtopic.php?f=2&t=27578&view=unread HTTP/1.0" 404 168 "http://phpbbconstructor.com/viewtopic.php?f=2&t=27578&view=unread#unread" "Opera/9.80 (Windows NT 6.1; WOW64) Presto/2.12.388 Version/12.11" "-"
74.91.24.227 - - [13/Sep/2013:03:28:39 +0400] "GET / HTTP/1.0" 200 6019 "http://phpbbconstructor.com/" "Opera/9.80 (Windows NT 6.1; WOW64) Presto/2.12.388 Version/12.11" "-"
63.141.250.115 - - [13/Sep/2013:03:29:06 +0400] "GET /viewtopic.php?f=3&t=115164 HTTP/1.0" 404 570 "http://phpbbconstructor.com/viewtopic.php?f=3&t=115164" "Mozilla/5.0 (Windows NT 6.1; WOW64) AppleWebKit/537.11 (KHTML, like Gecko) Chrome/23.0.1271.64 Safari/537.11" "-"
63.141.250.115 - - [13/Sep/2013:03:29:06 +0400] "GET / HTTP/1.0" 200 6019 "http://phpbbconstructor.com/" "Mozilla/5.0 (Windows NT 6.1; WOW64) AppleWebKit/537.11 (KHTML, like Gecko) Chrome/23.0.1271.64 Safari/537.11" "-"
74.91.24.227 - - [13/Sep/2013:03:30:18 +0400] "GET /viewtopic.php?f=2&t=27578&view=unread HTTP/1.0" 404 570 "http://phpbbconstructor.com/viewtopic.php?f=2&t=27578&view=unread#unread" "Mozilla/5.0 (Windows NT 5.1) AppleWebKit/537.4 (KHTML, like Gecko) Chrome/22.0.1229.94 Safari/537.4" "-"
74.91.24.227 - - [13/Sep/2013:03:30:18 +0400] "GET / HTTP/1.0" 200 6019 "http://phpbbconstructor.com/" "Mozilla/5.0 (Windows NT 5.1) AppleWebKit/537.4 (KHTML, like Gecko) Chrome/22.0.1229.94 Safari/537.4" "-"
142.54.182.10 - - [13/Sep/2013:03:30:49 +0400] "GET /viewtopic.php?f=10&t=100026 HTTP/1.0" 404 168 "http://phpbbconstructor.com/viewtopic.php?f=10&t=100026" "Mozilla/5.0 (Windows NT 6.1; WOW64; rv:10.0.2) Gecko/20100101 Firefox/10.0.2" "-"
142.54.182.10 - - [13/Sep/2013:03:30:50 +0400] "GET / HTTP/1.0" 200 6019 "http://phpbbconstructor.com/" "Mozilla/5.0 (Windows NT 6.1; WOW64; rv:10.0.2) Gecko/20100101 Firefox/10.0.2" "-"
142.54.182.10 - - [13/Sep/2013:03:32:00 +0400] "GET /viewtopic.php?f=10&t=50719&view=unread HTTP/1.0" 404 168 "http://phpbbconstructor.com/viewtopic.php?f=10&t=50719&view=unread#unread" "Mozilla/5.0 (Windows NT 5.2; WOW64; rv:16.0) Gecko/20100101 Firefox/16.0" "-"
142.54.182.10 - - [13/Sep/2013:03:32:00 +0400] "GET / HTTP/1.0" 200 6019 "http://phpbbconstructor.com/" "Mozilla/5.0 (Windows NT 5.2; WOW64; rv:16.0) Gecko/20100101 Firefox/16.0" "-"
142.54.184.181 - - [13/Sep/2013:03:36:27 +0400] "GET /viewtopic.php?f=3&t=81409 HTTP/1.0" 404 168 "http://phpbbconstructor.com/viewtopic.php?f=3&t=81409" "Mozilla/5.0 (Windows NT 6.0; rv:16.0) Gecko/20100101 Firefox/16.0" "-"
142.54.184.181 - - [13/Sep/2013:03:36:28 +0400] "GET / HTTP/1.0" 200 6019 "http://phpbbconstructor.com/" "Mozilla/5.0 (Windows NT 6.0; rv:16.0) Gecko/20100101 Firefox/16.0" "-"
142.54.184.181 - - [13/Sep/2013:03:36:36 +0400] "GET /viewtopic.php?f=3&t=81409 HTTP/1.0" 404 168 "http://phpbbconstructor.com/viewtopic.php?f=3&t=81409" "Mozilla/5.0 (Windows NT 5.2; rv:16.0) Gecko/20100101 Firefox/16.0" "-"
142.54.184.181 - - [13/Sep/2013:03:36:37 +0400] "GET / HTTP/1.0" 200 6019 "http://phpbbconstructor.com/" "Mozilla/5.0 (Windows NT 5.2; rv:16.0) Gecko/20100101 Firefox/16.0" "-"
142.54.182.10 - - [13/Sep/2013:03:37:58 +0400] "GET /viewtopic.php?f=10&t=50719&view=unread HTTP/1.0" 404 168 "http://phpbbconstructor.com/viewtopic.php?f=10&t=50719&view=unread#unread" "Mozilla/5.0 (Windows NT 6.0; rv:17.0) Gecko/17.0 Firefox/17.0" "-"
142.54.182.10 - - [13/Sep/2013:03:37:58 +0400] "GET / HTTP/1.0" 200 6019 "http://phpbbconstructor.com/" "Mozilla/5.0 (Windows NT 6.0; rv:17.0) Gecko/17.0 Firefox/17.0" "-"
192.187.118.172 - - [13/Sep/2013:03:38:44 +0400] "GET /viewtopic.php?f=2&t=27578&view=unread HTTP/1.0" 404 168 "http://phpbbconstructor.com/viewtopic.php?f=2&t=27578&view=unread#unread" "Opera/9.80 (Windows NT 5.1; Edition Yx) Presto/2.12.388 Version/12.10" "-"
192.187.118.172 - - [13/Sep/2013:03:38:45 +0400] "GET / HTTP/1.0" 200 6019 "http://phpbbconstructor.com/" "Opera/9.80 (Windows NT 5.1; Edition Yx) Presto/2.12.388 Version/12.10" "-"
142.54.184.181 - - [13/Sep/2013:03:40:34 +0400] "GET /viewtopic.php?f=9&t=129816 HTTP/1.0" 404 570 "http://phpbbconstructor.com/viewtopic.php?f=9&t=129816" "Mozilla/5.0 (Windows NT 5.1) AppleWebKit/537.4 (KHTML, like Gecko) Chrome/22.0.1229.94 Safari/537.4" "-"
142.54.184.181 - - [13/Sep/2013:03:40:34 +0400] "GET / HTTP/1.0" 200 6019 "http://phpbbconstructor.com/" "Mozilla/5.0 (Windows NT 5.1) AppleWebKit/537.4 (KHTML, like Gecko) Chrome/22.0.1229.94 Safari/537.4" "-"
110.85.68.129 - - [13/Sep/2013:03:41:56 +0400] "GET / HTTP/1.0" 200 6019 "http://phpbbconstructor.com/" "Mozilla/5.0 (compatible; MSIE 9.0; Windows NT 6.1; WOW64; Trident/5.0)" "-"
176.36.95.134 - - [13/Sep/2013:03:41:59 +0400] "GET / HTTP/1.0" 200 13704 "http://pastemark.ru/" "Mozilla/5.0 (Windows NT 5.1; rv:11.0) Gecko/20100101 Firefox/11.0" "-"
176.36.95.134 - - [13/Sep/2013:03:42:00 +0400] "POST / HTTP/1.0" 405 172 "http://pastemark.ru/" "Mozilla/5.0 (Windows NT 5.1; rv:11.0) Gecko/20100101 Firefox/11.0" "-"
192.187.118.172 - - [13/Sep/2013:03:42:49 +0400] "GET /viewtopic.php?f=2&t=27578&view=unread HTTP/1.0" 404 570 "http://phpbbconstructor.com/viewtopic.php?f=2&t=27578&view=unread#unread" "Mozilla/5.0 (Windows NT 5.1) AppleWebKit/537.11 (KHTML, like Gecko) Chrome/23.0.1271.95 Safari/537.11" "-"
192.187.118.172 - - [13/Sep/2013:03:42:49 +0400] "GET / HTTP/1.0" 200 6019 "http://phpbbconstructor.com/" "Mozilla/5.0 (Windows NT 5.1) AppleWebKit/537.11 (KHTML, like Gecko) Chrome/23.0.1271.95 Safari/537.11" "-"
142.54.184.181 - - [13/Sep/2013:03:43:19 +0400] "GET /viewtopic.php?f=3&t=115164 HTTP/1.0" 404 570 "http://phpbbconstructor.com/viewtopic.php?f=3&t=115164" "Mozilla/5.0 (Windows NT 6.1) AppleWebKit/537.11 (KHTML, like Gecko) Chrome/23.0.1271.64 Safari/537.11" "-"
142.54.184.181 - - [13/Sep/2013:03:43:19 +0400] "GET / HTTP/1.0" 200 6019 "http://phpbbconstructor.com/" "Mozilla/5.0 (Windows NT 6.1) AppleWebKit/537.11 (KHTML, like Gecko) Chrome/23.0.1271.64 Safari/537.11" "-"
142.54.184.181 - - [13/Sep/2013:03:43:33 +0400] "GET /viewtopic.php?f=3&t=81409 HTTP/1.0" 404 570 "http://phpbbconstructor.com/viewtopic.php?f=3&t=81409" "Mozilla/5.0 (Windows NT 6.1; WOW64) AppleWebKit/535.12 (KHTML, like Gecko) Maxthon/3.0 Chrome/18.0.966.0 Safari/535.12" "-"
142.54.184.181 - - [13/Sep/2013:03:43:33 +0400] "GET / HTTP/1.0" 200 6019 "http://phpbbconstructor.com/" "Mozilla/5.0 (Windows NT 6.1; WOW64) AppleWebKit/535.12 (KHTML, like Gecko) Maxthon/3.0 Chrome/18.0.966.0 Safari/535.12" "-"
91.207.5.66 - - [13/Sep/2013:03:43:40 +0400] "GET /index.php HTTP/1.0" 404 570 "http://phpbbconstructor.com/index.php" "Mozilla/5.0 (Windows NT 6.1; WOW64) AppleWebKit/536.5 (KHTML, like Gecko) YaBrowser/1.1.1084.5409 Chrome/19.1.1084.5409 Safari/536.5" "-"
142.54.184.181 - - [13/Sep/2013:03:43:47 +0400] "GET /viewtopic.php?f=3&t=81409 HTTP/1.0" 404 570 "http://phpbbconstructor.com/viewtopic.php?f=3&t=81409" "Mozilla/5.0 (Windows NT 5.1) AppleWebKit/537.19 (KHTML, like Gecko) Chrome/25.0.1323.1 Safari/537.19" "-"
142.54.184.181 - - [13/Sep/2013:03:43:47 +0400] "GET / HTTP/1.0" 200 6019 "http://phpbbconstructor.com/" "Mozilla/5.0 (Windows NT 5.1) AppleWebKit/537.19 (KHTML, like Gecko) Chrome/25.0.1323.1 Safari/537.19" "-"
142.54.184.181 - - [13/Sep/2013:03:44:16 +0400] "GET /viewtopic.php?f=3&t=81409 HTTP/1.0" 404 168 "http://phpbbconstructor.com/viewtopic.php?f=3&t=81409" "Opera/9.80 (Windows NT 6.1; Edition Yx) Presto/2.12.388 Version/12.11" "-"
142.54.184.181 - - [13/Sep/2013:03:44:16 +0400] "GET / HTTP/1.0" 200 6019 "http://phpbbconstructor.com/" "Opera/9.80 (Windows NT 6.1; Edition Yx) Presto/2.12.388 Version/12.11" "-"
213.180.206.197 - - [13/Sep/2013:03:44:17 +0400] "GET / HTTP/1.1" 200 6019 "-" "Mozilla/5.0 (compatible; YandexMetrika/2.0; +http://yandex.com/bots mon2)" "-"
192.187.118.172 - - [13/Sep/2013:03:44:30 +0400] "GET /viewtopic.php?f=2&t=27578&view=unread HTTP/1.0" 404 168 "http://phpbbconstructor.com/viewtopic.php?f=2&t=27578&view=unread#unread" "Opera/9.80 (Windows NT 5.1; Edition Yx) Presto/2.12.388 Version/12.11" "-"
192.187.118.172 - - [13/Sep/2013:03:44:31 +0400] "GET / HTTP/1.0" 200 6019 "http://phpbbconstructor.com/" "Opera/9.80 (Windows NT 5.1; Edition Yx) Presto/2.12.388 Version/12.11" "-"
192.187.118.172 - - [13/Sep/2013:03:47:50 +0400] "GET /viewtopic.php?f=2&t=27578&view=unread HTTP/1.0" 404 570 "http://phpbbconstructor.com/viewtopic.php?f=2&t=27578&view=unread#unread" "Mozilla/5.0 (Windows NT 6.1; WOW64) AppleWebKit/537.1 (KHTML, like Gecko) Chrome/21.0.1180.89 Safari/537.1" "-"
192.187.118.172 - - [13/Sep/2013:03:47:50 +0400] "GET / HTTP/1.0" 200 6019 "http://phpbbconstructor.com/" "Mozilla/5.0 (Windows NT 6.1; WOW64) AppleWebKit/537.1 (KHTML, like Gecko) Chrome/21.0.1180.89 Safari/537.1" "-"
74.91.24.227 - - [13/Sep/2013:03:48:06 +0400] "GET /viewtopic.php?f=2&t=42755&view=unread HTTP/1.0" 404 570 "http://phpbbconstructor.com/viewtopic.php?f=2&t=42755&view=unread#unread" "Mozilla/4.0 (compatible; MSIE 6.0; Windows NT 5.2; SV1; .NET CLR 1.1.4322)" "-"
74.91.24.227 - - [13/Sep/2013:03:48:06 +0400] "GET / HTTP/1.0" 200 6019 "http://phpbbconstructor.com/" "Mozilla/4.0 (compatible; MSIE 6.0; Windows NT 5.2; SV1; .NET CLR 1.1.4322)" "-"
192.187.118.172 - - [13/Sep/2013:03:48:27 +0400] "GET /viewtopic.php?f=2&t=27578&view=unread HTTP/1.0" 404 168 "http://phpbbconstructor.com/viewtopic.php?f=2&t=27578&view=unread#unread" "Mozilla/5.0 (Windows NT 6.1; WOW64; rv:17.0) Gecko/20100101 Firefox/17.0" "-"
192.187.118.172 - - [13/Sep/2013:03:48:27 +0400] "GET / HTTP/1.0" 200 6019 "http://phpbbconstructor.com/" "Mozilla/5.0 (Windows NT 6.1; WOW64; rv:17.0) Gecko/20100101 Firefox/17.0" "-"
74.91.24.227 - - [13/Sep/2013:03:50:11 +0400] "GET /viewtopic.php?f=2&t=42755&view=unread HTTP/1.0" 404 570 "http://phpbbconstructor.com/viewtopic.php?f=2&t=42755&view=unread#unread" "Mozilla/5.0 (Windows; U; Windows NT 5.1; en-US) AppleWebKit/534.16 (KHTML, like Gecko) Chrome/10.0.648.204 Safari/534.16" "-"
74.91.24.227 - - [13/Sep/2013:03:50:11 +0400] "GET / HTTP/1.0" 200 6019 "http://phpbbconstructor.com/" "Mozilla/5.0 (Windows; U; Windows NT 5.1; en-US) AppleWebKit/534.16 (KHTML, like Gecko) Chrome/10.0.648.204 Safari/534.16" "-"
27.159.200.113 - - [13/Sep/2013:03:50:53 +0400] "GET /ucp.php?mode=register&change_lang=en HTTP/1.1" 404 570 "http://phpbbconstructor.com/" "Mozilla/4.0 (compatible; MSIE 6.0; Windows NT 5.1; SV1;)" "-"
175.44.7.53 - - [13/Sep/2013:03:52:55 +0400] "GET /ucp.php?mode=login HTTP/1.1" 404 570 "http://phpbbconstructor.com/" "Mozilla/4.0 (compatible; MSIE 6.0; Windows NT 5.1; SV1;)" "-"
110.89.8.248 - - [13/Sep/2013:03:53:22 +0400] "GET / HTTP/1.0" 200 6019 "http://phpbbconstructor.com/" "Mozilla/5.0 (Windows NT 6.1; WOW64; rv:10.0.2) Gecko/20100101 Firefox/10.0.2" "-"
74.91.24.227 - - [13/Sep/2013:03:53:34 +0400] "GET /viewtopic.php?f=2&t=27578&view=unread HTTP/1.0" 404 570 "http://phpbbconstructor.com/viewtopic.php?f=2&t=27578&view=unread#unread" "Mozilla/5.0 (Windows NT 5.1) AppleWebKit/536.11 (KHTML, like Gecko) Chrome/20.0.1132.57 Safari/536.11" "-"
74.91.24.227 - - [13/Sep/2013:03:53:34 +0400] "GET / HTTP/1.0" 200 6019 "http://phpbbconstructor.com/" "Mozilla/5.0 (Windows NT 5.1) AppleWebKit/536.11 (KHTML, like Gecko) Chrome/20.0.1132.57 Safari/536.11" "-"
123.125.71.17 - - [13/Sep/2013:03:54:09 +0400] "GET / HTTP/1.1" 200 6019 "-" "Mozilla/5.0 (compatible; Baiduspider/2.0; +http://www.baidu.com/search/spider.html)" "-"
220.181.108.119 - - [13/Sep/2013:03:55:36 +0400] "GET / HTTP/1.1" 200 6019 "-" "Mozilla/5.0 (compatible; Baiduspider/2.0; +http://www.baidu.com/search/spider.html)" "-"
74.91.24.227 - - [13/Sep/2013:03:55:52 +0400] "GET /viewtopic.php?f=2&t=27578&view=unread HTTP/1.0" 404 570 "http://phpbbconstructor.com/viewtopic.php?f=2&t=27578&view=unread#unread" "Mozilla/5.0 (compatible; MSIE 9.0; Windows NT 6.1; WOW64; Trident/5.0)" "-"
74.91.24.227 - - [13/Sep/2013:03:55:52 +0400] "GET /viewtopic.php?f=2&t=27578&view=unread HTTP/1.0" 404 570 "http://phpbbconstructor.com/viewtopic.php?f=2&t=27578&view=unread#unread" "Mozilla/5.0 (Windows NT 5.1) AppleWebKit/537.4 (KHTML, like Gecko) Chrome/22.0.1229.94 Safari/537.4" "-"
74.91.24.227 - - [13/Sep/2013:03:55:52 +0400] "GET / HTTP/1.0" 200 6019 "http://phpbbconstructor.com/" "Mozilla/5.0 (compatible; MSIE 9.0; Windows NT 6.1; WOW64; Trident/5.0)" "-"
74.91.24.227 - - [13/Sep/2013:03:55:52 +0400] "GET / HTTP/1.0" 200 6019 "http://phpbbconstructor.com/" "Mozilla/5.0 (Windows NT 5.1) AppleWebKit/537.4 (KHTML, like Gecko) Chrome/22.0.1229.94 Safari/537.4" "-"
192.187.118.172 - - [13/Sep/2013:03:58:35 +0400] "GET /viewtopic.php?f=2&t=42755&view=unread HTTP/1.0" 404 570 "http://phpbbconstructor.com/viewtopic.php?f=2&t=42755&view=unread#unread" "Mozilla/5.0 (Windows NT 6.1; WOW64) AppleWebKit/535.19 (KHTML, like Gecko) Chrome/18.0.1025.1634 Safari/535.19 YI" "-"
192.187.118.172 - - [13/Sep/2013:03:58:35 +0400] "GET / HTTP/1.0" 200 6019 "http://phpbbconstructor.com/" "Mozilla/5.0 (Windows NT 6.1; WOW64) AppleWebKit/535.19 (KHTML, like Gecko) Chrome/18.0.1025.1634 Safari/535.19 YI" "-"
175.44.7.53 - - [13/Sep/2013:04:00:40 +0400] "GET /ucp.php?mode=login HTTP/1.1" 404 570 "http://phpbbconstructor.com/" "Mozilla/4.0 (compatible; MSIE 6.0; Windows NT 5.1; SV1;)" "-"
192.187.118.172 - - [13/Sep/2013:04:01:48 +0400] "GET /viewtopic.php?f=2&t=42755&view=unread HTTP/1.0" 404 168 "http://phpbbconstructor.com/viewtopic.php?f=2&t=42755&view=unread#unread" "Opera/9.80 (Windows NT 5.1; U; Edition Yx; ru) Presto/2.10.289 Version/12.02" "-"
192.187.118.172 - - [13/Sep/2013:04:01:48 +0400] "GET / HTTP/1.0" 200 6019 "http://phpbbconstructor.com/" "Opera/9.80 (Windows NT 5.1; U; Edition Yx; ru) Presto/2.10.289 Version/12.02" "-"
74.91.24.227 - - [13/Sep/2013:04:02:04 +0400] "GET /viewtopic.php?f=10&t=100026 HTTP/1.0" 404 570 "http://phpbbconstructor.com/viewtopic.php?f=10&t=100026" "Mozilla/5.0 (Macintosh; Intel Mac OS X 10_8_2) AppleWebKit/537.11 (KHTML, like Gecko) Chrome/23.0.1271.91 Safari/537.11" "-"
74.91.24.227 - - [13/Sep/2013:04:02:04 +0400] "GET / HTTP/1.0" 200 6019 "http://phpbbconstructor.com/" "Mozilla/5.0 (Macintosh; Intel Mac OS X 10_8_2) AppleWebKit/537.11 (KHTML, like Gecko) Chrome/23.0.1271.91 Safari/537.11" "-"
63.141.233.147 - - [13/Sep/2013:04:03:06 +0400] "GET /viewtopic.php?f=10&t=104379 HTTP/1.0" 404 570 "http://phpbbconstructor.com/viewtopic.php?f=10&t=104379" "Mozilla/5.0 (Windows NT 6.2; WOW64) AppleWebKit/537.11 (KHTML, like Gecko) Chrome/23.0.1271.95 Safari/537.11" "-"
63.141.233.147 - - [13/Sep/2013:04:03:06 +0400] "GET / HTTP/1.0" 200 6019 "http://phpbbconstructor.com/" "Mozilla/5.0 (Windows NT 6.2; WOW64) AppleWebKit/537.11 (KHTML, like Gecko) Chrome/23.0.1271.95 Safari/537.11" "-"
74.91.24.227 - - [13/Sep/2013:04:04:12 +0400] "GET /viewtopic.php?f=10&t=100026 HTTP/1.0" 404 570 "http://phpbbconstructor.com/viewtopic.php?f=10&t=100026" "Mozilla/5.0 (Windows NT 6.1) AppleWebKit/537.4 (KHTML, like Gecko) Chrome/22.0.1229.79 Safari/537.4 u01-09" "-"
74.91.24.227 - - [13/Sep/2013:04:04:12 +0400] "GET / HTTP/1.0" 200 6019 "http://phpbbconstructor.com/" "Mozilla/5.0 (Windows NT 6.1) AppleWebKit/537.4 (KHTML, like Gecko) Chrome/22.0.1229.79 Safari/537.4 u01-09" "-"
192.187.118.172 - - [13/Sep/2013:04:04:51 +0400] "GET /viewtopic.php?f=2&t=42755&view=unread HTTP/1.0" 404 570 "http://phpbbconstructor.com/viewtopic.php?f=2&t=42755&view=unread#unread" "Mozilla/5.0 (Windows NT 5.1) AppleWebKit/537.19 (KHTML, like Gecko) Chrome/25.0.1323.1 Safari/537.19" "-"
192.187.118.172 - - [13/Sep/2013:04:04:51 +0400] "GET / HTTP/1.0" 200 6019 "http://phpbbconstructor.com/" "Mozilla/5.0 (Windows NT 5.1) AppleWebKit/537.19 (KHTML, like Gecko) Chrome/25.0.1323.1 Safari/537.19" "-"
46.118.121.54 - - [13/Sep/2013:04:06:10 +0400] "GET /index.php HTTP/1.0" 404 168 "http://phpbbconstructor.com/index.php" "Opera/9.80 (Windows NT 6.1; U; YB/3.5.1; ru) Presto/2.6.30 Version/10.63" "-"
89.65.42.33 - - [13/Sep/2013:04:07:39 +0400] "GET /index.php HTTP/1.0" 404 570 "http://phpbbconstructor.com/index.php" "Mozilla/5.0 (Windows; U; Windows NT 5.1; en-US) AppleWebKit/534.16 (KHTML, like Gecko) Chrome/10.0.648.204 Safari/534.16" "-"
112.111.160.94 - - [13/Sep/2013:04:07:41 +0400] "GET /viewtopic.php?f=10&t=25545&view=unread HTTP/1.1" 404 570 "-" "Mozilla/4.0   (compatible;   MSIE   7.0;   Windows   NT   5.1;   SV1;   Maxthon;   .NET   CLR   2.0.50727;   .NET   CLR   3.0.04506.30)" "-"
192.187.118.172 - - [13/Sep/2013:04:08:15 +0400] "GET /viewtopic.php?f=2&t=42755&view=unread HTTP/1.0" 404 168 "http://phpbbconstructor.com/viewtopic.php?f=2&t=42755&view=unread#unread" "Mozilla/5.0 (Windows NT 5.2; rv:12.0) Gecko/20100101 Firefox/12.0" "-"
192.187.118.172 - - [13/Sep/2013:04:08:16 +0400] "GET / HTTP/1.0" 200 6019 "http://phpbbconstructor.com/" "Mozilla/5.0 (Windows NT 5.2; rv:12.0) Gecko/20100101 Firefox/12.0" "-"
192.187.118.172 - - [13/Sep/2013:04:08:25 +0400] "GET /viewtopic.php?f=2&t=42755&view=unread HTTP/1.0" 404 168 "http://phpbbconstructor.com/viewtopic.php?f=2&t=42755&view=unread#unread" "Mozilla/5.0 (Windows NT 6.1; rv:12.0) Gecko/20100101 Firefox/12.0" "-"
192.187.118.172 - - [13/Sep/2013:04:08:25 +0400] "GET / HTTP/1.0" 200 6019 "http://phpbbconstructor.com/" "Mozilla/5.0 (Windows NT 6.1; rv:12.0) Gecko/20100101 Firefox/12.0" "-"
74.91.24.227 - - [13/Sep/2013:04:08:55 +0400] "GET /viewtopic.php?f=10&t=50719&view=unread HTTP/1.0" 404 168 "http://phpbbconstructor.com/viewtopic.php?f=10&t=50719&view=unread#unread" "Mozilla/5.0 (Windows NT 5.1; rv:11.0) Gecko/20100101 Firefox/11.0" "-"
74.91.24.227 - - [13/Sep/2013:04:08:55 +0400] "GET / HTTP/1.0" 200 6019 "http://phpbbconstructor.com/" "Mozilla/5.0 (Windows NT 5.1; rv:11.0) Gecko/20100101 Firefox/11.0" "-"
192.187.118.146 - - [13/Sep/2013:04:09:12 +0400] "GET /viewtopic.php?f=3&t=115164 HTTP/1.0" 404 570 "http://phpbbconstructor.com/viewtopic.php?f=3&t=115164" "Mozilla/4.0 (compatible; MSIE 7.0; Windows NT 5.1; Trident/4.0)" "-"
192.187.118.146 - - [13/Sep/2013:04:09:13 +0400] "GET / HTTP/1.0" 200 6019 "http://phpbbconstructor.com/" "Mozilla/4.0 (compatible; MSIE 7.0; Windows NT 5.1; Trident/4.0)" "-"
74.91.24.227 - - [13/Sep/2013:04:10:55 +0400] "GET /viewtopic.php?f=10&t=50719&view=unread HTTP/1.0" 404 570 "http://phpbbconstructor.com/viewtopic.php?f=10&t=50719&view=unread#unread" "Mozilla/5.0 (Windows; U; Windows NT 6.1; en-US) AppleWebKit/533.4 (KHTML, like Gecko) Iron/5.0.381.0 Chrome/5.0.381 Safari/533.4" "-"
74.91.24.227 - - [13/Sep/2013:04:10:55 +0400] "GET / HTTP/1.0" 200 6019 "http://phpbbconstructor.com/" "Mozilla/5.0 (Windows; U; Windows NT 6.1; en-US) AppleWebKit/533.4 (KHTML, like Gecko) Iron/5.0.381.0 Chrome/5.0.381 Safari/533.4" "-"
110.86.163.41 - - [13/Sep/2013:04:11:18 +0400] "GET /viewtopic.php?f=2&t=40364&view=unread HTTP/1.1" 404 570 "-" "Mozilla/4.0 (compatible; MSIE 6.0; Windows NT 5.1; SV1)" "-"
123.11.5.119 - - [13/Sep/2013:04:12:25 +0400] "GET /viewtopic.php?f=9&t=46532 HTTP/1.1" 404 570 "http://phpbbconstructor.com/" "Mozilla/5.0 (Windows NT 6.1) AppleWebKit/537.36 (KHTML, like Gecko) Chrome/28.0.1500.72 Safari/537.36" "-"
192.187.118.172 - - [13/Sep/2013:04:12:27 +0400] "GET /viewtopic.php?f=10&t=100026 HTTP/1.0" 404 168 "http://phpbbconstructor.com/viewtopic.php?f=10&t=100026" "Mozilla/5.0 (Windows NT 6.1; WOW64; rv:12.0) Gecko/20100101 Firefox/12.0" "-"
192.187.118.172 - - [13/Sep/2013:04:12:27 +0400] "GET / HTTP/1.0" 200 6019 "http://phpbbconstructor.com/" "Mozilla/5.0 (Windows NT 6.1; WOW64; rv:12.0) Gecko/20100101 Firefox/12.0" "-"
116.212.110.133 - - [13/Sep/2013:04:12:56 +0400] "GET / HTTP/1.0" 200 6019 "http://phpbbconstructor.com/" "Mozilla/5.0 (Windows NT 5.1; rv:13.0) Gecko/20100101 Firefox/13.0.1" "175.44.7.150"
74.91.24.227 - - [13/Sep/2013:04:13:17 +0400] "GET /viewtopic.php?f=2&t=42755&view=unread HTTP/1.0" 404 168 "http://phpbbconstructor.com/viewtopic.php?f=2&t=42755&view=unread#unread" "Opera/9.80 (Windows NT 6.1; WOW64; MRA 6.0 (build 5976)) Presto/2.12.388 Version/12.11" "-"
74.91.24.227 - - [13/Sep/2013:04:13:17 +0400] "GET / HTTP/1.0" 200 6019 "http://phpbbconstructor.com/" "Opera/9.80 (Windows NT 6.1; WOW64; MRA 6.0 (build 5976)) Presto/2.12.388 Version/12.11" "-"
208.115.111.69 - - [13/Sep/2013:04:13:56 +0400] "GET /robots.txt HTTP/1.1" 404 168 "-" "Mozilla/5.0 (compatible; Ezooms/1.0; ezooms.bot@gmail.com)" "-"
74.91.24.227 - - [13/Sep/2013:04:15:14 +0400] "GET /viewtopic.php?f=2&t=42755&view=unread HTTP/1.0" 404 570 "http://phpbbconstructor.com/viewtopic.php?f=2&t=42755&view=unread#unread" "Mozilla/5.0 (Windows NT 6.1) AppleWebKit/536.5 (KHTML, like Gecko) YaBrowser/1.1.1084.5409 Chrome/19.1.1084.5409 Safari/536.5" "-"
74.91.24.227 - - [13/Sep/2013:04:15:14 +0400] "GET / HTTP/1.0" 200 6019 "http://phpbbconstructor.com/" "Mozilla/5.0 (Windows NT 6.1) AppleWebKit/536.5 (KHTML, like Gecko) YaBrowser/1.1.1084.5409 Chrome/19.1.1084.5409 Safari/536.5" "-"
192.187.118.172 - - [13/Sep/2013:04:15:22 +0400] "GET /viewtopic.php?f=10&t=100026 HTTP/1.0" 404 168 "http://phpbbconstructor.com/viewtopic.php?f=10&t=100026" "Opera/9.80 (Windows NT 6.1; WOW64; Edition Yx) Presto/2.12.388 Version/12.10" "-"
192.187.118.172 - - [13/Sep/2013:04:15:22 +0400] "GET / HTTP/1.0" 200 6019 "http://phpbbconstructor.com/" "Opera/9.80 (Windows NT 6.1; WOW64; Edition Yx) Presto/2.12.388 Version/12.10" "-"
110.89.26.4 - - [13/Sep/2013:04:16:01 +0400] "GET /ucp.php?mode=register&change_lang=en HTTP/1.1" 404 570 "http://phpbbconstructor.com/" "Mozilla/4.0 (compatible; MSIE 6.0; Windows NT 5.1; SV1;)" "-"
117.25.95.63 - - [13/Sep/2013:04:16:35 +0400] "GET /ucp.php?mode=register&change_lang=en HTTP/1.1" 404 570 "http://phpbbconstructor.com/" "Mozilla/4.0 (compatible; MSIE 6.0; Windows NT 5.1; SV1;)" "-"
74.91.24.227 - - [13/Sep/2013:04:17:09 +0400] "GET /viewtopic.php?f=2&t=42755&view=unread HTTP/1.0" 404 168 "http://phpbbconstructor.com/viewtopic.php?f=2&t=42755&view=unread#unread" "Opera/9.80 (Windows NT 5.1; Edition Yx) Presto/2.12.388 Version/12.10" "-"
74.91.24.227 - - [13/Sep/2013:04:17:09 +0400] "GET / HTTP/1.0" 200 6019 "http://phpbbconstructor.com/" "Opera/9.80 (Windows NT 5.1; Edition Yx) Presto/2.12.388 Version/12.10" "-"
222.77.214.212 - - [13/Sep/2013:04:17:17 +0400] "GET /ucp.php?mode=login HTTP/1.1" 404 570 "http://phpbbconstructor.com/" "Mozilla/4.0 (compatible; MSIE 6.0; Windows NT 5.1; SV1;)" "-"
222.187.222.122 - - [13/Sep/2013:04:17:49 +0400] "GET /viewtopic.php?f=3&t=58038&view=unread HTTP/1.1" 404 570 "-" "Mozilla/4.0 (compatible; MSIE 6.0; Windows NT 5.1; SV1)" "-"
66.249.73.218 - - [13/Sep/2013:04:18:39 +0400] "GET /robots.txt HTTP/1.1" 404 168 "-" "Mozilla/5.0 (compatible; Googlebot/2.1; +http://www.google.com/bot.html)" "-"
192.187.118.172 - - [13/Sep/2013:04:19:19 +0400] "GET /viewtopic.php?f=10&t=100026 HTTP/1.0" 404 168 "http://phpbbconstructor.com/viewtopic.php?f=10&t=100026" "Opera/9.80 (Windows NT 6.1) Presto/2.12.388 Version/12.10" "-"
192.187.118.172 - - [13/Sep/2013:04:19:19 +0400] "GET / HTTP/1.0" 200 6019 "http://phpbbconstructor.com/" "Opera/9.80 (Windows NT 6.1) Presto/2.12.388 Version/12.10" "-"
192.187.118.172 - - [13/Sep/2013:04:19:24 +0400] "GET /viewtopic.php?f=10&t=50719&view=unread HTTP/1.0" 404 570 "http://phpbbconstructor.com/viewtopic.php?f=10&t=50719&view=unread#unread" "Mozilla/4.0 (compatible; MSIE 8.0; Windows NT 5.1; Trident/4.0; MRA 6.0 (build 5993); MRA 8.0 (build 5784); InfoPath.2)" "-"
192.187.118.172 - - [13/Sep/2013:04:19:24 +0400] "GET / HTTP/1.0" 200 6019 "http://phpbbconstructor.com/" "Mozilla/4.0 (compatible; MSIE 8.0; Windows NT 5.1; Trident/4.0; MRA 6.0 (build 5993); MRA 8.0 (build 5784); InfoPath.2)" "-"
