192.187.118.146 - - [13/Sep/2013:05:27:10 +0400] "GET /viewtopic.php?f=9&t=129816 HTTP/1.0" 404 570 "http://phpbbconstructor.com/viewtopic.php?f=9&t=129816" "Mozilla/5.0 (Windows NT 6.0; WOW64) AppleWebKit/537.11 (KHTML, like Gecko) Chrome/23.0.1271.64 Safari/537.11" "-"
192.187.118.146 - - [13/Sep/2013:05:27:10 +0400] "GET / HTTP/1.0" 200 6019 "http://phpbbconstructor.com/" "Mozilla/5.0 (Windows NT 6.0; WOW64) AppleWebKit/537.11 (KHTML, like Gecko) Chrome/23.0.1271.64 Safari/537.11" "-"
142.54.184.181 - - [13/Sep/2013:05:27:41 +0400] "GET /viewtopic.php?f=10&t=97229 HTTP/1.0" 404 570 "http://phpbbconstructor.com/viewtopic.php?f=10&t=97229" "Mozilla/5.0 (Windows NT 5.1) AppleWebKit/536.11 (KHTML, like Gecko) Chrome/20.0.1132.57 Safari/536.11" "-"
142.54.184.181 - - [13/Sep/2013:05:27:41 +0400] "GET / HTTP/1.0" 200 6019 "http://phpbbconstructor.com/" "Mozilla/5.0 (Windows NT 5.1) AppleWebKit/536.11 (KHTML, like Gecko) Chrome/20.0.1132.57 Safari/536.11" "-"
142.54.184.181 - - [13/Sep/2013:05:28:33 +0400] "GET /viewtopic.php?f=10&t=97229 HTTP/1.0" 404 168 "http://phpbbconstructor.com/viewtopic.php?f=10&t=97229" "Opera/9.80 (Windows NT 5.1; U; ru) Presto/2.10.289 Version/12.02" "-"
142.54.184.181 - - [13/Sep/2013:05:28:33 +0400] "GET / HTTP/1.0" 200 6019 "http://phpbbconstructor.com/" "Opera/9.80 (Windows NT 5.1; U; ru) Presto/2.10.289 Version/12.02" "-"
117.26.84.35 - - [13/Sep/2013:05:29:31 +0400] "GET /ucp.php?mode=login HTTP/1.1" 404 570 "http://phpbbconstructor.com/" "Mozilla/4.0 (compatible; MSIE 6.0; Windows NT 5.1; SV1;)" "-"
142.54.184.181 - - [13/Sep/2013:05:30:25 +0400] "GET /viewtopic.php?f=10&t=97229 HTTP/1.0" 404 168 "http://phpbbconstructor.com/viewtopic.php?f=10&t=97229" "Opera/9.80 (Windows NT 5.1) Presto/2.12.388 Version/12.11" "-"
142.54.184.181 - - [13/Sep/2013:05:30:25 +0400] "GET / HTTP/1.0" 200 6019 "http://phpbbconstructor.com/" "Opera/9.80 (Windows NT 5.1) Presto/2.12.388 Version/12.11" "-"
5.10.83.31 - - [13/Sep/2013:05:30:51 +0400] "GET /viewtopic.php?f=10&t=28630&view=unread HTTP/1.1" 404 168 "-" "Mozilla/5.0 (compatible; AhrefsBot/5.0; +http://ahrefs.com/robot/)" "-"
5.10.83.52 - - [13/Sep/2013:05:30:57 +0400] "GET /viewtopic.php?f=3&t=43035&view=unread HTTP/1.1" 404 168 "-" "Mozilla/5.0 (compatible; AhrefsBot/5.0; +http://ahrefs.com/robot/)" "-"
5.10.83.86 - - [13/Sep/2013:05:31:48 +0400] "GET /viewtopic.php?f=3&t=130948 HTTP/1.1" 404 168 "-" "Mozilla/5.0 (compatible; AhrefsBot/5.0; +http://ahrefs.com/robot/)" "-"
5.10.83.86 - - [13/Sep/2013:05:32:51 +0400] "GET /viewtopic.php?f=2&t=31200&view=unread HTTP/1.1" 404 168 "-" "Mozilla/5.0 (compatible; AhrefsBot/5.0; +http://ahrefs.com/robot/)" "-"
110.86.163.41 - - [13/Sep/2013:05:34:15 +0400] "GET /viewtopic.php?f=2&t=40364&view=unread HTTP/1.1" 404 570 "-" "Mozilla/4.0 (compatible; MSIE 6.0; Windows NT 5.1; SV1)" "-"
5.10.83.45 - - [13/Sep/2013:05:34:33 +0400] "GET /viewtopic.php?f=2&t=42486 HTTP/1.1" 404 168 "-" "Mozilla/5.0 (compatible; AhrefsBot/5.0; +http://ahrefs.com/robot/)" "-"
91.207.7.21 - - [13/Sep/2013:05:34:36 +0400] "GET /viewtopic.php?f=3&t=125419 HTTP/1.0" 404 570 "http://phpbbconstructor.com/viewtopic.php?f=3&t=125419" "Mozilla/5.0 (Windows NT 6.1) AppleWebKit/537.11 (KHTML, like Gecko) Chrome/23.0.1271.95 Safari/537.11" "-"
5.10.83.52 - - [13/Sep/2013:05:34:38 +0400] "GET /viewtopic.php?f=10&t=76874 HTTP/1.1" 404 168 "-" "Mozilla/5.0 (compatible; AhrefsBot/5.0; +http://ahrefs.com/robot/)" "-"
91.207.7.21 - - [13/Sep/2013:05:34:54 +0400] "GET /viewtopic.php?f=3&t=125419 HTTP/1.0" 404 570 "http://phpbbconstructor.com/viewtopic.php?f=3&t=125419" "Mozilla/5.0 (Windows NT 6.1) AppleWebKit/537.11 (KHTML, like Gecko) Chrome/23.0.1271.95 Safari/537.11" "-"
91.207.7.21 - - [13/Sep/2013:05:34:54 +0400] "GET /viewtopic.php?f=3&t=125419 HTTP/1.0" 404 570 "http://phpbbconstructor.com/viewtopic.php?f=3&t=125419" "Mozilla/5.0 (Windows NT 6.1) AppleWebKit/537.11 (KHTML, like Gecko) Chrome/23.0.1271.95 Safari/537.11" "-"
91.207.7.21 - - [13/Sep/2013:05:34:54 +0400] "GET /viewtopic.php?f=3&t=125419 HTTP/1.0" 404 570 "http://phpbbconstructor.com/viewtopic.php?f=3&t=125419" "Mozilla/5.0 (Windows NT 6.1) AppleWebKit/537.11 (KHTML, like Gecko) Chrome/23.0.1271.95 Safari/537.11" "-"
5.10.83.14 - - [13/Sep/2013:05:35:42 +0400] "GET /viewtopic.php?f=9&t=116695 HTTP/1.1" 404 168 "-" "Mozilla/5.0 (compatible; AhrefsBot/5.0; +http://ahrefs.com/robot/)" "-"
222.77.214.212 - - [13/Sep/2013:05:36:28 +0400] "GET /ucp.php?mode=login HTTP/1.1" 404 570 "http://phpbbconstructor.com/" "Mozilla/4.0 (compatible; MSIE 6.0; Windows NT 5.1; SV1;)" "-"
66.249.73.58 - - [13/Sep/2013:05:37:01 +0400] "GET /viewtopic.php?f=3&t=118738&view=unread HTTP/1.1" 404 168 "-" "Mozilla/5.0 (compatible; Googlebot/2.1; +http://www.google.com/bot.html)" "-"
58.48.138.194 - - [13/Sep/2013:05:37:48 +0400] "GET /ucp.php?mode=register&change_lang=en HTTP/1.1" 404 570 "http://phpbbconstructor.com/" "Mozilla/4.0 (compatible; MSIE 6.0; Windows NT 5.1; SV1;)" "-"
5.10.83.89 - - [13/Sep/2013:05:39:02 +0400] "GET /viewtopic.php?f=3&t=33416 HTTP/1.1" 404 168 "-" "Mozilla/5.0 (compatible; AhrefsBot/5.0; +http://ahrefs.com/robot/)" "-"
5.10.83.87 - - [13/Sep/2013:05:39:06 +0400] "GET /viewtopic.php?f=2&t=115689 HTTP/1.1" 404 168 "-" "Mozilla/5.0 (compatible; AhrefsBot/5.0; +http://ahrefs.com/robot/)" "-"
5.10.83.86 - - [13/Sep/2013:05:40:20 +0400] "GET /viewtopic.php?f=9&t=122055 HTTP/1.1" 404 168 "-" "Mozilla/5.0 (compatible; AhrefsBot/5.0; +http://ahrefs.com/robot/)" "-"
27.153.150.60 - - [13/Sep/2013:05:40:43 +0400] "GET / HTTP/1.0" 200 6019 "http://phpbbconstructor.com/" "Mozilla/5.0 (Windows; U; Windows NT 6.1; en-US; rv:1.9.2.22) Gecko/20110902 Firefox/3.6.22" "-"
222.77.214.212 - - [13/Sep/2013:05:40:51 +0400] "GET /ucp.php?mode=login HTTP/1.1" 404 570 "http://phpbbconstructor.com/" "Mozilla/4.0 (compatible; MSIE 6.0; Windows NT 5.1; SV1;)" "-"
91.207.8.61 - - [13/Sep/2013:05:40:58 +0400] "GET /index.php HTTP/1.0" 404 168 "http://phpbbconstructor.com/index.php" "Mozilla/5.0 (Windows; U; Windows NT 5.1; ru; rv:1.9.0.19) Gecko/2010031422 Firefox/3.0.19 YB/3.5.1 (.NET CLR 3.5.30729)" "-"
121.205.199.237 - - [13/Sep/2013:05:41:52 +0400] "GET /ucp.php?mode=register&change_lang=en HTTP/1.1" 404 570 "http://phpbbconstructor.com/" "Mozilla/4.0 (compatible; MSIE 6.0; Windows NT 5.1; SV1;)" "-"
121.205.199.237 - - [13/Sep/2013:05:42:15 +0400] "GET /ucp.php?mode=register&change_lang=en HTTP/1.1" 404 570 "http://phpbbconstructor.com/" "Mozilla/4.0 (compatible; MSIE 6.0; Windows NT 5.1; SV1;)" "-"
5.10.83.31 - - [13/Sep/2013:05:43:10 +0400] "GET /viewtopic.php?f=3&t=29459&view=unread HTTP/1.1" 404 168 "-" "Mozilla/5.0 (compatible; AhrefsBot/5.0; +http://ahrefs.com/robot/)" "-"
5.10.83.59 - - [13/Sep/2013:05:43:12 +0400] "GET /viewtopic.php?f=2&t=55585&view=unread HTTP/1.1" 404 168 "-" "Mozilla/5.0 (compatible; AhrefsBot/5.0; +http://ahrefs.com/robot/)" "-"
5.10.83.52 - - [13/Sep/2013:05:43:20 +0400] "GET /viewtopic.php?f=10&t=107316 HTTP/1.1" 404 168 "-" "Mozilla/5.0 (compatible; AhrefsBot/5.0; +http://ahrefs.com/robot/)" "-"
5.10.83.52 - - [13/Sep/2013:05:44:20 +0400] "GET /viewtopic.php?f=9&t=129816 HTTP/1.1" 404 168 "-" "Mozilla/5.0 (compatible; AhrefsBot/5.0; +http://ahrefs.com/robot/)" "-"
74.91.24.227 - - [13/Sep/2013:05:46:27 +0400] "GET /viewtopic.php?f=9&t=128024&view=unread HTTP/1.0" 404 570 "http://phpbbconstructor.com/viewtopic.php?f=9&t=128024&view=unread#unread" "Mozilla/5.0 (Windows NT 6.1; WOW64) AppleWebKit/535.19 (KHTML, like Gecko) Chrome/18.0.1025.152 Safari/535.19 CoolNovo/2.0.3.55" "-"
74.91.24.227 - - [13/Sep/2013:05:46:27 +0400] "GET / HTTP/1.0" 200 6019 "http://phpbbconstructor.com/" "Mozilla/5.0 (Windows NT 6.1; WOW64) AppleWebKit/535.19 (KHTML, like Gecko) Chrome/18.0.1025.152 Safari/535.19 CoolNovo/2.0.3.55" "-"
74.91.24.227 - - [13/Sep/2013:05:46:35 +0400] "GET /viewtopic.php?f=3&t=58038&view=unread HTTP/1.0" 404 168 "http://phpbbconstructor.com/viewtopic.php?f=3&t=58038&view=unread#unread" "Opera/9.80 (Windows NT 5.1; U; ru) Presto/2.10.229 Version/11.64" "-"
74.91.24.227 - - [13/Sep/2013:05:46:36 +0400] "GET / HTTP/1.0" 200 6019 "http://phpbbconstructor.com/" "Opera/9.80 (Windows NT 5.1; U; ru) Presto/2.10.229 Version/11.64" "-"
5.10.83.87 - - [13/Sep/2013:05:48:10 +0400] "GET /viewtopic.php?f=9&t=68028 HTTP/1.1" 404 168 "-" "Mozilla/5.0 (compatible; AhrefsBot/5.0; +http://ahrefs.com/robot/)" "-"
142.54.182.10 - - [13/Sep/2013:05:48:49 +0400] "GET /viewtopic.php?f=10&t=104379 HTTP/1.0" 404 570 "http://phpbbconstructor.com/viewtopic.php?f=10&t=104379" "Mozilla/5.0 (Windows NT 6.1; WOW64) AppleWebKit/537.4 (KHTML, like Gecko) Chrome/22.0.1229.79 Safari/537.4" "-"
142.54.182.10 - - [13/Sep/2013:05:48:49 +0400] "GET / HTTP/1.0" 200 6019 "http://phpbbconstructor.com/" "Mozilla/5.0 (Windows NT 6.1; WOW64) AppleWebKit/537.4 (KHTML, like Gecko) Chrome/22.0.1229.79 Safari/537.4" "-"
5.10.83.60 - - [13/Sep/2013:05:48:54 +0400] "GET /viewtopic.php?f=3&t=70417&view=unread HTTP/1.1" 404 168 "-" "Mozilla/5.0 (compatible; AhrefsBot/5.0; +http://ahrefs.com/robot/)" "-"
74.91.24.227 - - [13/Sep/2013:05:49:25 +0400] "GET /viewtopic.php?f=9&t=128024&view=unread HTTP/1.0" 404 570 "http://phpbbconstructor.com/viewtopic.php?f=9&t=128024&view=unread#unread" "Mozilla/4.0 (compatible; MSIE 7.0; Windows NT 5.1; Trident/4.0)" "-"
74.91.24.227 - - [13/Sep/2013:05:49:25 +0400] "GET / HTTP/1.0" 200 6019 "http://phpbbconstructor.com/" "Mozilla/4.0 (compatible; MSIE 7.0; Windows NT 5.1; Trident/4.0)" "-"
74.91.24.227 - - [13/Sep/2013:05:49:34 +0400] "GET /viewtopic.php?f=3&t=58038&view=unread HTTP/1.0" 404 168 "http://phpbbconstructor.com/viewtopic.php?f=3&t=58038&view=unread#unread" "Mozilla/5.0 (Windows NT 5.1; rv:13.0) Gecko/20100101 Firefox/13.0" "-"
74.91.24.227 - - [13/Sep/2013:05:49:34 +0400] "GET / HTTP/1.0" 200 6019 "http://phpbbconstructor.com/" "Mozilla/5.0 (Windows NT 5.1; rv:13.0) Gecko/20100101 Firefox/13.0" "-"
95.108.129.207 - - [13/Sep/2013:05:49:41 +0400] "GET / HTTP/1.1" 200 6019 "-" "Mozilla/5.0 (compatible; YandexMetrika/2.0; +http://yandex.com/bots mon1)" "-"
142.54.182.10 - - [13/Sep/2013:05:50:06 +0400] "GET /viewtopic.php?f=10&t=104379 HTTP/1.0" 404 570 "http://phpbbconstructor.com/viewtopic.php?f=10&t=104379" "Mozilla/5.0 (Windows NT 6.2) AppleWebKit/537.11 (KHTML, like Gecko) Chrome/23.0.1271.64 Safari/537.11" "-"
142.54.182.10 - - [13/Sep/2013:05:50:06 +0400] "GET / HTTP/1.0" 200 6019 "http://phpbbconstructor.com/" "Mozilla/5.0 (Windows NT 6.2) AppleWebKit/537.11 (KHTML, like Gecko) Chrome/23.0.1271.64 Safari/537.11" "-"
222.77.199.210 - - [13/Sep/2013:05:51:54 +0400] "GET / HTTP/1.0" 200 6019 "http://phpbbconstructor.com/" "Opera/9.80 (Windows NT 6.1; MRA 6.0 (build 6001)) Presto/2.12.388 Version/12.10" "-"
27.159.200.113 - - [13/Sep/2013:05:52:07 +0400] "GET /ucp.php?mode=register&change_lang=en HTTP/1.1" 404 570 "http://phpbbconstructor.com/" "Mozilla/4.0 (compatible; MSIE 6.0; Windows NT 5.1; SV1;)" "-"
27.153.228.44 - - [13/Sep/2013:05:53:39 +0400] "GET /ucp.php?mode=register&change_lang=en HTTP/1.1" 404 570 "http://phpbbconstructor.com/" "Mozilla/4.0 (compatible; MSIE 6.0; Windows NT 5.1; SV1;)" "-"
5.10.83.14 - - [13/Sep/2013:05:54:01 +0400] "GET /viewtopic.php?f=2&t=114815 HTTP/1.1" 404 168 "-" "Mozilla/5.0 (compatible; AhrefsBot/5.0; +http://ahrefs.com/robot/)" "-"
5.10.83.31 - - [13/Sep/2013:05:56:09 +0400] "GET /viewtopic.php?f=9&t=61237 HTTP/1.1" 404 168 "-" "Mozilla/5.0 (compatible; AhrefsBot/5.0; +http://ahrefs.com/robot/)" "-"
58.22.155.218 - - [13/Sep/2013:05:56:23 +0400] "GET /viewtopic.php?f=2&t=24933 HTTP/1.0" 404 168 "http://phpbbconstructor.com/viewtopic.php?f=2&t=24933" "Mozilla/5.0 (Windows NT 6.1; WOW64; rv:15.0) Gecko/20100101 Firefox/15.0" "-"
5.10.83.31 - - [13/Sep/2013:05:56:24 +0400] "GET /viewtopic.php?f=2&t=116932 HTTP/1.1" 404 168 "-" "Mozilla/5.0 (compatible; AhrefsBot/5.0; +http://ahrefs.com/robot/)" "-"
5.10.83.59 - - [13/Sep/2013:05:56:39 +0400] "GET /viewtopic.php?f=10&t=43263&view=unread HTTP/1.1" 404 168 "-" "Mozilla/5.0 (compatible; AhrefsBot/5.0; +http://ahrefs.com/robot/)" "-"
58.22.155.218 - - [13/Sep/2013:05:57:51 +0400] "GET / HTTP/1.0" 200 6019 "http://phpbbconstructor.com/" "Mozilla/5.0 (Windows NT 6.1; WOW64; rv:15.0) Gecko/20100101 Firefox/15.0" "-"
5.10.83.89 - - [13/Sep/2013:05:58:20 +0400] "GET /viewtopic.php?f=3&t=87781 HTTP/1.1" 404 168 "-" "Mozilla/5.0 (compatible; AhrefsBot/5.0; +http://ahrefs.com/robot/)" "-"
5.10.83.59 - - [13/Sep/2013:05:59:12 +0400] "GET /viewtopic.php?f=3&t=37986&view=unread HTTP/1.1" 404 168 "-" "Mozilla/5.0 (compatible; AhrefsBot/5.0; +http://ahrefs.com/robot/)" "-"
142.54.182.10 - - [13/Sep/2013:06:00:02 +0400] "GET /viewtopic.php?f=10&t=104379 HTTP/1.0" 404 570 "http://phpbbconstructor.com/viewtopic.php?f=10&t=104379" "Mozilla/5.0 (Windows; U; Windows NT 6.1; en-US) AppleWebKit/533.4 (KHTML, like Gecko) Iron/5.0.381.0 Chrome/5.0.381 Safari/533.4" "-"
142.54.182.10 - - [13/Sep/2013:06:00:02 +0400] "GET / HTTP/1.0" 200 6019 "http://phpbbconstructor.com/" "Mozilla/5.0 (Windows; U; Windows NT 6.1; en-US) AppleWebKit/533.4 (KHTML, like Gecko) Iron/5.0.381.0 Chrome/5.0.381 Safari/533.4" "-"
199.15.233.139 - - [13/Sep/2013:06:00:09 +0400] "GET /%09%E8%8B%B1%E6%96%87%E5%8D%9A%E5%AE%A2-BlogSystem%E7%B1%BB%E5%9E%8B%0963000%090 HTTP/1.0" 404 570 "http://phpbbconstructor.com/%09%E8%8B%B1%E6%96%87%E5%8D%9A%E5%AE%A2-BlogSystem%E7%B1%BB%E5%9E%8B%0963000%090" "Mozilla/5.0 (Windows NT 6.1; WOW64) AppleWebKit/537.11 (KHTML, like Gecko) Chrome/23.0.1271.91 Safari/537.11" "-"
199.15.233.139 - - [13/Sep/2013:06:00:09 +0400] "GET / HTTP/1.0" 200 6019 "http://phpbbconstructor.com/" "Mozilla/5.0 (Windows NT 6.1; WOW64) AppleWebKit/537.11 (KHTML, like Gecko) Chrome/23.0.1271.91 Safari/537.11" "-"
110.89.8.250 - - [13/Sep/2013:06:00:52 +0400] "GET / HTTP/1.1" 200 6019 "http://phpbbconstructor.com/" "Mozilla/5.0 (Windows NT 6.1) AppleWebKit/537.36 (KHTML, like Gecko) Chrome/28.0.1500.72 Safari/537.36" "-"
46.161.41.24 - - [13/Sep/2013:06:00:58 +0400] "GET /./ucp.php?mode=register&sid=a0f1d81c6fa0f58415914869339417ee HTTP/1.1" 404 168 "-" "Mozilla/4.0 (compatible; MSIE 6.0; MSIE 5.5; Windows 95) Opera 7.03 [de]" "-"
192.74.231.28 - - [13/Sep/2013:06:01:39 +0400] "GET / HTTP/1.0" 200 6019 "http://phpbbconstructor.com/" "Opera/9.80 (Windows NT 6.1; U; YB/3.5.1; ru) Presto/2.6.30 Version/10.63" "-"
5.10.83.60 - - [13/Sep/2013:06:01:51 +0400] "GET /viewtopic.php?f=3&t=37280&view=unread HTTP/1.1" 404 168 "-" "Mozilla/5.0 (compatible; AhrefsBot/5.0; +http://ahrefs.com/robot/)" "-"
5.10.83.59 - - [13/Sep/2013:06:02:23 +0400] "GET /viewtopic.php?f=10&t=71056 HTTP/1.1" 404 168 "-" "Mozilla/5.0 (compatible; AhrefsBot/5.0; +http://ahrefs.com/robot/)" "-"
222.77.198.204 - - [13/Sep/2013:06:03:30 +0400] "GET / HTTP/1.0" 200 6019 "http://phpbbconstructor.com/" "Opera/9.80 (Windows NT 6.1; MRA 6.0 (build 6001)) Presto/2.12.388 Version/12.10" "-"
123.125.71.19 - - [13/Sep/2013:06:04:23 +0400] "GET / HTTP/1.1" 200 6019 "-" "Mozilla/5.0 (compatible; Baiduspider/2.0; +http://www.baidu.com/search/spider.html)" "-"
142.0.138.1 - - [13/Sep/2013:06:05:45 +0400] "GET / HTTP/1.0" 200 6019 "http://phpbbconstructor.com/" "Mozilla/5.0 (Windows NT 6.1) AppleWebKit/535.12 (KHTML, like Gecko) Maxthon/3.0 Chrome/18.0.966.0 Safari/535.12" "-"
220.181.108.75 - - [13/Sep/2013:06:05:47 +0400] "GET / HTTP/1.1" 200 6019 "-" "Mozilla/5.0 (compatible; Baiduspider/2.0; +http://www.baidu.com/search/spider.html)" "-"
5.10.83.59 - - [13/Sep/2013:06:05:59 +0400] "GET /viewtopic.php?f=2&t=38895&view=unread HTTP/1.1" 404 168 "-" "Mozilla/5.0 (compatible; AhrefsBot/5.0; +http://ahrefs.com/robot/)" "-"
198.200.32.93 - - [13/Sep/2013:06:06:06 +0400] "GET /viewtopic.php?f=10&t=98031 HTTP/1.0" 404 570 "http://phpbbconstructor.com/viewtopic.php?f=10&t=98031" "Mozilla/5.0 (Windows NT 6.1) AppleWebKit/536.11 (KHTML, like Gecko) Chrome/20.0.1132.57 Safari/536.11" "-"
198.200.32.93 - - [13/Sep/2013:06:06:06 +0400] "GET / HTTP/1.0" 200 6019 "http://phpbbconstructor.com/" "Mozilla/5.0 (Windows NT 6.1) AppleWebKit/536.11 (KHTML, like Gecko) Chrome/20.0.1132.57 Safari/536.11" "-"
192.187.118.172 - - [13/Sep/2013:06:08:12 +0400] "GET /viewtopic.php?f=9&t=128024&view=unread HTTP/1.0" 404 168 "http://phpbbconstructor.com/viewtopic.php?f=9&t=128024&view=unread#unread" "Mozilla/5.0 (Windows NT 6.0; rv:17.0) Gecko/20100101 Firefox/17.0" "-"
192.187.118.172 - - [13/Sep/2013:06:08:13 +0400] "GET / HTTP/1.0" 200 6019 "http://phpbbconstructor.com/" "Mozilla/5.0 (Windows NT 6.0; rv:17.0) Gecko/20100101 Firefox/17.0" "-"
192.187.118.172 - - [13/Sep/2013:06:08:19 +0400] "GET /viewtopic.php?f=3&t=58038&view=unread HTTP/1.0" 404 168 "http://phpbbconstructor.com/viewtopic.php?f=3&t=58038&view=unread#unread" "Opera/9.80 (Windows NT 5.1; Edition Yx) Presto/2.12.388 Version/12.10" "-"
192.187.118.172 - - [13/Sep/2013:06:08:20 +0400] "GET / HTTP/1.0" 200 6019 "http://phpbbconstructor.com/" "Opera/9.80 (Windows NT 5.1; Edition Yx) Presto/2.12.388 Version/12.10" "-"
192.151.146.202 - - [13/Sep/2013:06:08:35 +0400] "GET /viewtopic.php?f=3&t=122820&view=unread HTTP/1.0" 404 168 "http://phpbbconstructor.com/viewtopic.php?f=3&t=122820&view=unread" "Mozilla/5.0 (Windows NT 5.1; U; en) Opera 8.01" "-"
192.151.146.202 - - [13/Sep/2013:06:08:35 +0400] "GET /viewtopic.php?f=3&t=122820&view=unread HTTP/1.0" 404 168 "http://phpbbconstructor.com/viewtopic.php?f=3&t=122820&view=unread" "Mozilla/5.0 (Windows NT 5.1; U; en) Opera 8.01" "-"
192.151.146.202 - - [13/Sep/2013:06:08:35 +0400] "GET /viewtopic.php?f=3&t=122820&view=unread HTTP/1.0" 404 168 "http://phpbbconstructor.com/viewtopic.php?f=3&t=122820&view=unread" "Mozilla/5.0 (Windows NT 5.1; U; en) Opera 8.01" "-"
5.10.83.89 - - [13/Sep/2013:06:08:50 +0400] "GET /viewtopic.php?f=9&t=59323&view=unread HTTP/1.1" 404 168 "-" "Mozilla/5.0 (compatible; AhrefsBot/5.0; +http://ahrefs.com/robot/)" "-"
5.10.83.59 - - [13/Sep/2013:06:08:53 +0400] "GET /viewtopic.php?f=9&t=24988&view=unread HTTP/1.1" 404 168 "-" "Mozilla/5.0 (compatible; AhrefsBot/5.0; +http://ahrefs.com/robot/)" "-"
192.187.118.172 - - [13/Sep/2013:06:09:44 +0400] "GET /viewtopic.php?f=9&t=128024&view=unread HTTP/1.0" 404 570 "http://phpbbconstructor.com/viewtopic.php?f=9&t=128024&view=unread#unread" "Mozilla/5.0 (Windows NT 6.1) AppleWebKit/537.11 (KHTML, like Gecko) Chrome/23.0.1271.91 Safari/537.11" "-"
192.187.118.172 - - [13/Sep/2013:06:09:44 +0400] "GET / HTTP/1.0" 200 6019 "http://phpbbconstructor.com/" "Mozilla/5.0 (Windows NT 6.1) AppleWebKit/537.11 (KHTML, like Gecko) Chrome/23.0.1271.91 Safari/537.11" "-"
192.187.118.172 - - [13/Sep/2013:06:09:53 +0400] "GET /viewtopic.php?f=3&t=58038&view=unread HTTP/1.0" 404 168 "http://phpbbconstructor.com/viewtopic.php?f=3&t=58038&view=unread#unread" "Opera/9.80 (Windows NT 5.1; Edition Ukraine Local) Presto/2.12.388 Version/12.10" "-"
192.187.118.172 - - [13/Sep/2013:06:09:53 +0400] "GET / HTTP/1.0" 200 6019 "http://phpbbconstructor.com/" "Opera/9.80 (Windows NT 5.1; Edition Ukraine Local) Presto/2.12.388 Version/12.10" "-"
119.96.185.87 - - [13/Sep/2013:06:10:27 +0400] "GET /ucp.php?mode=register&change_lang=en HTTP/1.1" 404 570 "http://phpbbconstructor.com/" "Mozilla/4.0 (compatible; MSIE 6.0; Windows NT 5.1; SV1;)" "-"
5.10.83.93 - - [13/Sep/2013:06:11:10 +0400] "GET /viewtopic.php?f=10&t=49089 HTTP/1.1" 404 168 "-" "Mozilla/5.0 (compatible; AhrefsBot/5.0; +http://ahrefs.com/robot/)" "-"
218.6.71.170 - - [13/Sep/2013:06:11:14 +0400] "GET /ucp.php?mode=login HTTP/1.1" 404 570 "http://phpbbconstructor.com/" "Mozilla/4.0 (compatible; MSIE 6.0; Windows NT 5.1; SV1;)" "-"
5.10.83.14 - - [13/Sep/2013:06:11:29 +0400] "GET /viewtopic.php?f=2&t=39246 HTTP/1.1" 404 168 "-" "Mozilla/5.0 (compatible; AhrefsBot/5.0; +http://ahrefs.com/robot/)" "-"
199.168.96.2 - - [13/Sep/2013:06:11:36 +0400] "GET /ucp.php?mode=register&change_lang=en HTTP/1.1" 404 570 "http://phpbbconstructor.com/" "Mozilla/4.0 (compatible; MSIE 6.0; Windows NT 5.1; SV1;)" "-"
5.10.83.31 - - [13/Sep/2013:06:12:25 +0400] "GET /viewtopic.php?f=2&t=105939 HTTP/1.1" 404 168 "-" "Mozilla/5.0 (compatible; AhrefsBot/5.0; +http://ahrefs.com/robot/)" "-"
74.91.24.227 - - [13/Sep/2013:06:12:27 +0400] "GET /viewtopic.php?f=9&t=128024&view=unread HTTP/1.0" 404 570 "http://phpbbconstructor.com/viewtopic.php?f=9&t=128024&view=unread#unread" "Mozilla/5.0 (Windows NT 6.0) AppleWebKit/537.1 (KHTML, like Gecko) Chrome/21.0.1180.89 Safari/537.1" "-"
74.91.24.227 - - [13/Sep/2013:06:12:27 +0400] "GET / HTTP/1.0" 200 6019 "http://phpbbconstructor.com/" "Mozilla/5.0 (Windows NT 6.0) AppleWebKit/537.1 (KHTML, like Gecko) Chrome/21.0.1180.89 Safari/537.1" "-"
27.159.255.16 - - [13/Sep/2013:06:12:28 +0400] "GET /ucp.php?mode=register&change_lang=en HTTP/1.1" 404 570 "http://phpbbconstructor.com/" "Mozilla/4.0 (compatible; MSIE 6.0; Windows NT 5.1; SV1;)" "-"
74.91.24.227 - - [13/Sep/2013:06:12:37 +0400] "GET /viewtopic.php?f=3&t=58038&view=unread HTTP/1.0" 404 168 "http://phpbbconstructor.com/viewtopic.php?f=3&t=58038&view=unread#unread" "Mozilla/5.0 (Windows NT 6.1; Win64; x64; rv:11.0) Gecko/20120313 Firefox/11.0" "-"
74.91.24.227 - - [13/Sep/2013:06:12:38 +0400] "GET / HTTP/1.0" 200 6019 "http://phpbbconstructor.com/" "Mozilla/5.0 (Windows NT 6.1; Win64; x64; rv:11.0) Gecko/20120313 Firefox/11.0" "-"
192.151.146.202 - - [13/Sep/2013:06:13:24 +0400] "GET /viewtopic.php?f=3&t=122820&view=unread HTTP/1.0" 404 168 "http://phpbbconstructor.com/viewtopic.php?f=3&t=122820&view=unread" "Mozilla/5.0 (Windows NT 5.1; U; en) Opera 8.01" "-"
192.151.146.202 - - [13/Sep/2013:06:13:24 +0400] "GET /viewtopic.php?f=3&t=122820&view=unread HTTP/1.0" 404 168 "http://phpbbconstructor.com/viewtopic.php?f=3&t=122820&view=unread" "Mozilla/5.0 (Windows NT 5.1; U; en) Opera 8.01" "-"
192.151.146.202 - - [13/Sep/2013:06:13:25 +0400] "GET /viewtopic.php?f=3&t=122820&view=unread HTTP/1.0" 404 168 "http://phpbbconstructor.com/viewtopic.php?f=3&t=122820&view=unread" "Mozilla/5.0 (Windows NT 5.1; U; en) Opera 8.01" "-"
5.10.83.14 - - [13/Sep/2013:06:13:25 +0400] "GET /viewtopic.php?f=10&t=85678 HTTP/1.1" 404 168 "-" "Mozilla/5.0 (compatible; AhrefsBot/5.0; +http://ahrefs.com/robot/)" "-"
157.55.32.86 - - [13/Sep/2013:06:14:08 +0400] "GET /robots.txt HTTP/1.1" 404 168 "-" "Mozilla/5.0 (compatible; bingbot/2.0; +http://www.bing.com/bingbot.htm)" "-"
103.6.190.94 - - [13/Sep/2013:06:15:03 +0400] "GET / HTTP/1.0" 200 6019 "http://phpbbconstructor.com/" "Mozilla/5.0 (Windows NT 6.1) AppleWebKit/535.19 (KHTML, like Gecko) Chrome/18.0.1025.1634 Safari/535.19 YI" "-"
208.115.113.85 - - [13/Sep/2013:06:15:20 +0400] "GET /robots.txt HTTP/1.1" 404 168 "-" "Mozilla/5.0 (compatible; Ezooms/1.0; ezooms.bot@gmail.com)" "-"
192.151.146.202 - - [13/Sep/2013:06:15:25 +0400] "GET /viewtopic.php?f=3&t=122820&view=unread HTTP/1.0" 404 168 "http://phpbbconstructor.com/viewtopic.php?f=3&t=122820&view=unread" "Mozilla/5.0 (Windows NT 5.1; U; en) Opera 8.01" "-"
192.151.146.202 - - [13/Sep/2013:06:15:25 +0400] "GET /viewtopic.php?f=3&t=122820&view=unread HTTP/1.0" 404 168 "http://phpbbconstructor.com/viewtopic.php?f=3&t=122820&view=unread" "Mozilla/5.0 (Windows NT 5.1; U; en) Opera 8.01" "-"
91.238.134.158 - - [13/Sep/2013:06:15:52 +0400] "GET /viewtopic.php?f=10&t=107132 HTTP/1.0" 404 168 "http://phpbbconstructor.com/viewtopic.php?f=10&t=107132" "Opera/9.80 (Windows NT 5.1; U; MRA 6.0 (build 5970); ru) Presto/2.7.62 Version/11.00" "-"
91.238.134.158 - - [13/Sep/2013:06:15:52 +0400] "GET / HTTP/1.0" 200 6019 "http://phpbbconstructor.com/" "Opera/9.80 (Windows NT 5.1; U; MRA 6.0 (build 5970); ru) Presto/2.7.62 Version/11.00" "-"
74.91.24.227 - - [13/Sep/2013:06:15:53 +0400] "GET /viewtopic.php?f=9&t=128024&view=unread HTTP/1.0" 404 570 "http://phpbbconstructor.com/viewtopic.php?f=9&t=128024&view=unread#unread" "Mozilla/5.0 (Windows NT 5.1) AppleWebKit/537.11 (KHTML, like Gecko) Chrome/23.0.1271.64 Safari/537.11" "-"
74.91.24.227 - - [13/Sep/2013:06:15:53 +0400] "GET / HTTP/1.0" 200 6019 "http://phpbbconstructor.com/" "Mozilla/5.0 (Windows NT 5.1) AppleWebKit/537.11 (KHTML, like Gecko) Chrome/23.0.1271.64 Safari/537.11" "-"
74.91.24.227 - - [13/Sep/2013:06:16:02 +0400] "GET /viewtopic.php?f=3&t=58038&view=unread HTTP/1.0" 404 168 "http://phpbbconstructor.com/viewtopic.php?f=3&t=58038&view=unread#unread" "Opera/9.80 (Windows NT 5.1; Edition Yx) Presto/2.12.388 Version/12.10" "-"
74.91.24.227 - - [13/Sep/2013:06:16:02 +0400] "GET / HTTP/1.0" 200 6019 "http://phpbbconstructor.com/" "Opera/9.80 (Windows NT 5.1; Edition Yx) Presto/2.12.388 Version/12.10" "-"
117.26.254.126 - - [13/Sep/2013:06:17:12 +0400] "GET /ucp.php?mode=register&change_lang=en HTTP/1.1" 404 570 "http://phpbbconstructor.com/" "Mozilla/4.0 (compatible; MSIE 6.0; Windows NT 5.1; SV1;)" "-"
5.10.83.86 - - [13/Sep/2013:06:18:01 +0400] "GET /viewtopic.php?f=9&t=118333 HTTP/1.1" 404 168 "-" "Mozilla/5.0 (compatible; AhrefsBot/5.0; +http://ahrefs.com/robot/)" "-"
5.10.83.81 - - [13/Sep/2013:06:19:59 +0400] "GET /viewtopic.php?f=3&t=28574&view=unread HTTP/1.1" 404 168 "-" "Mozilla/5.0 (compatible; AhrefsBot/5.0; +http://ahrefs.com/robot/)" "-"
5.10.83.60 - - [13/Sep/2013:06:20:19 +0400] "GET /viewtopic.php?f=2&t=41350 HTTP/1.1" 404 168 "-" "Mozilla/5.0 (compatible; AhrefsBot/5.0; +http://ahrefs.com/robot/)" "-"
112.86.215.94 - - [13/Sep/2013:06:20:22 +0400] "GET /viewtopic.php?f=10&t=47606/register.php HTTP/1.1" 404 570 "http://phpbbconstructor.com/viewtopic.php?f=10&t=47606/" "Mozilla/4.0 (compatible; MSIE 6.0; Windows NT 5.1; SV1;)" "-"
5.10.83.60 - - [13/Sep/2013:06:20:22 +0400] "GET /viewtopic.php?f=9&t=110706 HTTP/1.1" 404 168 "-" "Mozilla/5.0 (compatible; AhrefsBot/5.0; +http://ahrefs.com/robot/)" "-"
121.205.199.237 - - [13/Sep/2013:06:20:27 +0400] "GET /ucp.php?mode=register&change_lang=en HTTP/1.1" 404 570 "http://phpbbconstructor.com/" "Mozilla/4.0 (compatible; MSIE 6.0; Windows NT 5.1; SV1;)" "-"
112.86.215.94 - - [13/Sep/2013:06:20:28 +0400] "GET /viewtopic.php?f=10&t=47606/register.php?agree=Agree HTTP/1.1" 404 570 "http://phpbbconstructor.com/viewtopic.php?f=10&t=47606/register.php" "Mozilla/4.0 (compatible; MSIE 6.0; Windows NT 5.1; SV1;)" "-"
192.187.118.172 - - [13/Sep/2013:06:21:37 +0400] "GET /viewtopic.php?f=9&t=128024&view=unread HTTP/1.0" 404 168 "http://phpbbconstructor.com/viewtopic.php?f=9&t=128024&view=unread#unread" "Mozilla/5.0 (Windows NT 5.1; rv:5.0.1) Gecko/20100101 Firefox/5.0.1" "-"
192.187.118.172 - - [13/Sep/2013:06:21:37 +0400] "GET / HTTP/1.0" 200 6019 "http://phpbbconstructor.com/" "Mozilla/5.0 (Windows NT 5.1; rv:5.0.1) Gecko/20100101 Firefox/5.0.1" "-"
192.187.118.172 - - [13/Sep/2013:06:21:46 +0400] "GET /viewtopic.php?f=3&t=58038&view=unread HTTP/1.0" 404 570 "http://phpbbconstructor.com/viewtopic.php?f=3&t=58038&view=unread#unread" "Mozilla/5.0 (Windows NT 6.1) AppleWebKit/536.5 (KHTML, like Gecko) YaBrowser/1.1.1084.5409 Chrome/19.1.1084.5409 Safari/536.5" "-"
192.187.118.172 - - [13/Sep/2013:06:21:47 +0400] "GET / HTTP/1.0" 200 6019 "http://phpbbconstructor.com/" "Mozilla/5.0 (Windows NT 6.1) AppleWebKit/536.5 (KHTML, like Gecko) YaBrowser/1.1.1084.5409 Chrome/19.1.1084.5409 Safari/536.5" "-"
5.255.210.93 - - [13/Sep/2013:06:23:21 +0400] "GET / HTTP/1.1" 200 6019 "-" "Mozilla/5.0 (compatible; YandexMetrika/2.0; +http://yandex.com/bots mon3)" "-"
74.91.24.227 - - [13/Sep/2013:06:23:37 +0400] "GET /viewtopic.php?f=9&t=128024&view=unread HTTP/1.0" 404 168 "http://phpbbconstructor.com/viewtopic.php?f=9&t=128024&view=unread#unread" "Opera/9.80 (Windows NT 6.2; WOW64; MRA 8.0 (build 5784)) Presto/2.12.388 Version/12.10" "-"
74.91.24.227 - - [13/Sep/2013:06:23:37 +0400] "GET / HTTP/1.0" 200 6019 "http://phpbbconstructor.com/" "Opera/9.80 (Windows NT 6.2; WOW64; MRA 8.0 (build 5784)) Presto/2.12.388 Version/12.10" "-"
74.91.24.227 - - [13/Sep/2013:06:23:48 +0400] "GET /viewtopic.php?f=3&t=58038&view=unread HTTP/1.0" 404 168 "http://phpbbconstructor.com/viewtopic.php?f=3&t=58038&view=unread#unread" "Opera/9.80 (Windows NT 6.1; U; ru) Presto/2.10.229 Version/11.61" "-"
74.91.24.227 - - [13/Sep/2013:06:23:49 +0400] "GET / HTTP/1.0" 200 6019 "http://phpbbconstructor.com/" "Opera/9.80 (Windows NT 6.1; U; ru) Presto/2.10.229 Version/11.61" "-"
5.10.83.59 - - [13/Sep/2013:06:23:54 +0400] "GET /viewtopic.php?f=2&t=37807 HTTP/1.1" 404 168 "-" "Mozilla/5.0 (compatible; AhrefsBot/5.0; +http://ahrefs.com/robot/)" "-"
192.187.118.172 - - [13/Sep/2013:06:25:13 +0400] "GET /viewtopic.php?f=9&t=128024&view=unread HTTP/1.0" 404 168 "http://phpbbconstructor.com/viewtopic.php?f=9&t=128024&view=unread#unread" "Mozilla/5.0 (Windows NT 6.1; rv:10.0) Gecko/20100101 Firefox/10.0" "-"
192.187.118.172 - - [13/Sep/2013:06:25:13 +0400] "GET / HTTP/1.0" 200 6019 "http://phpbbconstructor.com/" "Mozilla/5.0 (Windows NT 6.1; rv:10.0) Gecko/20100101 Firefox/10.0" "-"
192.187.118.172 - - [13/Sep/2013:06:25:23 +0400] "GET /viewtopic.php?f=3&t=58038&view=unread HTTP/1.0" 404 168 "http://phpbbconstructor.com/viewtopic.php?f=3&t=58038&view=unread#unread" "Opera/9.80 (Windows NT 6.2; WOW64; MRA 8.0 (build 5784)) Presto/2.12.388 Version/12.11" "-"
192.187.118.172 - - [13/Sep/2013:06:25:23 +0400] "GET / HTTP/1.0" 200 6019 "http://phpbbconstructor.com/" "Opera/9.80 (Windows NT 6.2; WOW64; MRA 8.0 (build 5784)) Presto/2.12.388 Version/12.11" "-"
192.187.118.172 - - [13/Sep/2013:06:25:50 +0400] "GET /viewtopic.php?f=9&t=128024&view=unread HTTP/1.0" 404 168 "http://phpbbconstructor.com/viewtopic.php?f=9&t=128024&view=unread#unread" "Mozilla/5.0 (Windows NT 5.1; rv:12.0) Gecko/20100101 Firefox/12.0" "-"
192.187.118.172 - - [13/Sep/2013:06:25:50 +0400] "GET / HTTP/1.0" 200 6019 "http://phpbbconstructor.com/" "Mozilla/5.0 (Windows NT 5.1; rv:12.0) Gecko/20100101 Firefox/12.0" "-"
192.187.118.172 - - [13/Sep/2013:06:26:02 +0400] "GET /viewtopic.php?f=3&t=58038&view=unread HTTP/1.0" 404 168 "http://phpbbconstructor.com/viewtopic.php?f=3&t=58038&view=unread#unread" "Opera/9.80 (Windows NT 6.1; Win64; x64) Presto/2.12.388 Version/12.10" "-"
192.187.118.172 - - [13/Sep/2013:06:26:03 +0400] "GET / HTTP/1.0" 200 6019 "http://phpbbconstructor.com/" "Opera/9.80 (Windows NT 6.1; Win64; x64) Presto/2.12.388 Version/12.10" "-"
5.10.83.52 - - [13/Sep/2013:06:26:42 +0400] "GET /viewtopic.php?f=10&t=60080 HTTP/1.1" 404 168 "-" "Mozilla/5.0 (compatible; AhrefsBot/5.0; +http://ahrefs.com/robot/)" "-"
192.187.123.210 - - [13/Sep/2013:06:26:42 +0400] "GET / HTTP/1.0" 200 6019 "http://phpbbconstructor.com/" "Mozilla/5.0 (Windows NT 6.1; WOW64) AppleWebKit/535.19 (KHTML, like Gecko) Chrome/18.0.1025.152 Safari/535.19 CoolNovo/2.0.3.55" "-"
27.153.228.44 - - [13/Sep/2013:06:27:11 +0400] "GET /ucp.php?mode=register&change_lang=en HTTP/1.1" 404 570 "http://phpbbconstructor.com/" "Mozilla/4.0 (compatible; MSIE 6.0; Windows NT 5.1; SV1;)" "-"
5.10.83.89 - - [13/Sep/2013:06:27:21 +0400] "GET /viewtopic.php?f=2&t=34119 HTTP/1.1" 404 168 "-" "Mozilla/5.0 (compatible; AhrefsBot/5.0; +http://ahrefs.com/robot/)" "-"
5.10.83.81 - - [13/Sep/2013:06:27:27 +0400] "GET /viewtopic.php?f=10&t=95068 HTTP/1.1" 404 168 "-" "Mozilla/5.0 (compatible; AhrefsBot/5.0; +http://ahrefs.com/robot/)" "-"
213.180.206.205 - - [13/Sep/2013:06:28:23 +0400] "GET / HTTP/1.1" 200 6019 "-" "Mozilla/5.0 (compatible; YandexMetrika/2.0; +http://yandex.com/bots DEV)" "-"
157.55.32.86 - - [13/Sep/2013:06:29:21 +0400] "GET / HTTP/1.1" 200 13704 "-" "Mozilla/5.0 (compatible; bingbot/2.0; +http://www.bing.com/bingbot.htm)" "-"
5.10.83.89 - - [13/Sep/2013:06:30:06 +0400] "GET /viewtopic.php?f=3&t=78433&view=unread HTTP/1.1" 404 168 "-" "Mozilla/5.0 (compatible; AhrefsBot/5.0; +http://ahrefs.com/robot/)" "-"
173.208.182.165 - - [13/Sep/2013:06:30:39 +0400] "GET /member.php?u=3866 HTTP/1.0" 404 168 "http://phpbbconstructor.com/member.php?u=3866" "Mozilla/5.0 (Windows NT 5.2; rv:16.0) Gecko/20100101 Firefox/16.0" "-"
173.208.182.165 - - [13/Sep/2013:06:30:39 +0400] "GET / HTTP/1.0" 200 6019 "http://phpbbconstructor.com/" "Mozilla/5.0 (Windows NT 5.2; rv:16.0) Gecko/20100101 Firefox/16.0" "-"
27.159.219.38 - - [13/Sep/2013:06:30:41 +0400] "GET /ucp.php?mode=login HTTP/1.1" 404 570 "http://phpbbconstructor.com/" "Mozilla/4.0 (compatible; MSIE 6.0; Windows NT 5.1; SV1;)" "-"
222.77.214.212 - - [13/Sep/2013:06:30:53 +0400] "GET /ucp.php?mode=login HTTP/1.1" 404 570 "http://phpbbconstructor.com/" "Mozilla/4.0 (compatible; MSIE 6.0; Windows NT 5.1; SV1;)" "-"
120.33.220.50 - - [13/Sep/2013:06:31:22 +0400] "GET /ucp.php?mode=register&change_lang=en HTTP/1.1" 404 570 "http://phpbbconstructor.com/" "Mozilla/4.0 (compatible; MSIE 6.0; Windows NT 5.1; SV1;)" "-"
5.10.83.86 - - [13/Sep/2013:06:31:53 +0400] "GET /viewtopic.php?f=3&t=88838 HTTP/1.1" 404 168 "-" "Mozilla/5.0 (compatible; AhrefsBot/5.0; +http://ahrefs.com/robot/)" "-"
74.91.24.227 - - [13/Sep/2013:06:32:23 +0400] "GET /viewtopic.php?f=10&t=104379 HTTP/1.0" 404 168 "http://phpbbconstructor.com/viewtopic.php?f=10&t=104379" "Opera/9.80 (Windows NT 6.1; U; YB/3.5.1; ru) Presto/2.6.30 Version/10.63" "-"
74.91.24.227 - - [13/Sep/2013:06:32:24 +0400] "GET / HTTP/1.0" 200 6019 "http://phpbbconstructor.com/" "Opera/9.80 (Windows NT 6.1; U; YB/3.5.1; ru) Presto/2.6.30 Version/10.63" "-"
5.10.83.60 - - [13/Sep/2013:06:33:58 +0400] "GET /viewtopic.php?f=3&t=59109 HTTP/1.1" 404 168 "-" "Mozilla/5.0 (compatible; AhrefsBot/5.0; +http://ahrefs.com/robot/)" "-"
74.91.24.227 - - [13/Sep/2013:06:34:58 +0400] "GET /viewtopic.php?f=10&t=104379 HTTP/1.0" 404 168 "http://phpbbconstructor.com/viewtopic.php?f=10&t=104379" "Mozilla/5.0 (Windows NT 6.1) AppleWebKit/534.57.2 (KHTML, like Gecko) Version/5.1.7 Safari/534.57.2" "-"
74.91.24.227 - - [13/Sep/2013:06:34:58 +0400] "GET / HTTP/1.0" 200 6019 "http://phpbbconstructor.com/" "Mozilla/5.0 (Windows NT 6.1) AppleWebKit/534.57.2 (KHTML, like Gecko) Version/5.1.7 Safari/534.57.2" "-"
213.180.206.205 - - [13/Sep/2013:06:35:25 +0400] "GET / HTTP/1.1" 200 13704 "-" "Mozilla/5.0 (compatible; YandexMetrika/2.0; +http://yandex.com/bots DEV)" "-"
5.10.83.89 - - [13/Sep/2013:06:36:07 +0400] "GET /viewtopic.php?f=10&t=86701&view=unread HTTP/1.1" 404 168 "-" "Mozilla/5.0 (compatible; AhrefsBot/5.0; +http://ahrefs.com/robot/)" "-"
36.248.162.129 - - [13/Sep/2013:06:36:15 +0400] "GET /ucp.php?mode=register&change_lang=en HTTP/1.1" 404 570 "http://phpbbconstructor.com/" "Mozilla/4.0 (compatible; MSIE 6.0; Windows NT 5.1; SV1;)" "-"
180.76.5.13 - - [13/Sep/2013:06:36:45 +0400] "GET /viewtopic.php?f=2&t=31533&view=unread HTTP/1.1" 404 168 "-" "Mozilla/5.0 (compatible; Baiduspider/2.0; +http://www.baidu.com/search/spider.html)" "-"
112.111.184.234 - - [13/Sep/2013:06:38:41 +0400] "GET / HTTP/1.1" 200 6019 "http://phpbbconstructor.com/" "Mozilla/4.0 (compatible; MSIE 6.0; Windows NT 5.1; SV1;)" "-"
112.111.184.234 - - [13/Sep/2013:06:38:41 +0400] "GET / HTTP/1.1" 200 6019 "http://phpbbconstructor.com/" "Mozilla/4.0 (compatible; MSIE 6.0; Windows NT 5.1; SV1;)" "-"
112.111.184.234 - - [13/Sep/2013:06:38:41 +0400] "GET / HTTP/1.1" 200 6019 "http://phpbbconstructor.com/" "Mozilla/4.0 (compatible; MSIE 6.0; Windows NT 5.1; SV1;)" "-"
27.153.184.121 - - [13/Sep/2013:06:39:27 +0400] "GET / HTTP/1.0" 200 6019 "http://phpbbconstructor.com/" "Mozilla/5.0 (Windows NT 6.0) AppleWebKit/537.11 (KHTML, like Gecko) Chrome/23.0.1271.91 Safari/537.11" "-"
5.10.83.81 - - [13/Sep/2013:06:39:32 +0400] "GET /viewtopic.php?f=3&t=85924 HTTP/1.1" 404 168 "-" "Mozilla/5.0 (compatible; AhrefsBot/5.0; +http://ahrefs.com/robot/)" "-"
5.10.83.87 - - [13/Sep/2013:06:39:36 +0400] "GET /viewtopic.php?f=9&t=103802 HTTP/1.1" 404 168 "-" "Mozilla/5.0 (compatible; AhrefsBot/5.0; +http://ahrefs.com/robot/)" "-"
157.55.32.86 - - [13/Sep/2013:06:40:20 +0400] "GET / HTTP/1.1" 200 13704 "-" "Mozilla/5.0 (compatible; bingbot/2.0; +http://www.bing.com/bingbot.htm)" "-"
37.187.88.119 - - [13/Sep/2013:06:40:23 +0400] "GET /viewtopic.php?f=9&t=115163 HTTP/1.0" 404 168 "http://phpbbconstructor.com/viewtopic.php?f=9&t=115163" "Opera/9.80 (Windows NT 6.1; U; ru) Presto/2.7.39 Version/11.00" "-"
37.187.88.119 - - [13/Sep/2013:06:40:23 +0400] "GET / HTTP/1.0" 200 6019 "http://phpbbconstructor.com/" "Opera/9.80 (Windows NT 6.1; U; ru) Presto/2.7.39 Version/11.00" "-"
66.249.73.58 - - [13/Sep/2013:06:41:33 +0400] "GET /robots.txt HTTP/1.1" 404 168 "-" "Mozilla/5.0 (compatible; Googlebot/2.1; +http://www.google.com/bot.html)" "-"
66.249.73.58 - - [13/Sep/2013:06:41:33 +0400] "GET /viewtopic.php?f=2&t=28905&view=unread HTTP/1.1" 404 168 "-" "Mozilla/5.0 (compatible; Googlebot/2.1; +http://www.google.com/bot.html)" "-"
5.10.83.45 - - [13/Sep/2013:06:41:37 +0400] "GET /viewtopic.php?f=9&t=88037 HTTP/1.1" 404 168 "-" "Mozilla/5.0 (compatible; AhrefsBot/5.0; +http://ahrefs.com/robot/)" "-"
209.59.220.161 - - [13/Sep/2013:06:42:21 +0400] "GET /robots.txt HTTP/1.0" 404 168 "-" "RSpider/1.0" "-"
117.26.254.126 - - [13/Sep/2013:06:42:58 +0400] "GET /ucp.php?mode=register&change_lang=en HTTP/1.1" 404 570 "http://phpbbconstructor.com/" "Mozilla/4.0 (compatible; MSIE 6.0; Windows NT 5.1; SV1;)" "-"
5.10.83.59 - - [13/Sep/2013:06:44:09 +0400] "GET /viewtopic.php?f=10&t=68283 HTTP/1.1" 404 168 "-" "Mozilla/5.0 (compatible; AhrefsBot/5.0; +http://ahrefs.com/robot/)" "-"
5.10.83.60 - - [13/Sep/2013:06:44:18 +0400] "GET /viewtopic.php?f=10&t=64113 HTTP/1.1" 404 168 "-" "Mozilla/5.0 (compatible; AhrefsBot/5.0; +http://ahrefs.com/robot/)" "-"
5.10.83.59 - - [13/Sep/2013:06:45:14 +0400] "GET /viewtopic.php?f=10&t=31629&view=unread HTTP/1.1" 404 168 "-" "Mozilla/5.0 (compatible; AhrefsBot/5.0; +http://ahrefs.com/robot/)" "-"
218.85.133.252 - - [13/Sep/2013:06:45:15 +0400] "GET / HTTP/1.0" 200 6019 "http://phpbbconstructor.com/" "Opera/9.80 (Windows NT 6.1; WOW64; MRA 6.0 (build 5976)) Presto/2.12.388 Version/12.11" "-"
218.85.133.252 - - [13/Sep/2013:06:45:51 +0400] "GET / HTTP/1.0" 200 6019 "http://phpbbconstructor.com/" "Mozilla/5.0 (Windows NT 6.2) AppleWebKit/537.11 (KHTML, like Gecko) Chrome/23.0.1271.95 Safari/537.11" "-"
222.77.214.212 - - [13/Sep/2013:06:46:09 +0400] "GET /ucp.php?mode=login HTTP/1.1" 404 570 "http://phpbbconstructor.com/" "Mozilla/4.0 (compatible; MSIE 6.0; Windows NT 5.1; SV1;)" "-"
5.10.83.14 - - [13/Sep/2013:06:47:24 +0400] "GET /viewtopic.php?f=2&t=95663 HTTP/1.1" 404 168 "-" "Mozilla/5.0 (compatible; AhrefsBot/5.0; +http://ahrefs.com/robot/)" "-"
63.141.233.147 - - [13/Sep/2013:06:48:11 +0400] "GET /viewtopic.php?f=2&t=46083&view=unread HTTP/1.0" 404 168 "http://phpbbconstructor.com/viewtopic.php?f=2&t=46083&view=unread#unread&lt;/a&gt;&lt;/li&gt;" "Mozilla/5.0 (Windows NT 5.1; rv:16.0) Gecko/20121026 Firefox/16.0 SeaMonkey/2.13.2" "-"
63.141.233.147 - - [13/Sep/2013:06:48:11 +0400] "GET /viewtopic.php?f=2&t=46083&view=unread HTTP/1.0" 404 168 "http://phpbbconstructor.com/viewtopic.php?f=2&t=46083&view=unread#unread&quot;" "Opera/9.80 (Windows NT 6.1; WOW64) Presto/2.12.388 Version/12.10" "-"
63.141.233.147 - - [13/Sep/2013:06:48:11 +0400] "GET / HTTP/1.0" 200 6019 "http://phpbbconstructor.com/" "Mozilla/5.0 (Windows NT 5.1; rv:16.0) Gecko/20121026 Firefox/16.0 SeaMonkey/2.13.2" "-"
63.141.233.147 - - [13/Sep/2013:06:48:11 +0400] "GET / HTTP/1.0" 200 6019 "http://phpbbconstructor.com/" "Opera/9.80 (Windows NT 6.1; WOW64) Presto/2.12.388 Version/12.10" "-"
27.159.255.16 - - [13/Sep/2013:06:48:19 +0400] "GET /ucp.php?mode=register&change_lang=en HTTP/1.1" 404 570 "http://phpbbconstructor.com/" "Mozilla/4.0 (compatible; MSIE 6.0; Windows NT 5.1; SV1;)" "-"
5.10.83.93 - - [13/Sep/2013:06:49:02 +0400] "GET /viewtopic.php?f=2&t=28531&view=unread HTTP/1.1" 404 168 "-" "Mozilla/5.0 (compatible; AhrefsBot/5.0; +http://ahrefs.com/robot/)" "-"
142.0.138.1 - - [13/Sep/2013:06:49:33 +0400] "GET / HTTP/1.0" 200 6019 "http://phpbbconstructor.com/" "Mozilla/5.0 (Windows NT 6.1; WOW64) AppleWebKit/537.4 (KHTML, like Gecko) Chrome/22.0.1229.94 Safari/537.4" "-"
5.10.83.45 - - [13/Sep/2013:06:51:02 +0400] "GET /viewtopic.php?f=2&t=121422 HTTP/1.1" 404 168 "-" "Mozilla/5.0 (compatible; AhrefsBot/5.0; +http://ahrefs.com/robot/)" "-"
219.154.133.226 - - [13/Sep/2013:06:51:33 +0400] "GET /viewtopic.php?f=10&t=38037 HTTP/1.0" 404 168 "http://phpbbconstructor.com/viewtopic.php?f=10&t=38037" "Mozilla/5.0 (Windows NT 6.0; rv:16.0) Gecko/20100101 Firefox/16.0" "-"
192.99.3.109 - - [13/Sep/2013:06:51:38 +0400] "GET /viewtopic.php?f=3&t=44030&view=unread HTTP/1.0" 404 570 "http://phpbbconstructor.com/viewtopic.php?f=3&t=44030&view=unread" "Mozilla/5.0 (Windows NT 6.1; WOW64) AppleWebKit/537.11 (KHTML, like Gecko) Chrome/23.0.1.0 Safari/537.11" "-"
192.99.3.109 - - [13/Sep/2013:06:51:38 +0400] "GET / HTTP/1.0" 200 6019 "http://phpbbconstructor.com/" "Mozilla/5.0 (Windows NT 6.1; WOW64) AppleWebKit/537.11 (KHTML, like Gecko) Chrome/23.0.1.0 Safari/537.11" "-"
192.99.3.109 - - [13/Sep/2013:06:51:39 +0400] "GET /viewtopic.php?f=3&t=81575&view=unread HTTP/1.0" 404 168 "http://phpbbconstructor.com/viewtopic.php?f=3&t=81575&view=unread" "Mozilla/5.0 (Windows NT 5.2; rv:17.0) Gecko/20100101 Firefox/17.0" "-"
192.99.3.109 - - [13/Sep/2013:06:51:39 +0400] "GET / HTTP/1.0" 200 6019 "http://phpbbconstructor.com/" "Mozilla/5.0 (Windows NT 5.2; rv:17.0) Gecko/20100101 Firefox/17.0" "-"
222.77.205.186 - - [13/Sep/2013:06:51:40 +0400] "GET /ucp.php?mode=login HTTP/1.1" 404 570 "http://phpbbconstructor.com/" "Mozilla/4.0 (compatible; MSIE 6.0; Windows NT 5.1; SV1;)" "-"
117.26.84.35 - - [13/Sep/2013:06:51:52 +0400] "GET /ucp.php?mode=login HTTP/1.1" 404 570 "http://phpbbconstructor.com/" "Mozilla/4.0 (compatible; MSIE 6.0; Windows NT 5.1; SV1;)" "-"
213.180.206.197 - - [13/Sep/2013:06:52:36 +0400] "GET / HTTP/1.1" 200 6019 "-" "Mozilla/5.0 (compatible; YandexMetrika/2.0; +http://yandex.com/bots mon2)" "-"
220.161.101.124 - - [13/Sep/2013:06:52:53 +0400] "GET / HTTP/1.1" 200 6019 "-" "Mozilla/4.0 (compatible; MSIE 6.0; Windows NT 5.1; SV1;)" "-"
220.161.101.124 - - [13/Sep/2013:06:52:57 +0400] "GET /profile.php?mode=register HTTP/1.1" 404 570 "http://phpbbconstructor.com/" "Mozilla/4.0 (compatible; MSIE 6.0; Windows NT 5.1; SV1;)" "-"
117.26.84.35 - - [13/Sep/2013:06:53:43 +0400] "GET /ucp.php?mode=login HTTP/1.1" 404 570 "http://phpbbconstructor.com/" "Mozilla/4.0 (compatible; MSIE 6.0; Windows NT 5.1; SV1;)" "-"
176.31.241.43 - - [13/Sep/2013:06:53:53 +0400] "GET /viewtopic.php?f=2&amp;t=73480&amp;view=unread HTTP/1.0" 404 570 "-" "Mozilla/5.0 (compatible; MSIE 9.0; Windows NT 6.1; WOW64; Trident/5.0)" "-"
176.31.241.43 - - [13/Sep/2013:06:53:55 +0400] "GET /viewtopic.php?f=3&amp;t=73591&amp;view=unread HTTP/1.0" 404 570 "-" "Mozilla/5.0 (compatible; MSIE 9.0; Windows NT 6.1; WOW64; Trident/5.0)" "-"
208.115.113.85 - - [13/Sep/2013:06:54:16 +0400] "GET /viewtopic.php?f=10&t=84500 HTTP/1.1" 404 168 "-" "Mozilla/5.0 (compatible; Ezooms/1.0; ezooms.bot@gmail.com)" "-"
117.26.60.79 - - [13/Sep/2013:06:54:59 +0400] "GET /viewtopic.php?f=10&t=38221&view=unread HTTP/1.1" 404 570 "-" "Mozilla/4.0   (compatible;   MSIE   7.0;   Windows   NT   5.1;   SV1;   Maxthon;   .NET   CLR   2.0.50727;   .NET   CLR   3.0.04506.30)" "-"
117.26.84.35 - - [13/Sep/2013:06:55:00 +0400] "GET /ucp.php?mode=login HTTP/1.1" 404 570 "http://phpbbconstructor.com/" "Mozilla/4.0 (compatible; MSIE 6.0; Windows NT 5.1; SV1;)" "-"
5.10.83.89 - - [13/Sep/2013:06:55:10 +0400] "GET /viewtopic.php?f=2&t=41478&view=unread HTTP/1.1" 404 168 "-" "Mozilla/5.0 (compatible; AhrefsBot/5.0; +http://ahrefs.com/robot/)" "-"
175.44.7.53 - - [13/Sep/2013:06:55:23 +0400] "GET /ucp.php?mode=login HTTP/1.1" 404 570 "http://phpbbconstructor.com/" "Mozilla/4.0 (compatible; MSIE 6.0; Windows NT 5.1; SV1;)" "-"
123.125.71.48 - - [13/Sep/2013:06:55:28 +0400] "GET / HTTP/1.1" 200 6019 "-" "Mozilla/5.0 (compatible; Baiduspider/2.0; +http://www.baidu.com/search/spider.html)" "-"
208.115.113.85 - - [13/Sep/2013:06:55:30 +0400] "GET /viewtopic.php?f=10&t=27366 HTTP/1.1" 404 168 "-" "Mozilla/5.0 (compatible; Ezooms/1.0; ezooms.bot@gmail.com)" "-"
5.10.83.87 - - [13/Sep/2013:06:55:37 +0400] "GET /viewtopic.php?f=3&t=123560 HTTP/1.1" 404 168 "-" "Mozilla/5.0 (compatible; AhrefsBot/5.0; +http://ahrefs.com/robot/)" "-"
74.91.24.227 - - [13/Sep/2013:06:56:42 +0400] "GET /viewtopic.php?f=10&t=104379 HTTP/1.0" 404 168 "http://phpbbconstructor.com/viewtopic.php?f=10&t=104379" "Opera/9.80 (Windows NT 6.1; U; ru) Presto/2.10.229 Version/11.64" "-"
74.91.24.227 - - [13/Sep/2013:06:56:42 +0400] "GET / HTTP/1.0" 200 6019 "http://phpbbconstructor.com/" "Opera/9.80 (Windows NT 6.1; U; ru) Presto/2.10.229 Version/11.64" "-"
220.181.108.123 - - [13/Sep/2013:06:56:59 +0400] "GET / HTTP/1.1" 200 6019 "-" "Mozilla/5.0 (compatible; Baiduspider/2.0; +http://www.baidu.com/search/spider.html)" "-"
218.6.71.170 - - [13/Sep/2013:06:57:29 +0400] "GET /ucp.php?mode=login HTTP/1.1" 404 570 "http://phpbbconstructor.com/" "Mozilla/4.0 (compatible; MSIE 6.0; Windows NT 5.1; SV1;)" "-"
192.187.118.172 - - [13/Sep/2013:06:57:47 +0400] "GET /viewtopic.php?f=10&t=104379 HTTP/1.0" 404 570 "http://phpbbconstructor.com/viewtopic.php?f=10&t=104379" "Mozilla/5.0 (compatible; MSIE 9.0; Windows NT 6.1; WOW64; Trident/5.0)" "-"
192.187.118.172 - - [13/Sep/2013:06:57:48 +0400] "GET / HTTP/1.0" 200 6019 "http://phpbbconstructor.com/" "Mozilla/5.0 (compatible; MSIE 9.0; Windows NT 6.1; WOW64; Trident/5.0)" "-"
208.115.113.85 - - [13/Sep/2013:06:58:13 +0400] "GET /viewtopic.php?f=9&t=70831 HTTP/1.1" 404 168 "-" "Mozilla/5.0 (compatible; Ezooms/1.0; ezooms.bot@gmail.com)" "-"
5.10.83.14 - - [13/Sep/2013:06:58:18 +0400] "GET /viewtopic.php?f=2&t=45524 HTTP/1.1" 404 168 "-" "Mozilla/5.0 (compatible; AhrefsBot/5.0; +http://ahrefs.com/robot/)" "-"
5.10.83.93 - - [13/Sep/2013:06:58:35 +0400] "GET /viewtopic.php?f=10&t=90912 HTTP/1.1" 404 168 "-" "Mozilla/5.0 (compatible; AhrefsBot/5.0; +http://ahrefs.com/robot/)" "-"
192.187.118.172 - - [13/Sep/2013:06:58:51 +0400] "GET /viewtopic.php?f=10&t=104379 HTTP/1.0" 404 570 "http://phpbbconstructor.com/viewtopic.php?f=10&t=104379" "Mozilla/5.0 (Windows NT 6.1) AppleWebKit/537.11 (KHTML, like Gecko) Chrome/23.0.1271.91 Safari/537.11" "-"
192.187.118.172 - - [13/Sep/2013:06:58:52 +0400] "GET / HTTP/1.0" 200 6019 "http://phpbbconstructor.com/" "Mozilla/5.0 (Windows NT 6.1) AppleWebKit/537.11 (KHTML, like Gecko) Chrome/23.0.1271.91 Safari/537.11" "-"
218.85.133.252 - - [13/Sep/2013:06:59:37 +0400] "GET / HTTP/1.0" 200 6019 "http://phpbbconstructor.com/" "Mozilla/4.0 (compatible; MSIE 6.0; Windows NT 5.1; SV1)" "-"
175.44.7.53 - - [13/Sep/2013:06:59:53 +0400] "GET /ucp.php?mode=login HTTP/1.1" 404 570 "http://phpbbconstructor.com/" "Mozilla/4.0 (compatible; MSIE 6.0; Windows NT 5.1; SV1;)" "-"
5.10.83.86 - - [13/Sep/2013:07:00:35 +0400] "GET /viewtopic.php?f=10&t=63348&view=unread HTTP/1.1" 404 168 "-" "Mozilla/5.0 (compatible; AhrefsBot/5.0; +http://ahrefs.com/robot/)" "-"
5.10.83.87 - - [13/Sep/2013:07:00:54 +0400] "GET /viewtopic.php?f=3&t=95173&view=unread HTTP/1.1" 404 168 "-" "Mozilla/5.0 (compatible; AhrefsBot/5.0; +http://ahrefs.com/robot/)" "-"
74.91.24.227 - - [13/Sep/2013:07:01:02 +0400] "GET /viewtopic.php?f=10&t=104379 HTTP/1.0" 404 168 "http://phpbbconstructor.com/viewtopic.php?f=10&t=104379" "Opera/9.80 (Windows NT 5.1; U; ru) Presto/2.10.289 Version/12.02" "-"
74.91.24.227 - - [13/Sep/2013:07:01:02 +0400] "GET / HTTP/1.0" 200 6019 "http://phpbbconstructor.com/" "Opera/9.80 (Windows NT 5.1; U; ru) Presto/2.10.289 Version/12.02" "-"
5.10.83.87 - - [13/Sep/2013:07:02:41 +0400] "GET /viewtopic.php?f=2&t=77875 HTTP/1.1" 404 168 "-" "Mozilla/5.0 (compatible; AhrefsBot/5.0; +http://ahrefs.com/robot/)" "-"
89.45.14.220 - - [13/Sep/2013:07:03:41 +0400] "GET /wp-login.php HTTP/1.1" 404 168 "-" "Opera/9.60 (J2ME/MIDP; Opera Mini/4.2.13918/670; U) Presto/2.2.0" "-"
89.45.14.220 - - [13/Sep/2013:07:03:41 +0400] "GET /administrator/index.php HTTP/1.1" 404 168 "-" "Opera/9.60 (J2ME/MIDP; Opera Mini/4.2.13918/670; U) Presto/2.2.0" "-"
89.45.14.220 - - [13/Sep/2013:07:03:41 +0400] "GET /admin.php HTTP/1.1" 404 168 "-" "Opera/9.60 (J2ME/MIDP; Opera Mini/4.2.13918/670; U) Presto/2.2.0" "-"
89.45.14.220 - - [13/Sep/2013:07:03:41 +0400] "GET /bitrix/admin/index.php?lang=en HTTP/1.1" 404 168 "-" "Opera/9.60 (J2ME/MIDP; Opera Mini/4.2.13918/670; U) Presto/2.2.0" "-"
89.45.14.220 - - [13/Sep/2013:07:03:41 +0400] "GET /admin/login.php HTTP/1.1" 404 168 "-" "Opera/9.60 (J2ME/MIDP; Opera Mini/4.2.13918/670; U) Presto/2.2.0" "-"
89.45.14.220 - - [13/Sep/2013:07:03:41 +0400] "GET /admin/ HTTP/1.1" 404 168 "-" "Opera/9.60 (J2ME/MIDP; Opera Mini/4.2.13918/670; U) Presto/2.2.0" "-"
79.143.187.164 - - [13/Sep/2013:07:03:52 +0400] "GET / HTTP/1.1" 301 184 "-" "Mozilla/5.0 (Windows; U; Windows NT 5.1; en-US; rv:1.8.1.1) Gecko/20061204 Firefox/2.0.0.1" "-"
79.143.187.164 - - [13/Sep/2013:07:03:52 +0400] "GET / HTTP/1.1" 206 5001 "-" "Mozilla/5.0 (Windows; U; Windows NT 5.1; en-US; rv:1.8.1.1) Gecko/20061204 Firefox/2.0.0.1" "-"
5.10.83.89 - - [13/Sep/2013:07:04:04 +0400] "GET /viewtopic.php?f=2&t=79734 HTTP/1.1" 404 168 "-" "Mozilla/5.0 (compatible; AhrefsBot/5.0; +http://ahrefs.com/robot/)" "-"
5.10.83.81 - - [13/Sep/2013:07:04:42 +0400] "GET /viewtopic.php?f=2&t=111025 HTTP/1.1" 404 168 "-" "Mozilla/5.0 (compatible; AhrefsBot/5.0; +http://ahrefs.com/robot/)" "-"
208.115.113.85 - - [13/Sep/2013:07:05:00 +0400] "GET /memberlist.php?mode=viewprofile&u=13097 HTTP/1.1" 404 168 "-" "Mozilla/5.0 (compatible; Ezooms/1.0; ezooms.bot@gmail.com)" "-"
208.115.113.85 - - [13/Sep/2013:07:05:01 +0400] "GET /memberlist.php?mode=viewprofile&u=19845 HTTP/1.1" 404 168 "-" "Mozilla/5.0 (compatible; Ezooms/1.0; ezooms.bot@gmail.com)" "-"
208.115.113.85 - - [13/Sep/2013:07:05:04 +0400] "GET /memberlist.php?mode=viewprofile&u=25991 HTTP/1.1" 404 168 "-" "Mozilla/5.0 (compatible; Ezooms/1.0; ezooms.bot@gmail.com)" "-"
208.115.113.85 - - [13/Sep/2013:07:05:05 +0400] "GET /memberlist.php?mode=viewprofile&u=26686 HTTP/1.1" 404 168 "-" "Mozilla/5.0 (compatible; Ezooms/1.0; ezooms.bot@gmail.com)" "-"
