91.121.5.209 - - [13/Sep/2013:10:39:05 +0400] "GET /ucp.php?mode=register&change_lang=en HTTP/1.1" 404 570 "http://phpbbconstructor.com/" "Mozilla/4.0 (compatible; MSIE 6.0; Windows NT 5.1; SV1;)" "-"
5.10.83.52 - - [13/Sep/2013:10:39:15 +0400] "GET /viewtopic.php?f=3&t=24950&view=unread HTTP/1.1" 404 168 "-" "Mozilla/5.0 (compatible; AhrefsBot/5.0; +http://ahrefs.com/robot/)" "-"
5.10.83.45 - - [13/Sep/2013:10:39:51 +0400] "GET /viewtopic.php?f=2&t=84311 HTTP/1.1" 404 168 "-" "Mozilla/5.0 (compatible; AhrefsBot/5.0; +http://ahrefs.com/robot/)" "-"
5.10.83.60 - - [13/Sep/2013:10:40:03 +0400] "GET /viewtopic.php?f=3&t=90565&view=unread HTTP/1.1" 404 168 "-" "Mozilla/5.0 (compatible; AhrefsBot/5.0; +http://ahrefs.com/robot/)" "-"
5.10.83.59 - - [13/Sep/2013:10:42:07 +0400] "GET /viewtopic.php?f=9&t=100695 HTTP/1.1" 404 168 "-" "Mozilla/5.0 (compatible; AhrefsBot/5.0; +http://ahrefs.com/robot/)" "-"
27.153.184.121 - - [13/Sep/2013:10:43:17 +0400] "GET / HTTP/1.0" 200 6019 "http://phpbbconstructor.com/" "Opera/9.80 (Windows NT 6.1; U; ru) Presto/2.10.289 Version/12.02" "-"
63.141.233.147 - - [13/Sep/2013:10:43:45 +0400] "GET /viewtopic.php?f=9&t=129816 HTTP/1.0" 404 570 "http://phpbbconstructor.com/viewtopic.php?f=9&t=129816" "Mozilla/5.0 (Windows NT 6.1; WOW64) AppleWebKit/537.11 (KHTML, like Gecko) Chrome/23.0.1.0 Safari/537.11" "-"
63.141.233.147 - - [13/Sep/2013:10:43:46 +0400] "GET / HTTP/1.0" 200 6019 "http://phpbbconstructor.com/" "Mozilla/5.0 (Windows NT 6.1; WOW64) AppleWebKit/537.11 (KHTML, like Gecko) Chrome/23.0.1.0 Safari/537.11" "-"
5.10.83.45 - - [13/Sep/2013:10:43:51 +0400] "GET /viewtopic.php?f=2&t=121026 HTTP/1.1" 404 168 "-" "Mozilla/5.0 (compatible; AhrefsBot/5.0; +http://ahrefs.com/robot/)" "-"
95.108.129.207 - - [13/Sep/2013:10:44:48 +0400] "GET / HTTP/1.1" 200 13704 "-" "Mozilla/5.0 (compatible; YandexMetrika/2.0; +http://yandex.com/bots mon1)" "-"
59.58.136.24 - - [13/Sep/2013:10:45:04 +0400] "GET /ucp.php?mode=register&change_lang=en HTTP/1.1" 404 570 "http://phpbbconstructor.com/" "Mozilla/4.0 (compatible; MSIE 6.0; Windows NT 5.1; SV1;)" "-"
192.187.118.172 - - [13/Sep/2013:10:46:38 +0400] "GET /viewtopic.php?f=10&t=100026 HTTP/1.0" 404 570 "http://phpbbconstructor.com/viewtopic.php?f=10&t=100026" "Mozilla/5.0 (Windows NT 6.1) AppleWebKit/535.12 (KHTML, like Gecko) Maxthon/3.0 Chrome/18.0.966.0 Safari/535.12" "-"
192.187.118.172 - - [13/Sep/2013:10:46:38 +0400] "GET / HTTP/1.0" 200 6019 "http://phpbbconstructor.com/" "Mozilla/5.0 (Windows NT 6.1) AppleWebKit/535.12 (KHTML, like Gecko) Maxthon/3.0 Chrome/18.0.966.0 Safari/535.12" "-"
63.141.233.147 - - [13/Sep/2013:10:46:54 +0400] "GET /viewtopic.php?f=3&t=115164 HTTP/1.0" 404 168 "http://phpbbconstructor.com/viewtopic.php?f=3&t=115164" "Opera/9.80 (Windows NT 6.2; U; en) Presto/2.10.289 Version/12.02" "-"
63.141.233.147 - - [13/Sep/2013:10:46:55 +0400] "GET / HTTP/1.0" 200 6019 "http://phpbbconstructor.com/" "Opera/9.80 (Windows NT 6.2; U; en) Presto/2.10.289 Version/12.02" "-"
5.10.83.60 - - [13/Sep/2013:10:47:08 +0400] "GET /viewtopic.php?f=2&t=100435&view=unread HTTP/1.1" 404 168 "-" "Mozilla/5.0 (compatible; AhrefsBot/5.0; +http://ahrefs.com/robot/)" "-"
110.85.114.154 - - [13/Sep/2013:10:47:41 +0400] "GET /ucp.php?mode=register&change_lang=en HTTP/1.1" 404 570 "http://phpbbconstructor.com/" "Mozilla/4.0 (compatible; MSIE 6.0; Windows NT 5.1; SV1;)" "-"
213.186.119.132 - - [13/Sep/2013:10:47:54 +0400] "GET /feed.php?f=10 HTTP/1.1" 404 168 "-" "AhrefsBot.Feeds v0.1; http://ahrefs.com/" "-"
192.187.118.172 - - [13/Sep/2013:10:48:18 +0400] "GET /viewtopic.php?f=10&t=100026 HTTP/1.0" 404 168 "http://phpbbconstructor.com/viewtopic.php?f=10&t=100026" "Mozilla/5.0 (Windows NT 6.1; rv:10.0.2) Gecko/20100101 Firefox/10.0.2" "-"
192.187.118.172 - - [13/Sep/2013:10:48:18 +0400] "GET / HTTP/1.0" 200 6019 "http://phpbbconstructor.com/" "Mozilla/5.0 (Windows NT 6.1; rv:10.0.2) Gecko/20100101 Firefox/10.0.2" "-"
63.141.233.147 - - [13/Sep/2013:10:49:22 +0400] "GET /viewtopic.php?f=10&t=33600 HTTP/1.0" 404 570 "http://phpbbconstructor.com/viewtopic.php?f=10&t=33600" "Mozilla/5.0 (Windows NT 6.1) AppleWebKit/537.11 (KHTML, like Gecko) Chrome/23.0.1271.91 Safari/537.11" "-"
63.141.233.147 - - [13/Sep/2013:10:49:22 +0400] "GET / HTTP/1.0" 200 6019 "http://phpbbconstructor.com/" "Mozilla/5.0 (Windows NT 6.1) AppleWebKit/537.11 (KHTML, like Gecko) Chrome/23.0.1271.91 Safari/537.11" "-"
137.175.63.188 - - [13/Sep/2013:10:49:36 +0400] "GET /viewtopic.php?f=3&t=90060 HTTP/1.0" 404 168 "http://phpbbconstructor.com/viewtopic.php?f=3&t=90060" "Opera/9.80 (Windows NT 6.1; Win64; x64; Edition Yx) Presto/2.12.388 Version/12.10" "-"
137.175.63.188 - - [13/Sep/2013:10:49:37 +0400] "GET / HTTP/1.0" 200 6019 "http://phpbbconstructor.com/" "Opera/9.80 (Windows NT 6.1; Win64; x64; Edition Yx) Presto/2.12.388 Version/12.10" "-"
74.91.24.227 - - [13/Sep/2013:10:49:42 +0400] "GET /viewtopic.php?f=10&t=100026 HTTP/1.0" 404 570 "http://phpbbconstructor.com/viewtopic.php?f=10&t=100026" "Mozilla/5.0 (Windows NT 5.1) AppleWebKit/537.11 (KHTML, like Gecko) Chrome/23.0.1271.91 Safari/537.11" "-"
74.91.24.227 - - [13/Sep/2013:10:49:44 +0400] "GET / HTTP/1.0" 200 6019 "http://phpbbconstructor.com/" "Mozilla/5.0 (Windows NT 5.1) AppleWebKit/537.11 (KHTML, like Gecko) Chrome/23.0.1271.91 Safari/537.11" "-"
5.10.83.14 - - [13/Sep/2013:10:50:58 +0400] "GET /viewtopic.php?f=10&t=95042 HTTP/1.1" 404 168 "-" "Mozilla/5.0 (compatible; AhrefsBot/5.0; +http://ahrefs.com/robot/)" "-"
121.205.215.251 - - [13/Sep/2013:10:51:02 +0400] "GET /viewtopic.php?f=10&t=101362 HTTP/1.0" 404 168 "http://phpbbconstructor.com/viewtopic.php?f=10&t=101362" "Mozilla/5.0 (Windows NT 6.1; rv:15.0) Gecko/20100101 Firefox/15.0.1" "-"
121.205.215.251 - - [13/Sep/2013:10:51:15 +0400] "GET / HTTP/1.0" 200 6019 "http://phpbbconstructor.com/" "Mozilla/5.0 (Windows NT 6.1; rv:15.0) Gecko/20100101 Firefox/15.0.1" "-"
142.54.160.99 - - [13/Sep/2013:10:52:03 +0400] "GET / HTTP/1.0" 200 6019 "http://phpbbconstructor.com/" "Mozilla/5.0 (Windows NT 6.0; rv:17.0) Gecko/17.0 Firefox/17.0" "-"
112.111.184.234 - - [13/Sep/2013:10:53:32 +0400] "GET / HTTP/1.1" 200 6019 "http://phpbbconstructor.com/" "Mozilla/4.0 (compatible; MSIE 6.0; Windows NT 5.1; SV1;)" "-"
112.111.184.234 - - [13/Sep/2013:10:53:32 +0400] "GET / HTTP/1.1" 200 6019 "http://phpbbconstructor.com/" "Mozilla/4.0 (compatible; MSIE 6.0; Windows NT 5.1; SV1;)" "-"
112.111.184.234 - - [13/Sep/2013:10:53:33 +0400] "GET / HTTP/1.1" 200 6019 "http://phpbbconstructor.com/" "Mozilla/4.0 (compatible; MSIE 6.0; Windows NT 5.1; SV1;)" "-"
192.187.118.172 - - [13/Sep/2013:10:53:43 +0400] "GET /viewtopic.php?f=10&t=50719&view=unread HTTP/1.0" 404 168 "http://phpbbconstructor.com/viewtopic.php?f=10&t=50719&view=unread#unread" "Mozilla/5.0 (Windows NT 6.1; WOW64; rv:15.0) Gecko/20100101 Firefox/15.0" "-"
192.187.118.172 - - [13/Sep/2013:10:53:44 +0400] "GET / HTTP/1.0" 200 6019 "http://phpbbconstructor.com/" "Mozilla/5.0 (Windows NT 6.1; WOW64; rv:15.0) Gecko/20100101 Firefox/15.0" "-"
178.154.224.114 - - [13/Sep/2013:10:54:21 +0400] "GET / HTTP/1.1" 200 6019 "-" "Mozilla/5.0 (compatible; YandexMetrika/2.0; +http://yandex.com/bots TEST)" "-"
5.10.83.59 - - [13/Sep/2013:10:54:22 +0400] "GET /viewtopic.php?f=3&t=87229 HTTP/1.1" 404 168 "-" "Mozilla/5.0 (compatible; AhrefsBot/5.0; +http://ahrefs.com/robot/)" "-"
192.187.118.172 - - [13/Sep/2013:10:54:29 +0400] "GET /viewtopic.php?f=2&t=42755&view=unread HTTP/1.0" 404 168 "http://phpbbconstructor.com/viewtopic.php?f=2&t=42755&view=unread#unread" "Opera/9.80 (Windows NT 6.2; U; en) Presto/2.10.289 Version/12.02" "-"
192.187.118.172 - - [13/Sep/2013:10:54:29 +0400] "GET / HTTP/1.0" 200 6019 "http://phpbbconstructor.com/" "Opera/9.80 (Windows NT 6.2; U; en) Presto/2.10.289 Version/12.02" "-"
5.10.83.14 - - [13/Sep/2013:10:54:38 +0400] "GET /viewtopic.php?f=10&t=43147 HTTP/1.1" 404 168 "-" "Mozilla/5.0 (compatible; AhrefsBot/5.0; +http://ahrefs.com/robot/)" "-"
5.10.83.87 - - [13/Sep/2013:10:54:38 +0400] "GET /viewtopic.php?f=10&t=15250&p=19481 HTTP/1.1" 404 168 "-" "Mozilla/5.0 (compatible; AhrefsBot/5.0; +http://ahrefs.com/robot/)" "-"
192.74.229.120 - - [13/Sep/2013:10:55:30 +0400] "GET / HTTP/1.0" 200 6019 "http://phpbbconstructor.com/" "Mozilla/4.0 (compatible; MSIE 8.0; Windows NT 5.1; Trident/4.0; MRA 6.0 (build 5993); MRA 8.0 (build 5784); InfoPath.2)" "-"
192.187.118.172 - - [13/Sep/2013:10:55:37 +0400] "GET /viewtopic.php?f=10&t=50719&view=unread HTTP/1.0" 404 570 "http://phpbbconstructor.com/viewtopic.php?f=10&t=50719&view=unread#unread" "Mozilla/5.0 (Windows NT 6.1; WOW64) AppleWebKit/537.4 (KHTML, like Gecko) Chrome/22.0.1229.79 Safari/537.4" "-"
192.187.118.172 - - [13/Sep/2013:10:55:37 +0400] "GET / HTTP/1.0" 200 6019 "http://phpbbconstructor.com/" "Mozilla/5.0 (Windows NT 6.1; WOW64) AppleWebKit/537.4 (KHTML, like Gecko) Chrome/22.0.1229.79 Safari/537.4" "-"
208.115.113.85 - - [13/Sep/2013:10:55:42 +0400] "GET /viewtopic.php?f=3&t=106239 HTTP/1.1" 404 168 "-" "Mozilla/5.0 (compatible; Ezooms/1.0; ezooms.bot@gmail.com)" "-"
192.187.118.172 - - [13/Sep/2013:10:56:05 +0400] "GET /viewtopic.php?f=2&t=42755&view=unread HTTP/1.0" 404 168 "http://phpbbconstructor.com/viewtopic.php?f=2&t=42755&view=unread#unread" "Opera/9.80 (Windows NT 6.1; WOW64; MRA 6.0 (build 6001)) Presto/2.12.388 Version/12.11" "-"
192.187.118.172 - - [13/Sep/2013:10:56:05 +0400] "GET / HTTP/1.0" 200 6019 "http://phpbbconstructor.com/" "Opera/9.80 (Windows NT 6.1; WOW64; MRA 6.0 (build 6001)) Presto/2.12.388 Version/12.11" "-"
192.187.118.172 - - [13/Sep/2013:10:56:21 +0400] "GET /viewtopic.php?f=10&t=43676&view=unread HTTP/1.0" 404 570 "http://phpbbconstructor.com/viewtopic.php?f=10&t=43676&view=unread" "Mozilla/4.0 (compatible; MSIE 7.0; Windows NT 5.1; Trident/4.0)" "-"
192.187.118.172 - - [13/Sep/2013:10:56:21 +0400] "GET /viewtopic.php?f=10&t=43676&view=unread HTTP/1.0" 404 570 "http://phpbbconstructor.com/viewtopic.php?f=10&t=43676&view=unread" "Mozilla/4.0 (compatible; MSIE 7.0; Windows NT 5.1; Trident/4.0)" "-"
192.187.118.172 - - [13/Sep/2013:10:56:22 +0400] "GET /viewtopic.php?f=10&t=43676&view=unread HTTP/1.0" 404 570 "http://phpbbconstructor.com/viewtopic.php?f=10&t=43676&view=unread" "Mozilla/4.0 (compatible; MSIE 7.0; Windows NT 5.1; Trident/4.0)" "-"
192.187.118.172 - - [13/Sep/2013:10:56:23 +0400] "GET /viewtopic.php?f=10&t=43676&view=unread HTTP/1.0" 404 570 "http://phpbbconstructor.com/viewtopic.php?f=10&t=43676&view=unread" "Mozilla/4.0 (compatible; MSIE 7.0; Windows NT 5.1; Trident/4.0)" "-"
192.187.118.172 - - [13/Sep/2013:10:56:24 +0400] "GET /viewtopic.php?f=10&t=43676&view=unread HTTP/1.0" 404 570 "http://phpbbconstructor.com/viewtopic.php?f=10&t=43676&view=unread" "Mozilla/4.0 (compatible; MSIE 7.0; Windows NT 5.1; Trident/4.0)" "-"
192.187.118.172 - - [13/Sep/2013:10:56:24 +0400] "GET /viewtopic.php?f=10&t=43676&view=unread HTTP/1.0" 404 570 "http://phpbbconstructor.com/viewtopic.php?f=10&t=43676&view=unread" "Mozilla/4.0 (compatible; MSIE 7.0; Windows NT 5.1; Trident/4.0)" "-"
192.187.118.172 - - [13/Sep/2013:10:56:26 +0400] "GET /viewtopic.php?f=10&t=43676&view=unread HTTP/1.0" 404 570 "http://phpbbconstructor.com/viewtopic.php?f=10&t=43676&view=unread" "Mozilla/4.0 (compatible; MSIE 7.0; Windows NT 5.1; Trident/4.0)" "-"
192.187.118.172 - - [13/Sep/2013:10:56:27 +0400] "GET /viewtopic.php?f=10&t=43676&view=unread HTTP/1.0" 404 570 "http://phpbbconstructor.com/viewtopic.php?f=10&t=43676&view=unread" "Mozilla/4.0 (compatible; MSIE 7.0; Windows NT 5.1; Trident/4.0)" "-"
74.91.24.227 - - [13/Sep/2013:10:56:27 +0400] "GET /viewtopic.php?f=10&t=50719&view=unread HTTP/1.0" 404 168 "http://phpbbconstructor.com/viewtopic.php?f=10&t=50719&view=unread#unread" "Opera/9.80 (Windows NT 6.1) Presto/2.12.388 Version/12.11" "-"
74.91.24.227 - - [13/Sep/2013:10:56:27 +0400] "GET / HTTP/1.0" 200 6019 "http://phpbbconstructor.com/" "Opera/9.80 (Windows NT 6.1) Presto/2.12.388 Version/12.11" "-"
123.125.71.27 - - [13/Sep/2013:10:56:38 +0400] "GET / HTTP/1.1" 200 6019 "-" "Mozilla/5.0 (compatible; Baiduspider/2.0; +http://www.baidu.com/search/spider.html)" "-"
192.187.118.172 - - [13/Sep/2013:10:56:54 +0400] "GET /viewtopic.php?f=2&t=42755&view=unread HTTP/1.0" 404 168 "http://phpbbconstructor.com/viewtopic.php?f=2&t=42755&view=unread#unread" "Mozilla/5.0 (Windows NT 6.1; rv:10.0.2) Gecko/20100101 Firefox/10.0.2" "-"
192.187.118.172 - - [13/Sep/2013:10:56:55 +0400] "GET / HTTP/1.0" 200 6019 "http://phpbbconstructor.com/" "Mozilla/5.0 (Windows NT 6.1; rv:10.0.2) Gecko/20100101 Firefox/10.0.2" "-"
176.9.149.239 - - [13/Sep/2013:10:57:03 +0400] "GET / HTTP/1.1" 200 13704 "-" "Mozilla/5.0 (Windows; U; Windows NT 5.1; ru; rv:1.8.1.20) Gecko/20081217 Firefox/2.0.0.20" "-"
5.10.83.87 - - [13/Sep/2013:10:57:06 +0400] "GET /viewtopic.php?f=3&t=37856 HTTP/1.1" 404 168 "-" "Mozilla/5.0 (compatible; AhrefsBot/5.0; +http://ahrefs.com/robot/)" "-"
142.54.160.99 - - [13/Sep/2013:10:57:28 +0400] "GET / HTTP/1.0" 200 6019 "http://phpbbconstructor.com/" "Mozilla/5.0 (iPad; CPU OS 6_0 like Mac OS X) AppleWebKit/536.26 (KHTML, like Gecko) Version/6.0 Mobile/10A403 Safari/8536.25" "-"
192.187.118.172 - - [13/Sep/2013:10:57:42 +0400] "GET /viewtopic.php?f=10&t=43676&view=unread HTTP/1.0" 404 168 "http://phpbbconstructor.com/viewtopic.php?f=10&t=43676&view=unread" "Mozilla/5.0 (Windows; U; Windows NT 6.1; ru; rv:1.9.2.28) Gecko/20120306 Firefox/3.6.28 sputnik 2.5.2.8" "-"
192.187.118.172 - - [13/Sep/2013:10:57:43 +0400] "GET /viewtopic.php?f=10&t=43676&view=unread HTTP/1.0" 404 168 "http://phpbbconstructor.com/viewtopic.php?f=10&t=43676&view=unread" "Mozilla/5.0 (Windows; U; Windows NT 6.1; ru; rv:1.9.2.28) Gecko/20120306 Firefox/3.6.28 sputnik 2.5.2.8" "-"
192.187.118.172 - - [13/Sep/2013:10:57:43 +0400] "GET /viewtopic.php?f=10&t=43676&view=unread HTTP/1.0" 404 168 "http://phpbbconstructor.com/viewtopic.php?f=10&t=43676&view=unread" "Mozilla/5.0 (Windows; U; Windows NT 6.1; ru; rv:1.9.2.28) Gecko/20120306 Firefox/3.6.28 sputnik 2.5.2.8" "-"
5.10.83.52 - - [13/Sep/2013:10:57:44 +0400] "GET /viewtopic.php?f=10&t=47205 HTTP/1.1" 404 168 "-" "Mozilla/5.0 (compatible; AhrefsBot/5.0; +http://ahrefs.com/robot/)" "-"
192.187.118.172 - - [13/Sep/2013:10:57:45 +0400] "GET /viewtopic.php?f=10&t=43676&view=unread HTTP/1.0" 404 168 "http://phpbbconstructor.com/viewtopic.php?f=10&t=43676&view=unread" "Mozilla/5.0 (Windows; U; Windows NT 6.1; ru; rv:1.9.2.28) Gecko/20120306 Firefox/3.6.28 sputnik 2.5.2.8" "-"
192.187.118.172 - - [13/Sep/2013:10:57:45 +0400] "GET /viewtopic.php?f=10&t=43676&view=unread HTTP/1.0" 404 168 "http://phpbbconstructor.com/viewtopic.php?f=10&t=43676&view=unread" "Mozilla/5.0 (Windows; U; Windows NT 6.1; ru; rv:1.9.2.28) Gecko/20120306 Firefox/3.6.28 sputnik 2.5.2.8" "-"
192.187.118.172 - - [13/Sep/2013:10:57:46 +0400] "GET /viewtopic.php?f=10&t=43676&view=unread HTTP/1.0" 404 168 "http://phpbbconstructor.com/viewtopic.php?f=10&t=43676&view=unread" "Mozilla/5.0 (Windows; U; Windows NT 6.1; ru; rv:1.9.2.28) Gecko/20120306 Firefox/3.6.28 sputnik 2.5.2.8" "-"
192.187.118.172 - - [13/Sep/2013:10:57:47 +0400] "GET /viewtopic.php?f=10&t=43676&view=unread HTTP/1.0" 404 168 "http://phpbbconstructor.com/viewtopic.php?f=10&t=43676&view=unread" "Mozilla/5.0 (Windows; U; Windows NT 6.1; ru; rv:1.9.2.28) Gecko/20120306 Firefox/3.6.28 sputnik 2.5.2.8" "-"
192.187.118.172 - - [13/Sep/2013:10:57:48 +0400] "GET /viewtopic.php?f=10&t=43676&view=unread HTTP/1.0" 404 168 "http://phpbbconstructor.com/viewtopic.php?f=10&t=43676&view=unread" "Mozilla/5.0 (Windows; U; Windows NT 6.1; ru; rv:1.9.2.28) Gecko/20120306 Firefox/3.6.28 sputnik 2.5.2.8" "-"
192.187.118.172 - - [13/Sep/2013:10:58:02 +0400] "GET /viewtopic.php?f=2&t=27578&view=unread HTTP/1.0" 404 168 "http://phpbbconstructor.com/viewtopic.php?f=2&t=27578&view=unread#unread" "Opera/9.80 (Windows NT 6.1) Presto/2.12.388 Version/12.11" "-"
192.187.118.172 - - [13/Sep/2013:10:58:03 +0400] "GET / HTTP/1.0" 200 6019 "http://phpbbconstructor.com/" "Opera/9.80 (Windows NT 6.1) Presto/2.12.388 Version/12.11" "-"
220.181.108.92 - - [13/Sep/2013:10:58:28 +0400] "GET / HTTP/1.1" 200 6019 "-" "Mozilla/5.0 (compatible; Baiduspider/2.0; +http://www.baidu.com/search/spider.html)" "-"
192.187.118.172 - - [13/Sep/2013:10:58:32 +0400] "GET /viewtopic.php?f=10&t=43676&view=unread HTTP/1.0" 404 570 "http://phpbbconstructor.com/viewtopic.php?f=10&t=43676&view=unread" "Mozilla/5.0 (Windows NT 5.1) AppleWebKit/537.4 (KHTML, like Gecko) Chrome/22.0.1229.94 Safari/537.4" "-"
192.187.118.172 - - [13/Sep/2013:10:58:32 +0400] "GET /viewtopic.php?f=10&t=43676&view=unread HTTP/1.0" 404 570 "http://phpbbconstructor.com/viewtopic.php?f=10&t=43676&view=unread" "Mozilla/5.0 (Windows NT 5.1) AppleWebKit/537.4 (KHTML, like Gecko) Chrome/22.0.1229.94 Safari/537.4" "-"
192.187.118.172 - - [13/Sep/2013:10:58:32 +0400] "GET /viewtopic.php?f=10&t=43676&view=unread HTTP/1.0" 404 570 "http://phpbbconstructor.com/viewtopic.php?f=10&t=43676&view=unread" "Mozilla/5.0 (Windows NT 5.1) AppleWebKit/537.4 (KHTML, like Gecko) Chrome/22.0.1229.94 Safari/537.4" "-"
192.187.118.172 - - [13/Sep/2013:10:58:34 +0400] "GET /viewtopic.php?f=10&t=43676&view=unread HTTP/1.0" 404 570 "http://phpbbconstructor.com/viewtopic.php?f=10&t=43676&view=unread" "Mozilla/5.0 (Windows NT 5.1) AppleWebKit/537.4 (KHTML, like Gecko) Chrome/22.0.1229.94 Safari/537.4" "-"
192.187.118.172 - - [13/Sep/2013:10:58:34 +0400] "GET /viewtopic.php?f=10&t=43676&view=unread HTTP/1.0" 404 570 "http://phpbbconstructor.com/viewtopic.php?f=10&t=43676&view=unread" "Mozilla/5.0 (Windows NT 5.1) AppleWebKit/537.4 (KHTML, like Gecko) Chrome/22.0.1229.94 Safari/537.4" "-"
192.187.118.172 - - [13/Sep/2013:10:58:35 +0400] "GET /viewtopic.php?f=10&t=43676&view=unread HTTP/1.0" 404 570 "http://phpbbconstructor.com/viewtopic.php?f=10&t=43676&view=unread" "Mozilla/5.0 (Windows NT 5.1) AppleWebKit/537.4 (KHTML, like Gecko) Chrome/22.0.1229.94 Safari/537.4" "-"
208.115.113.85 - - [13/Sep/2013:10:58:36 +0400] "GET /viewtopic.php?f=3&t=92478 HTTP/1.1" 404 168 "-" "Mozilla/5.0 (compatible; Ezooms/1.0; ezooms.bot@gmail.com)" "-"
192.187.118.172 - - [13/Sep/2013:10:58:36 +0400] "GET /viewtopic.php?f=10&t=43676&view=unread HTTP/1.0" 404 570 "http://phpbbconstructor.com/viewtopic.php?f=10&t=43676&view=unread" "Mozilla/5.0 (Windows NT 5.1) AppleWebKit/537.4 (KHTML, like Gecko) Chrome/22.0.1229.94 Safari/537.4" "-"
192.187.118.172 - - [13/Sep/2013:10:58:37 +0400] "GET /viewtopic.php?f=10&t=43676&view=unread HTTP/1.0" 404 570 "http://phpbbconstructor.com/viewtopic.php?f=10&t=43676&view=unread" "Mozilla/5.0 (Windows NT 5.1) AppleWebKit/537.4 (KHTML, like Gecko) Chrome/22.0.1229.94 Safari/537.4" "-"
178.154.224.114 - - [13/Sep/2013:10:58:48 +0400] "GET / HTTP/1.1" 200 13704 "-" "Mozilla/5.0 (compatible; YandexMetrika/2.0; +http://yandex.com/bots TEST)" "-"
5.10.83.89 - - [13/Sep/2013:10:58:50 +0400] "GET /viewtopic.php?f=3&t=57868 HTTP/1.1" 404 168 "-" "Mozilla/5.0 (compatible; AhrefsBot/5.0; +http://ahrefs.com/robot/)" "-"
5.10.83.31 - - [13/Sep/2013:10:58:59 +0400] "GET /viewtopic.php?f=3&t=41077 HTTP/1.1" 404 168 "-" "Mozilla/5.0 (compatible; AhrefsBot/5.0; +http://ahrefs.com/robot/)" "-"
213.180.206.197 - - [13/Sep/2013:10:59:06 +0400] "GET / HTTP/1.1" 200 13704 "-" "Mozilla/5.0 (compatible; YandexMetrika/2.0; +http://yandex.com/bots mon2)" "-"
5.10.83.89 - - [13/Sep/2013:10:59:49 +0400] "GET /viewtopic.php?f=10&t=43070&view=unread HTTP/1.1" 404 168 "-" "Mozilla/5.0 (compatible; AhrefsBot/5.0; +http://ahrefs.com/robot/)" "-"
5.10.83.59 - - [13/Sep/2013:11:00:02 +0400] "GET /viewtopic.php?f=10&t=79802 HTTP/1.1" 404 168 "-" "Mozilla/5.0 (compatible; AhrefsBot/5.0; +http://ahrefs.com/robot/)" "-"
218.6.2.219 - - [13/Sep/2013:11:00:21 +0400] "GET /ucp.php?mode=login HTTP/1.1" 404 570 "http://phpbbconstructor.com/" "Mozilla/4.0 (compatible; MSIE 6.0; Windows NT 5.1; SV1;)" "-"
66.249.73.58 - - [13/Sep/2013:11:00:38 +0400] "GET /viewtopic.php?f=3&t=37534 HTTP/1.1" 404 168 "-" "Mozilla/5.0 (compatible; Googlebot/2.1; +http://www.google.com/bot.html)" "-"
5.10.83.14 - - [13/Sep/2013:11:01:01 +0400] "GET /viewtopic.php?f=10&t=69662 HTTP/1.1" 404 168 "-" "Mozilla/5.0 (compatible; AhrefsBot/5.0; +http://ahrefs.com/robot/)" "-"
218.6.2.219 - - [13/Sep/2013:11:01:39 +0400] "GET /ucp.php?mode=login HTTP/1.1" 404 570 "http://phpbbconstructor.com/" "Mozilla/4.0 (compatible; MSIE 6.0; Windows NT 5.1; SV1;)" "-"
37.187.77.110 - - [13/Sep/2013:11:01:48 +0400] "GET /ucp.php?mode=register&change_lang=en HTTP/1.1" 404 570 "http://phpbbconstructor.com/" "Mozilla/4.0 (compatible; MSIE 6.0; Windows NT 5.1; SV1;)" "-"
5.10.83.81 - - [13/Sep/2013:11:02:58 +0400] "GET /viewtopic.php?f=9&t=123561 HTTP/1.1" 404 168 "-" "Mozilla/5.0 (compatible; AhrefsBot/5.0; +http://ahrefs.com/robot/)" "-"
5.10.83.45 - - [13/Sep/2013:11:03:11 +0400] "GET /viewtopic.php?f=3&t=43474&view=unread HTTP/1.1" 404 168 "-" "Mozilla/5.0 (compatible; AhrefsBot/5.0; +http://ahrefs.com/robot/)" "-"
5.10.83.60 - - [13/Sep/2013:11:05:10 +0400] "GET /viewtopic.php?f=10&t=100571 HTTP/1.1" 404 168 "-" "Mozilla/5.0 (compatible; AhrefsBot/5.0; +http://ahrefs.com/robot/)" "-"
208.115.113.85 - - [13/Sep/2013:11:06:22 +0400] "GET /memberlist.php?mode=viewprofile&u=7924 HTTP/1.1" 404 168 "-" "Mozilla/5.0 (compatible; Ezooms/1.0; ezooms.bot@gmail.com)" "-"
208.115.113.85 - - [13/Sep/2013:11:06:23 +0400] "GET /memberlist.php?mode=viewprofile&u=8070 HTTP/1.1" 404 168 "-" "Mozilla/5.0 (compatible; Ezooms/1.0; ezooms.bot@gmail.com)" "-"
208.115.113.85 - - [13/Sep/2013:11:06:25 +0400] "GET /viewforum.php?f=1 HTTP/1.1" 404 168 "-" "Mozilla/5.0 (compatible; Ezooms/1.0; ezooms.bot@gmail.com)" "-"
208.115.113.85 - - [13/Sep/2013:11:06:26 +0400] "GET /viewtopic.php?f=10&t=25253&p=31353 HTTP/1.1" 404 168 "-" "Mozilla/5.0 (compatible; Ezooms/1.0; ezooms.bot@gmail.com)" "-"
208.115.113.85 - - [13/Sep/2013:11:06:28 +0400] "GET /viewtopic.php?f=2&t=25271 HTTP/1.1" 404 168 "-" "Mozilla/5.0 (compatible; Ezooms/1.0; ezooms.bot@gmail.com)" "-"
208.115.113.85 - - [13/Sep/2013:11:06:29 +0400] "GET /viewtopic.php?f=2&t=29199&p=36650 HTTP/1.1" 404 168 "-" "Mozilla/5.0 (compatible; Ezooms/1.0; ezooms.bot@gmail.com)" "-"
192.187.118.172 - - [13/Sep/2013:11:08:08 +0400] "GET /viewtopic.php?f=10&t=100026 HTTP/1.0" 404 168 "http://phpbbconstructor.com/viewtopic.php?f=10&t=100026" "Mozilla/5.0 (Windows NT 6.0; rv:17.0) Gecko/17.0 Firefox/17.0" "-"
192.187.118.172 - - [13/Sep/2013:11:08:08 +0400] "GET / HTTP/1.0" 200 6019 "http://phpbbconstructor.com/" "Mozilla/5.0 (Windows NT 6.0; rv:17.0) Gecko/17.0 Firefox/17.0" "-"
27.159.200.33 - - [13/Sep/2013:11:08:35 +0400] "GET /ucp.php?mode=register&change_lang=en HTTP/1.1" 404 570 "http://phpbbconstructor.com/" "Mozilla/4.0 (compatible; MSIE 6.0; Windows NT 5.1; SV1;)" "-"
192.187.118.172 - - [13/Sep/2013:11:09:55 +0400] "GET /viewtopic.php?f=10&t=100026 HTTP/1.0" 404 168 "http://phpbbconstructor.com/viewtopic.php?f=10&t=100026" "Opera/9.80 (Windows NT 6.1; Win64; x64) Presto/2.12.388 Version/12.10" "-"
192.187.118.172 - - [13/Sep/2013:11:09:55 +0400] "GET / HTTP/1.0" 200 6019 "http://phpbbconstructor.com/" "Opera/9.80 (Windows NT 6.1; Win64; x64) Presto/2.12.388 Version/12.10" "-"
142.54.182.10 - - [13/Sep/2013:11:10:17 +0400] "GET /viewtopic.php?f=9&t=128024&view=unread HTTP/1.0" 404 570 "http://phpbbconstructor.com/viewtopic.php?f=9&t=128024&view=unread#unread" "Mozilla/4.0 (compatible; MSIE 8.0; Windows NT 5.1; Trident/4.0; GTB7.4; MRA 6.0 (build 6005); User-agent: Mozilla/4.0 (compatible; MSIE 6.0; Windows NT 5.1; SV1); .NET CLR 1.1.4322; .NET CLR 2.0.50727; .NET CLR 3.0.4506.2152; .NET CLR 3.5.30729; InfoPath.1; .NET4.0C; .NET4.0E; MRIE8PACK 2.0.1)" "-"
142.54.182.10 - - [13/Sep/2013:11:10:18 +0400] "GET / HTTP/1.0" 200 6019 "http://phpbbconstructor.com/" "Mozilla/4.0 (compatible; MSIE 8.0; Windows NT 5.1; Trident/4.0; GTB7.4; MRA 6.0 (build 6005); User-agent: Mozilla/4.0 (compatible; MSIE 6.0; Windows NT 5.1; SV1); .NET CLR 1.1.4322; .NET CLR 2.0.50727; .NET CLR 3.0.4506.2152; .NET CLR 3.5.30729; InfoPath.1; .NET4.0C; .NET4.0E; MRIE8PACK 2.0.1)" "-"
142.54.182.10 - - [13/Sep/2013:11:10:29 +0400] "GET /viewtopic.php?f=3&t=58038&view=unread HTTP/1.0" 404 570 "http://phpbbconstructor.com/viewtopic.php?f=3&t=58038&view=unread#unread" "Mozilla/4.0 (compatible; MSIE 8.0; Windows NT 5.2; Trident/4.0; .NET CLR 1.1.4322)" "-"
142.54.182.10 - - [13/Sep/2013:11:10:30 +0400] "GET / HTTP/1.0" 200 6019 "http://phpbbconstructor.com/" "Mozilla/4.0 (compatible; MSIE 8.0; Windows NT 5.2; Trident/4.0; .NET CLR 1.1.4322)" "-"
192.187.118.172 - - [13/Sep/2013:11:10:31 +0400] "GET /viewtopic.php?f=10&t=100026 HTTP/1.0" 404 570 "http://phpbbconstructor.com/viewtopic.php?f=10&t=100026" "Mozilla/4.0 (compatible; MSIE 6.0; Windows NT 5.1; SV1)" "-"
192.187.118.172 - - [13/Sep/2013:11:10:31 +0400] "GET / HTTP/1.0" 200 6019 "http://phpbbconstructor.com/" "Mozilla/4.0 (compatible; MSIE 6.0; Windows NT 5.1; SV1)" "-"
142.54.182.10 - - [13/Sep/2013:11:10:54 +0400] "GET /viewtopic.php?f=9&t=128024&view=unread HTTP/1.0" 404 168 "http://phpbbconstructor.com/viewtopic.php?f=9&t=128024&view=unread#unread" "Opera/9.80 (Windows NT 5.1; U; MRA 6.0 (build 5970); ru) Presto/2.7.62 Version/11.00" "-"
142.54.182.10 - - [13/Sep/2013:11:10:54 +0400] "GET / HTTP/1.0" 200 6019 "http://phpbbconstructor.com/" "Opera/9.80 (Windows NT 5.1; U; MRA 6.0 (build 5970); ru) Presto/2.7.62 Version/11.00" "-"
142.54.182.10 - - [13/Sep/2013:11:11:04 +0400] "GET /viewtopic.php?f=3&t=58038&view=unread HTTP/1.0" 404 168 "http://phpbbconstructor.com/viewtopic.php?f=3&t=58038&view=unread#unread" "Opera/9.80 (Windows NT 6.1; U; ru) Presto/2.10.229 Version/11.64" "-"
142.54.182.10 - - [13/Sep/2013:11:11:04 +0400] "GET / HTTP/1.0" 200 6019 "http://phpbbconstructor.com/" "Opera/9.80 (Windows NT 6.1; U; ru) Presto/2.10.229 Version/11.64" "-"
142.54.182.10 - - [13/Sep/2013:11:11:54 +0400] "GET /viewtopic.php?f=9&t=128024&view=unread HTTP/1.0" 404 168 "http://phpbbconstructor.com/viewtopic.php?f=9&t=128024&view=unread#unread" "Opera/9.80 (Windows NT 6.0; U; ru) Presto/2.10.289 Version/12.02" "-"
142.54.182.10 - - [13/Sep/2013:11:11:55 +0400] "GET / HTTP/1.0" 200 6019 "http://phpbbconstructor.com/" "Opera/9.80 (Windows NT 6.0; U; ru) Presto/2.10.289 Version/12.02" "-"
5.10.83.87 - - [13/Sep/2013:11:11:56 +0400] "GET /viewtopic.php?f=2&t=87645 HTTP/1.1" 404 168 "-" "Mozilla/5.0 (compatible; AhrefsBot/5.0; +http://ahrefs.com/robot/)" "-"
5.10.83.81 - - [13/Sep/2013:11:12:01 +0400] "GET /viewtopic.php?f=3&t=28844&view=unread HTTP/1.1" 404 168 "-" "Mozilla/5.0 (compatible; AhrefsBot/5.0; +http://ahrefs.com/robot/)" "-"
142.54.182.10 - - [13/Sep/2013:11:12:04 +0400] "GET /viewtopic.php?f=3&t=58038&view=unread HTTP/1.0" 404 570 "http://phpbbconstructor.com/viewtopic.php?f=3&t=58038&view=unread#unread" "Mozilla/5.0 (Windows NT 6.1) AppleWebKit/537.11 (KHTML, like Gecko) Chrome/23.0.1271.91 Safari/537.11" "-"
142.54.182.10 - - [13/Sep/2013:11:12:05 +0400] "GET / HTTP/1.0" 200 6019 "http://phpbbconstructor.com/" "Mozilla/5.0 (Windows NT 6.1) AppleWebKit/537.11 (KHTML, like Gecko) Chrome/23.0.1271.91 Safari/537.11" "-"
223.240.229.244 - - [13/Sep/2013:11:12:51 +0400] "GET /ucp.php?mode=register&change_lang=en HTTP/1.1" 404 570 "http://phpbbconstructor.com/" "Mozilla/4.0 (compatible; MSIE 6.0; Windows NT 5.1; SV1;)" "-"
142.54.160.99 - - [13/Sep/2013:11:13:04 +0400] "GET / HTTP/1.0" 200 6019 "http://phpbbconstructor.com/" "Opera/9.80 (Windows NT 6.1; U; ru) Presto/2.10.289 Version/12.02" "-"
5.10.83.59 - - [13/Sep/2013:11:13:21 +0400] "GET /viewtopic.php?f=3&t=127529 HTTP/1.1" 404 168 "-" "Mozilla/5.0 (compatible; AhrefsBot/5.0; +http://ahrefs.com/robot/)" "-"
125.216.144.199 - - [13/Sep/2013:11:14:00 +0400] "GET / HTTP/1.0" 200 6019 "http://phpbbconstructor.com/" "Mozilla/5.0 (Windows NT 6.1; rv:13.0) Gecko/20100101 Firefox/13.0.1" "-"
192.187.118.172 - - [13/Sep/2013:11:15:26 +0400] "GET /viewtopic.php?f=10&t=50719&view=unread HTTP/1.0" 404 168 "http://phpbbconstructor.com/viewtopic.php?f=10&t=50719&view=unread#unread" "Mozilla/5.0 (Windows NT 5.1; rv:5.0.1) Gecko/20100101 Firefox/5.0.1" "-"
192.187.118.172 - - [13/Sep/2013:11:15:26 +0400] "GET / HTTP/1.0" 200 6019 "http://phpbbconstructor.com/" "Mozilla/5.0 (Windows NT 5.1; rv:5.0.1) Gecko/20100101 Firefox/5.0.1" "-"
5.10.83.60 - - [13/Sep/2013:11:15:30 +0400] "GET /viewtopic.php?f=3&t=89103 HTTP/1.1" 404 168 "-" "Mozilla/5.0 (compatible; AhrefsBot/5.0; +http://ahrefs.com/robot/)" "-"
27.159.202.119 - - [13/Sep/2013:11:15:43 +0400] "GET /ucp.php?mode=register&change_lang=en HTTP/1.1" 404 570 "http://phpbbconstructor.com/" "Mozilla/4.0 (compatible; MSIE 6.0; Windows NT 5.1; SV1;)" "-"
110.86.166.214 - - [13/Sep/2013:11:15:57 +0400] "GET / HTTP/1.0" 200 6019 "http://phpbbconstructor.com/" "Mozilla/4.0 (compatible; MSIE 6.0; Windows NT 5.1; SV1; .NET CLR 2.0.50727)" "-"
66.249.73.58 - - [13/Sep/2013:11:16:04 +0400] "GET /viewtopic.php?f=2&t=88320 HTTP/1.1" 404 168 "-" "Mozilla/5.0 (compatible; Googlebot/2.1; +http://www.google.com/bot.html)" "-"
192.187.118.172 - - [13/Sep/2013:11:16:24 +0400] "GET /viewtopic.php?f=2&t=42755&view=unread HTTP/1.0" 404 168 "http://phpbbconstructor.com/viewtopic.php?f=2&t=42755&view=unread#unread" "Opera/9.80 (Windows NT 6.1) Presto/2.12.388 Version/12.10" "-"
192.187.118.172 - - [13/Sep/2013:11:16:24 +0400] "GET / HTTP/1.0" 200 6019 "http://phpbbconstructor.com/" "Opera/9.80 (Windows NT 6.1) Presto/2.12.388 Version/12.10" "-"
5.10.83.81 - - [13/Sep/2013:11:17:11 +0400] "GET /viewtopic.php?f=2&t=116395 HTTP/1.1" 404 168 "-" "Mozilla/5.0 (compatible; AhrefsBot/5.0; +http://ahrefs.com/robot/)" "-"
5.10.83.86 - - [13/Sep/2013:11:17:21 +0400] "GET /viewtopic.php?f=2&t=92409&view=unread HTTP/1.1" 404 168 "-" "Mozilla/5.0 (compatible; AhrefsBot/5.0; +http://ahrefs.com/robot/)" "-"
192.187.118.172 - - [13/Sep/2013:11:17:24 +0400] "GET /viewtopic.php?f=10&t=50719&view=unread HTTP/1.0" 404 570 "http://phpbbconstructor.com/viewtopic.php?f=10&t=50719&view=unread#unread" "Mozilla/4.0 (compatible; MSIE 8.0; Windows NT 5.1; Trident/4.0)" "-"
192.187.118.172 - - [13/Sep/2013:11:17:24 +0400] "GET / HTTP/1.0" 200 6019 "http://phpbbconstructor.com/" "Mozilla/4.0 (compatible; MSIE 8.0; Windows NT 5.1; Trident/4.0)" "-"
192.187.118.172 - - [13/Sep/2013:11:17:29 +0400] "GET /viewtopic.php?f=10&t=50719&view=unread HTTP/1.0" 404 168 "http://phpbbconstructor.com/viewtopic.php?f=10&t=50719&view=unread#unread" "Mozilla/5.0 (Windows NT 6.1; WOW64; rv:15.0) Gecko/20100101 Firefox/15.0.1" "-"
192.187.118.172 - - [13/Sep/2013:11:17:29 +0400] "GET / HTTP/1.0" 200 6019 "http://phpbbconstructor.com/" "Mozilla/5.0 (Windows NT 6.1; WOW64; rv:15.0) Gecko/20100101 Firefox/15.0.1" "-"
5.10.83.89 - - [13/Sep/2013:11:18:07 +0400] "GET /viewtopic.php?f=3&t=81129 HTTP/1.1" 404 168 "-" "Mozilla/5.0 (compatible; AhrefsBot/5.0; +http://ahrefs.com/robot/)" "-"
202.46.60.18 - - [13/Sep/2013:11:18:09 +0400] "GET / HTTP/1.1" 301 184 "-" "Mozilla/4.0 (compatible; MSIE 7.0; Windows NT 6.0)" "-"
5.10.83.81 - - [13/Sep/2013:11:19:17 +0400] "GET /viewtopic.php?f=10&t=32550&view=unread HTTP/1.1" 404 168 "-" "Mozilla/5.0 (compatible; AhrefsBot/5.0; +http://ahrefs.com/robot/)" "-"
119.63.193.130 - - [13/Sep/2013:11:19:38 +0400] "GET / HTTP/1.1" 301 184 "-" "Mozilla/4.0 (compatible; MSIE 7.0; Windows NT 6.0)" "-"
221.178.200.99 - - [13/Sep/2013:11:21:55 +0400] "GET /ucp.php?mode=register&change_lang=en HTTP/1.1" 404 570 "http://phpbbconstructor.com/" "Mozilla/4.0 (compatible; MSIE 6.0; Windows NT 5.1; SV1;)" "-"
89.45.14.220 - - [13/Sep/2013:11:23:15 +0400] "GET /wp-login.php HTTP/1.1" 404 168 "-" "Opera/9.60 (J2ME/MIDP; Opera Mini/4.2.13918/670; U) Presto/2.2.0" "-"
89.45.14.220 - - [13/Sep/2013:11:23:15 +0400] "GET /administrator/index.php HTTP/1.1" 404 168 "-" "Opera/9.60 (J2ME/MIDP; Opera Mini/4.2.13918/670; U) Presto/2.2.0" "-"
89.45.14.220 - - [13/Sep/2013:11:23:16 +0400] "GET /admin.php HTTP/1.1" 404 168 "-" "Opera/9.60 (J2ME/MIDP; Opera Mini/4.2.13918/670; U) Presto/2.2.0" "-"
89.45.14.220 - - [13/Sep/2013:11:23:17 +0400] "GET /bitrix/admin/index.php?lang=en HTTP/1.1" 404 168 "-" "Opera/9.60 (J2ME/MIDP; Opera Mini/4.2.13918/670; U) Presto/2.2.0" "-"
89.45.14.220 - - [13/Sep/2013:11:23:17 +0400] "GET /admin/login.php HTTP/1.1" 404 168 "-" "Opera/9.60 (J2ME/MIDP; Opera Mini/4.2.13918/670; U) Presto/2.2.0" "-"
89.45.14.220 - - [13/Sep/2013:11:23:17 +0400] "GET /admin/ HTTP/1.1" 404 168 "-" "Opera/9.60 (J2ME/MIDP; Opera Mini/4.2.13918/670; U) Presto/2.2.0" "-"
91.200.13.20 - - [13/Sep/2013:11:23:44 +0400] "GET / HTTP/1.0" 200 13704 "http://pastemark.ru/" "Opera/9.80 (Windows NT 6.1; Win64; x64) Presto/2.12.388 Version/12.10" "-"
27.159.193.214 - - [13/Sep/2013:11:23:44 +0400] "GET /ucp.php?mode=register&change_lang=en HTTP/1.1" 404 570 "http://phpbbconstructor.com/" "Mozilla/4.0 (compatible; MSIE 6.0; Windows NT 5.1; SV1;)" "-"
91.200.13.20 - - [13/Sep/2013:11:23:45 +0400] "POST / HTTP/1.0" 405 172 "http://pastemark.ru/" "Opera/9.80 (Windows NT 6.1; Win64; x64) Presto/2.12.388 Version/12.10" "-"
5.10.83.93 - - [13/Sep/2013:11:24:47 +0400] "GET /viewtopic.php?f=10&t=72645 HTTP/1.1" 404 168 "-" "Mozilla/5.0 (compatible; AhrefsBot/5.0; +http://ahrefs.com/robot/)" "-"
5.10.83.87 - - [13/Sep/2013:11:25:08 +0400] "GET /viewtopic.php?f=3&t=37977 HTTP/1.1" 404 168 "-" "Mozilla/5.0 (compatible; AhrefsBot/5.0; +http://ahrefs.com/robot/)" "-"
27.153.206.197 - - [13/Sep/2013:11:25:12 +0400] "GET / HTTP/1.1" 200 6019 "http://phpbbconstructor.com/" "Mozilla/4.0 (compatible; MSIE 6.0; Windows NT 5.1; SV1;)" "-"
27.153.206.197 - - [13/Sep/2013:11:25:12 +0400] "GET / HTTP/1.1" 200 6019 "http://phpbbconstructor.com/" "Mozilla/4.0 (compatible; MSIE 6.0; Windows NT 5.1; SV1;)" "-"
27.153.206.197 - - [13/Sep/2013:11:25:19 +0400] "GET / HTTP/1.1" 200 6019 "http://phpbbconstructor.com/" "Mozilla/4.0 (compatible; MSIE 6.0; Windows NT 5.1; SV1;)" "-"
27.153.206.197 - - [13/Sep/2013:11:25:21 +0400] "GET / HTTP/1.1" 200 6019 "http://phpbbconstructor.com/" "Mozilla/4.0 (compatible; MSIE 6.0; Windows NT 5.1; SV1;)" "-"
27.153.206.197 - - [13/Sep/2013:11:25:23 +0400] "GET / HTTP/1.1" 200 6019 "http://phpbbconstructor.com/" "Mozilla/4.0 (compatible; MSIE 6.0; Windows NT 5.1; SV1;)" "-"
5.10.83.86 - - [13/Sep/2013:11:25:38 +0400] "GET /viewtopic.php?f=9&t=99441 HTTP/1.1" 404 168 "-" "Mozilla/5.0 (compatible; AhrefsBot/5.0; +http://ahrefs.com/robot/)" "-"
137.175.63.252 - - [13/Sep/2013:11:26:04 +0400] "GET /viewtopic.php?f=3&t=90060 HTTP/1.0" 404 570 "http://phpbbconstructor.com/viewtopic.php?f=3&t=90060" "Mozilla/5.0 (Windows NT 6.2) AppleWebKit/537.11 (KHTML, like Gecko) Chrome/23.0.1271.95 Safari/537.11" "-"
137.175.63.252 - - [13/Sep/2013:11:26:04 +0400] "GET / HTTP/1.0" 200 6019 "http://phpbbconstructor.com/" "Mozilla/5.0 (Windows NT 6.2) AppleWebKit/537.11 (KHTML, like Gecko) Chrome/23.0.1271.95 Safari/537.11" "-"
5.10.83.81 - - [13/Sep/2013:11:26:10 +0400] "GET /viewtopic.php?f=3&t=41474&view=unread HTTP/1.1" 404 168 "-" "Mozilla/5.0 (compatible; AhrefsBot/5.0; +http://ahrefs.com/robot/)" "-"
5.10.83.45 - - [13/Sep/2013:11:27:03 +0400] "GET /viewtopic.php?f=2&t=122115 HTTP/1.1" 404 168 "-" "Mozilla/5.0 (compatible; AhrefsBot/5.0; +http://ahrefs.com/robot/)" "-"
142.54.160.99 - - [13/Sep/2013:11:27:07 +0400] "GET / HTTP/1.0" 200 6019 "http://phpbbconstructor.com/" "Mozilla/5.0 (Windows NT 6.1) AppleWebKit/537.4 (KHTML, like Gecko) Chrome/22.0.1229.79 Safari/537.4 u01-09" "-"
5.10.83.93 - - [13/Sep/2013:11:27:33 +0400] "GET /viewtopic.php?f=3&t=53403&view=unread HTTP/1.1" 404 168 "-" "Mozilla/5.0 (compatible; AhrefsBot/5.0; +http://ahrefs.com/robot/)" "-"
199.15.233.131 - - [13/Sep/2013:11:27:50 +0400] "GET /index.php HTTP/1.0" 404 168 "http://phpbbconstructor.com/index.php" "Mozilla/5.0 (Macintosh; Intel Mac OS X 10_5_8) AppleWebKit/534.50.2 (KHTML, like Gecko) Version/5.0.6 Safari/533.22.3" "-"
5.10.83.86 - - [13/Sep/2013:11:28:25 +0400] "GET /viewtopic.php?f=10&t=34215 HTTP/1.1" 404 168 "-" "Mozilla/5.0 (compatible; AhrefsBot/5.0; +http://ahrefs.com/robot/)" "-"
192.187.118.172 - - [13/Sep/2013:11:28:47 +0400] "GET /viewtopic.php?f=10&t=100026 HTTP/1.0" 404 168 "http://phpbbconstructor.com/viewtopic.php?f=10&t=100026" "Mozilla/5.0 (Windows NT 6.1; Win64; x64; rv:11.0) Gecko/20120313 Firefox/11.0" "-"
192.187.118.172 - - [13/Sep/2013:11:28:48 +0400] "GET / HTTP/1.0" 200 6019 "http://phpbbconstructor.com/" "Mozilla/5.0 (Windows NT 6.1; Win64; x64; rv:11.0) Gecko/20120313 Firefox/11.0" "-"
5.10.83.87 - - [13/Sep/2013:11:29:33 +0400] "GET /viewtopic.php?f=10&t=88801 HTTP/1.1" 404 168 "-" "Mozilla/5.0 (compatible; AhrefsBot/5.0; +http://ahrefs.com/robot/)" "-"
5.10.83.52 - - [13/Sep/2013:11:30:07 +0400] "GET /viewtopic.php?f=2&t=120009 HTTP/1.1" 404 168 "-" "Mozilla/5.0 (compatible; AhrefsBot/5.0; +http://ahrefs.com/robot/)" "-"
5.10.83.81 - - [13/Sep/2013:11:33:59 +0400] "GET /viewtopic.php?f=10&t=88518 HTTP/1.1" 404 168 "-" "Mozilla/5.0 (compatible; AhrefsBot/5.0; +http://ahrefs.com/robot/)" "-"
192.187.118.172 - - [13/Sep/2013:11:34:52 +0400] "GET /viewtopic.php?f=10&t=50719&view=unread HTTP/1.0" 404 168 "http://phpbbconstructor.com/viewtopic.php?f=10&t=50719&view=unread#unread" "Mozilla/5.0 (Windows NT 6.2; rv:16.0) Gecko/20100101 Firefox/16.0" "-"
192.187.118.172 - - [13/Sep/2013:11:34:52 +0400] "GET / HTTP/1.0" 200 6019 "http://phpbbconstructor.com/" "Mozilla/5.0 (Windows NT 6.2; rv:16.0) Gecko/20100101 Firefox/16.0" "-"
27.153.205.11 - - [13/Sep/2013:11:34:57 +0400] "GET / HTTP/1.0" 200 6019 "http://phpbbconstructor.com/" "Opera/9.80 (Windows NT 5.1; U; ru) Presto/2.10.289 Version/12.02" "-"
120.43.24.198 - - [13/Sep/2013:11:36:16 +0400] "GET /ucp.php?mode=register&change_lang=en HTTP/1.1" 404 570 "http://phpbbconstructor.com/" "Mozilla/4.0 (compatible; MSIE 6.0; Windows NT 5.1; SV1;)" "-"
222.77.226.127 - - [13/Sep/2013:11:37:23 +0400] "GET /ucp.php?mode=login HTTP/1.1" 404 570 "http://phpbbconstructor.com/" "Mozilla/4.0 (compatible; MSIE 6.0; Windows NT 5.1; SV1;)" "-"
27.159.200.33 - - [13/Sep/2013:11:37:40 +0400] "GET /ucp.php?mode=register&change_lang=en HTTP/1.1" 404 570 "http://phpbbconstructor.com/" "Mozilla/4.0 (compatible; MSIE 6.0; Windows NT 5.1; SV1;)" "-"
180.76.5.50 - - [13/Sep/2013:11:38:31 +0400] "GET /viewtopic.php?f=9&t=27878&view=unread HTTP/1.1" 404 168 "-" "Mozilla/5.0 (compatible; Baiduspider/2.0; +http://www.baidu.com/search/spider.html)" "-"
91.207.7.109 - - [13/Sep/2013:11:38:46 +0400] "GET / HTTP/1.0" 200 6019 "http://phpbbconstructor.com/" "Mozilla/5.0 (Windows NT 5.1) AppleWebKit/537.4 (KHTML, like Gecko) Chrome/22.0.1229.79 Safari/537.4" "-"
5.10.83.60 - - [13/Sep/2013:11:39:42 +0400] "GET /viewtopic.php?f=3&t=44788 HTTP/1.1" 404 168 "-" "Mozilla/5.0 (compatible; AhrefsBot/5.0; +http://ahrefs.com/robot/)" "-"
5.10.83.45 - - [13/Sep/2013:11:39:50 +0400] "GET /viewtopic.php?f=2&t=103263 HTTP/1.1" 404 168 "-" "Mozilla/5.0 (compatible; AhrefsBot/5.0; +http://ahrefs.com/robot/)" "-"
142.4.100.57 - - [13/Sep/2013:11:39:54 +0400] "GET /viewtopic.php?f=10&t=108709 HTTP/1.0" 404 570 "http://phpbbconstructor.com/viewtopic.php?f=10&t=108709" "Mozilla/5.0 (Windows NT 6.1) AppleWebKit/535.1 (KHTML, like Gecko) Chrome/14.0.835.163 Safari/535.1" "-"
5.10.83.59 - - [13/Sep/2013:11:40:03 +0400] "GET /viewtopic.php?f=9&t=41479&view=unread HTTP/1.1" 404 168 "-" "Mozilla/5.0 (compatible; AhrefsBot/5.0; +http://ahrefs.com/robot/)" "-"
5.10.83.31 - - [13/Sep/2013:11:40:08 +0400] "GET /viewtopic.php?f=9&t=28770&view=unread HTTP/1.1" 404 168 "-" "Mozilla/5.0 (compatible; AhrefsBot/5.0; +http://ahrefs.com/robot/)" "-"
5.10.83.87 - - [13/Sep/2013:11:40:09 +0400] "GET /viewtopic.php?f=10&t=80458 HTTP/1.1" 404 168 "-" "Mozilla/5.0 (compatible; AhrefsBot/5.0; +http://ahrefs.com/robot/)" "-"
120.43.30.76 - - [13/Sep/2013:11:40:23 +0400] "GET /ucp.php?mode=register&change_lang=en HTTP/1.1" 404 570 "http://phpbbconstructor.com/" "Mozilla/4.0 (compatible; MSIE 6.0; Windows NT 5.1; SV1;)" "-"
27.159.202.119 - - [13/Sep/2013:11:40:59 +0400] "GET /ucp.php?mode=register&change_lang=en HTTP/1.1" 404 570 "http://phpbbconstructor.com/" "Mozilla/4.0 (compatible; MSIE 6.0; Windows NT 5.1; SV1;)" "-"
5.10.83.45 - - [13/Sep/2013:11:41:07 +0400] "GET /viewtopic.php?f=2&t=27322&view=unread HTTP/1.1" 404 168 "-" "Mozilla/5.0 (compatible; AhrefsBot/5.0; +http://ahrefs.com/robot/)" "-"
218.85.112.46 - - [13/Sep/2013:11:41:41 +0400] "GET /ucp.php?mode=register&change_lang=en HTTP/1.1" 404 570 "http://phpbbconstructor.com/" "Mozilla/4.0 (compatible; MSIE 6.0; Windows NT 5.1; SV1;)" "-"
5.10.83.89 - - [13/Sep/2013:11:43:12 +0400] "GET /viewtopic.php?f=10&t=55377 HTTP/1.1" 404 168 "-" "Mozilla/5.0 (compatible; AhrefsBot/5.0; +http://ahrefs.com/robot/)" "-"
5.10.83.81 - - [13/Sep/2013:11:43:16 +0400] "GET /viewtopic.php?f=9&t=35202 HTTP/1.1" 404 168 "-" "Mozilla/5.0 (compatible; AhrefsBot/5.0; +http://ahrefs.com/robot/)" "-"
74.91.24.227 - - [13/Sep/2013:11:44:22 +0400] "GET /viewtopic.php?f=9&t=128024&view=unread HTTP/1.0" 404 570 "http://phpbbconstructor.com/viewtopic.php?f=9&t=128024&view=unread#unread" "Mozilla/5.0 (Windows NT 5.1) AppleWebKit/537.11 (KHTML, like Gecko) Chrome/23.0.1271.64 Safari/537.11" "-"
74.91.24.227 - - [13/Sep/2013:11:44:22 +0400] "GET / HTTP/1.0" 200 6019 "http://phpbbconstructor.com/" "Mozilla/5.0 (Windows NT 5.1) AppleWebKit/537.11 (KHTML, like Gecko) Chrome/23.0.1271.64 Safari/537.11" "-"
74.91.24.227 - - [13/Sep/2013:11:44:33 +0400] "GET /viewtopic.php?f=3&t=58038&view=unread HTTP/1.0" 404 570 "http://phpbbconstructor.com/viewtopic.php?f=3&t=58038&view=unread#unread" "Mozilla/4.0 (compatible; MSIE 6.0; Windows NT 5.2; SV1; .NET CLR 1.1.4322)" "-"
74.91.24.227 - - [13/Sep/2013:11:44:34 +0400] "GET / HTTP/1.0" 200 6019 "http://phpbbconstructor.com/" "Mozilla/4.0 (compatible; MSIE 6.0; Windows NT 5.2; SV1; .NET CLR 1.1.4322)" "-"
66.249.73.58 - - [13/Sep/2013:11:46:09 +0400] "GET /viewtopic.php?f=3&t=28574&view=unread HTTP/1.1" 404 168 "-" "Mozilla/5.0 (compatible; Googlebot/2.1; +http://www.google.com/bot.html)" "-"
222.77.198.204 - - [13/Sep/2013:11:46:56 +0400] "GET / HTTP/1.0" 200 6019 "http://phpbbconstructor.com/" "Mozilla/5.0 (Windows NT 6.1) AppleWebKit/535.1 (KHTML, like Gecko) Chrome/14.0.835.163 Safari/535.1" "-"
74.91.24.227 - - [13/Sep/2013:11:47:31 +0400] "GET /viewtopic.php?f=9&t=128024&view=unread HTTP/1.0" 404 168 "http://phpbbconstructor.com/viewtopic.php?f=9&t=128024&view=unread#unread" "Opera/9.80 (Windows NT 5.1; MRA 6.0 (build 5831)) Presto/2.12.388 Version/12.10" "-"
74.91.24.227 - - [13/Sep/2013:11:47:31 +0400] "GET / HTTP/1.0" 200 6019 "http://phpbbconstructor.com/" "Opera/9.80 (Windows NT 5.1; MRA 6.0 (build 5831)) Presto/2.12.388 Version/12.10" "-"
74.91.24.227 - - [13/Sep/2013:11:47:40 +0400] "GET /viewtopic.php?f=3&t=58038&view=unread HTTP/1.0" 404 168 "http://phpbbconstructor.com/viewtopic.php?f=3&t=58038&view=unread#unread" "Opera/9.80 (Windows NT 6.1; MRA 6.0 (build 5970)) Presto/2.12.388 Version/12.11" "-"
74.91.24.227 - - [13/Sep/2013:11:47:40 +0400] "GET / HTTP/1.0" 200 6019 "http://phpbbconstructor.com/" "Opera/9.80 (Windows NT 6.1; MRA 6.0 (build 5970)) Presto/2.12.388 Version/12.11" "-"
5.10.83.45 - - [13/Sep/2013:11:47:47 +0400] "GET /viewtopic.php?f=10&t=89304 HTTP/1.1" 404 168 "-" "Mozilla/5.0 (compatible; AhrefsBot/5.0; +http://ahrefs.com/robot/)" "-"
204.12.217.173 - - [13/Sep/2013:11:47:53 +0400] "GET /ucp.php?mode=register&change_lang=en HTTP/1.1" 404 570 "http://phpbbconstructor.com/" "Mozilla/4.0 (compatible; MSIE 6.0; Windows NT 5.1; SV1;)" "-"
5.10.83.31 - - [13/Sep/2013:11:48:11 +0400] "GET /viewtopic.php?f=10&t=26034 HTTP/1.1" 404 168 "-" "Mozilla/5.0 (compatible; AhrefsBot/5.0; +http://ahrefs.com/robot/)" "-"
27.159.193.214 - - [13/Sep/2013:11:48:13 +0400] "GET /ucp.php?mode=register&change_lang=en HTTP/1.1" 404 570 "http://phpbbconstructor.com/" "Mozilla/4.0 (compatible; MSIE 6.0; Windows NT 5.1; SV1;)" "-"
5.10.83.87 - - [13/Sep/2013:11:48:59 +0400] "GET /viewtopic.php?f=10&t=101367 HTTP/1.1" 404 168 "-" "Mozilla/5.0 (compatible; AhrefsBot/5.0; +http://ahrefs.com/robot/)" "-"
142.54.182.10 - - [13/Sep/2013:11:50:05 +0400] "GET /viewtopic.php?f=10&t=104379 HTTP/1.0" 404 570 "http://phpbbconstructor.com/viewtopic.php?f=10&t=104379" "Mozilla/5.0 (Windows NT 6.1; WOW64) AppleWebKit/537.11 (KHTML, like Gecko) Chrome/23.0.1271.95 Safari/537.11" "-"
142.54.182.10 - - [13/Sep/2013:11:50:05 +0400] "GET / HTTP/1.0" 200 6019 "http://phpbbconstructor.com/" "Mozilla/5.0 (Windows NT 6.1; WOW64) AppleWebKit/537.11 (KHTML, like Gecko) Chrome/23.0.1271.95 Safari/537.11" "-"
142.54.182.10 - - [13/Sep/2013:11:50:25 +0400] "GET /viewtopic.php?f=10&t=104379 HTTP/1.0" 404 168 "http://phpbbconstructor.com/viewtopic.php?f=10&t=104379" "Mozilla/5.0 (Windows NT 5.1; rv:7.0.1) Gecko/20100101 Firefox/7.0.1" "-"
142.54.182.10 - - [13/Sep/2013:11:50:25 +0400] "GET / HTTP/1.0" 200 6019 "http://phpbbconstructor.com/" "Mozilla/5.0 (Windows NT 5.1; rv:7.0.1) Gecko/20100101 Firefox/7.0.1" "-"
5.10.83.81 - - [13/Sep/2013:11:51:07 +0400] "GET /viewtopic.php?f=3&t=52967 HTTP/1.1" 404 168 "-" "Mozilla/5.0 (compatible; AhrefsBot/5.0; +http://ahrefs.com/robot/)" "-"
142.54.182.10 - - [13/Sep/2013:11:51:21 +0400] "GET /viewtopic.php?f=10&t=104379 HTTP/1.0" 404 168 "http://phpbbconstructor.com/viewtopic.php?f=10&t=104379" "Mozilla/5.0 (Windows NT 5.1; rv:12.0) Gecko/20100101 Firefox/12.0" "-"
142.54.182.10 - - [13/Sep/2013:11:51:21 +0400] "GET / HTTP/1.0" 200 6019 "http://phpbbconstructor.com/" "Mozilla/5.0 (Windows NT 5.1; rv:12.0) Gecko/20100101 Firefox/12.0" "-"
120.43.31.118 - - [13/Sep/2013:11:51:35 +0400] "GET /ucp.php?mode=register&change_lang=en HTTP/1.1" 404 570 "http://phpbbconstructor.com/" "Mozilla/4.0 (compatible; MSIE 6.0; Windows NT 5.1; SV1;)" "-"
175.44.7.53 - - [13/Sep/2013:11:52:52 +0400] "GET /ucp.php?mode=login HTTP/1.1" 404 570 "http://phpbbconstructor.com/" "Mozilla/4.0 (compatible; MSIE 6.0; Windows NT 5.1; SV1;)" "-"
63.141.233.147 - - [13/Sep/2013:11:53:07 +0400] "GET /viewtopic.php?f=9&t=70873&view=unread HTTP/1.0" 404 168 "http://phpbbconstructor.com/viewtopic.php?f=9&t=70873&view=unread#unread" "Opera/9.80 (Windows NT 6.1; U; ru) Presto/2.10.229 Version/11.61" "-"
63.141.233.147 - - [13/Sep/2013:11:53:10 +0400] "GET / HTTP/1.0" 200 6019 "http://phpbbconstructor.com/" "Opera/9.80 (Windows NT 6.1; U; ru) Presto/2.10.229 Version/11.61" "-"
117.25.95.44 - - [13/Sep/2013:11:53:47 +0400] "GET /ucp.php?mode=register&change_lang=en HTTP/1.1" 404 570 "http://phpbbconstructor.com/" "Mozilla/4.0 (compatible; MSIE 6.0; Windows NT 5.1; SV1;)" "-"
5.10.83.89 - - [13/Sep/2013:11:54:09 +0400] "GET /viewtopic.php?f=10&t=84228 HTTP/1.1" 404 168 "-" "Mozilla/5.0 (compatible; AhrefsBot/5.0; +http://ahrefs.com/robot/)" "-"
5.10.83.45 - - [13/Sep/2013:11:54:21 +0400] "GET /viewtopic.php?f=2&t=57991 HTTP/1.1" 404 168 "-" "Mozilla/5.0 (compatible; AhrefsBot/5.0; +http://ahrefs.com/robot/)" "-"
5.10.83.14 - - [13/Sep/2013:11:54:28 +0400] "GET /viewtopic.php?f=9&t=50624&view=unread HTTP/1.1" 404 168 "-" "Mozilla/5.0 (compatible; AhrefsBot/5.0; +http://ahrefs.com/robot/)" "-"
63.141.233.147 - - [13/Sep/2013:11:54:39 +0400] "GET /viewtopic.php?f=9&t=70873&view=unread HTTP/1.0" 404 168 "http://phpbbconstructor.com/viewtopic.php?f=9&t=70873&view=unread#unread" "Opera/9.80 (Windows NT 6.1; U; YB/3.5.1; ru) Presto/2.6.30 Version/10.63" "-"
63.141.233.147 - - [13/Sep/2013:11:54:40 +0400] "GET / HTTP/1.0" 200 6019 "http://phpbbconstructor.com/" "Opera/9.80 (Windows NT 6.1; U; YB/3.5.1; ru) Presto/2.6.30 Version/10.63" "-"
5.10.83.93 - - [13/Sep/2013:11:54:56 +0400] "GET /viewtopic.php?f=10&t=51316 HTTP/1.1" 404 168 "-" "Mozilla/5.0 (compatible; AhrefsBot/5.0; +http://ahrefs.com/robot/)" "-"
123.125.71.59 - - [13/Sep/2013:11:55:06 +0400] "GET / HTTP/1.1" 200 6019 "-" "Mozilla/5.0 (compatible; Baiduspider/2.0; +http://www.baidu.com/search/spider.html)" "-"
192.184.33.194 - - [13/Sep/2013:11:55:08 +0400] "GET /viewtopic.php?f=3&t=28361 HTTP/1.1" 404 570 "-" "Mozilla/4.0 (compatible; MSIE 6.0; Windows NT 5.1; SV1)" "-"
5.10.83.87 - - [13/Sep/2013:11:56:14 +0400] "GET /viewtopic.php?f=10&t=63167 HTTP/1.1" 404 168 "-" "Mozilla/5.0 (compatible; AhrefsBot/5.0; +http://ahrefs.com/robot/)" "-"
27.159.219.27 - - [13/Sep/2013:11:56:21 +0400] "GET /ucp.php?mode=login HTTP/1.1" 404 570 "http://phpbbconstructor.com/" "Mozilla/4.0 (compatible; MSIE 6.0; Windows NT 5.1; SV1;)" "-"
220.181.108.107 - - [13/Sep/2013:11:56:31 +0400] "GET / HTTP/1.1" 200 6019 "-" "Mozilla/5.0 (compatible; Baiduspider/2.0; +http://www.baidu.com/search/spider.html)" "-"
5.10.83.89 - - [13/Sep/2013:11:56:44 +0400] "GET /viewtopic.php?f=10&t=78753 HTTP/1.1" 404 168 "-" "Mozilla/5.0 (compatible; AhrefsBot/5.0; +http://ahrefs.com/robot/)" "-"
5.10.83.60 - - [13/Sep/2013:11:57:00 +0400] "GET /viewtopic.php?f=10&t=94087&view=unread HTTP/1.1" 404 168 "-" "Mozilla/5.0 (compatible; AhrefsBot/5.0; +http://ahrefs.com/robot/)" "-"
5.10.83.59 - - [13/Sep/2013:11:57:37 +0400] "GET /viewtopic.php?f=2&t=62664&view=unread HTTP/1.1" 404 168 "-" "Mozilla/5.0 (compatible; AhrefsBot/5.0; +http://ahrefs.com/robot/)" "-"
27.159.219.27 - - [13/Sep/2013:11:58:16 +0400] "GET /ucp.php?mode=login HTTP/1.1" 404 570 "http://phpbbconstructor.com/" "Mozilla/4.0 (compatible; MSIE 6.0; Windows NT 5.1; SV1;)" "-"
27.153.211.194 - - [13/Sep/2013:11:58:27 +0400] "GET /ucp.php?mode=register&change_lang=en HTTP/1.1" 404 570 "http://phpbbconstructor.com/" "Mozilla/4.0 (compatible; MSIE 6.0; Windows NT 5.1; SV1;)" "-"
66.249.73.58 - - [13/Sep/2013:11:58:41 +0400] "GET / HTTP/1.1" 200 6019 "-" "SAMSUNG-SGH-E250/1.0 Profile/MIDP-2.0 Configuration/CLDC-1.1 UP.Browser/6.2.3.3.c.1.101 (GUI) MMP/2.0 (compatible; Googlebot-Mobile/2.1; +http://www.google.com/bot.html)" "-"
