192.187.118.172 - - [13/Sep/2013:13:19:00 +0400] "GET /viewtopic.php?f=9&t=128024&view=unread HTTP/1.0" 404 168 "http://phpbbconstructor.com/viewtopic.php?f=9&t=128024&view=unread#unread" "Mozilla/5.0 (Windows NT 6.1; rv:17.0) Gecko/17.0 Firefox/17.0" "-"
192.187.118.172 - - [13/Sep/2013:13:19:00 +0400] "GET / HTTP/1.0" 200 6019 "http://phpbbconstructor.com/" "Mozilla/5.0 (Windows NT 6.1; rv:17.0) Gecko/17.0 Firefox/17.0" "-"
192.187.118.172 - - [13/Sep/2013:13:19:08 +0400] "GET /viewtopic.php?f=3&t=58038&view=unread HTTP/1.0" 404 168 "http://phpbbconstructor.com/viewtopic.php?f=3&t=58038&view=unread#unread" "Opera/9.80 (Windows NT 6.1; U; ru) Presto/2.10.229 Version/11.64" "-"
192.187.118.172 - - [13/Sep/2013:13:19:08 +0400] "GET / HTTP/1.0" 200 6019 "http://phpbbconstructor.com/" "Opera/9.80 (Windows NT 6.1; U; ru) Presto/2.10.229 Version/11.64" "-"
119.63.193.195 - - [13/Sep/2013:13:19:26 +0400] "GET / HTTP/1.1" 301 184 "-" "Mozilla/4.0 (compatible; MSIE 7.0; Windows NT 6.0)" "-"
180.76.5.21 - - [13/Sep/2013:13:19:43 +0400] "GET /viewtopic.php?f=2&t=42318&view=unread HTTP/1.1" 404 168 "-" "Mozilla/5.0 (compatible; Baiduspider/2.0; +http://www.baidu.com/search/spider.html)" "-"
120.43.8.190 - - [13/Sep/2013:13:19:46 +0400] "GET / HTTP/1.0" 200 6019 "http://phpbbconstructor.com/" "Mozilla/5.0 (Windows NT 5.2; WOW64; rv:16.0) Gecko/20100101 Firefox/16.0" "-"
142.54.184.181 - - [13/Sep/2013:13:19:57 +0400] "GET /viewtopic.php?f=10&t=33600 HTTP/1.0" 404 570 "http://phpbbconstructor.com/viewtopic.php?f=10&t=33600" "Mozilla/5.0 (Windows NT 5.1) AppleWebKit/535.19 (KHTML, like Gecko) Chrome/18.0.1025.1634 Safari/535.19 YI" "-"
142.54.184.181 - - [13/Sep/2013:13:19:57 +0400] "GET / HTTP/1.0" 200 6019 "http://phpbbconstructor.com/" "Mozilla/5.0 (Windows NT 5.1) AppleWebKit/535.19 (KHTML, like Gecko) Chrome/18.0.1025.1634 Safari/535.19 YI" "-"
142.54.184.181 - - [13/Sep/2013:13:20:14 +0400] "GET /viewtopic.php?f=10&t=33600 HTTP/1.0" 404 570 "http://phpbbconstructor.com/viewtopic.php?f=10&t=33600" "Mozilla/5.0 (Windows NT 5.1) AppleWebKit/537.4 (KHTML, like Gecko) Chrome/22.0.1229.79 Safari/537.4" "-"
142.54.184.181 - - [13/Sep/2013:13:20:14 +0400] "GET / HTTP/1.0" 200 6019 "http://phpbbconstructor.com/" "Mozilla/5.0 (Windows NT 5.1) AppleWebKit/537.4 (KHTML, like Gecko) Chrome/22.0.1229.79 Safari/537.4" "-"
5.10.83.31 - - [13/Sep/2013:13:20:48 +0400] "GET /viewtopic.php?f=3&t=117097 HTTP/1.1" 404 168 "-" "Mozilla/5.0 (compatible; AhrefsBot/5.0; +http://ahrefs.com/robot/)" "-"
27.153.187.48 - - [13/Sep/2013:13:22:15 +0400] "GET /ucp.php?mode=register&change_lang=en HTTP/1.1" 404 570 "http://phpbbconstructor.com/" "Mozilla/4.0 (compatible; MSIE 6.0; Windows NT 5.1; SV1;)" "-"
27.159.200.33 - - [13/Sep/2013:13:22:35 +0400] "GET /ucp.php?mode=register&change_lang=en HTTP/1.1" 404 570 "http://phpbbconstructor.com/" "Mozilla/4.0 (compatible; MSIE 6.0; Windows NT 5.1; SV1;)" "-"
27.159.202.119 - - [13/Sep/2013:13:24:55 +0400] "GET /ucp.php?mode=register&change_lang=en HTTP/1.1" 404 570 "http://phpbbconstructor.com/" "Mozilla/4.0 (compatible; MSIE 6.0; Windows NT 5.1; SV1;)" "-"
5.10.83.60 - - [13/Sep/2013:13:24:59 +0400] "GET /viewtopic.php?f=2&t=94254 HTTP/1.1" 404 168 "-" "Mozilla/5.0 (compatible; AhrefsBot/5.0; +http://ahrefs.com/robot/)" "-"
5.10.83.52 - - [13/Sep/2013:13:25:12 +0400] "GET /viewtopic.php?f=10&t=42399&view=unread HTTP/1.1" 404 168 "-" "Mozilla/5.0 (compatible; AhrefsBot/5.0; +http://ahrefs.com/robot/)" "-"
142.54.184.181 - - [13/Sep/2013:13:25:33 +0400] "GET /viewtopic.php?f=10&t=33600 HTTP/1.0" 404 168 "http://phpbbconstructor.com/viewtopic.php?f=10&t=33600" "Mozilla/5.0 (Windows NT 5.1; rv:7.0) Gecko/20100101 Firefox/7.0" "-"
142.54.184.181 - - [13/Sep/2013:13:25:34 +0400] "GET / HTTP/1.0" 200 6019 "http://phpbbconstructor.com/" "Mozilla/5.0 (Windows NT 5.1; rv:7.0) Gecko/20100101 Firefox/7.0" "-"
5.10.83.45 - - [13/Sep/2013:13:25:37 +0400] "GET /viewtopic.php?f=3&t=57000 HTTP/1.1" 404 168 "-" "Mozilla/5.0 (compatible; AhrefsBot/5.0; +http://ahrefs.com/robot/)" "-"
120.43.31.118 - - [13/Sep/2013:13:25:42 +0400] "GET /ucp.php?mode=register&change_lang=en HTTP/1.1" 404 570 "http://phpbbconstructor.com/" "Mozilla/4.0 (compatible; MSIE 6.0; Windows NT 5.1; SV1;)" "-"
27.159.193.214 - - [13/Sep/2013:13:26:04 +0400] "GET /ucp.php?mode=register&change_lang=en HTTP/1.1" 404 570 "http://phpbbconstructor.com/" "Mozilla/4.0 (compatible; MSIE 6.0; Windows NT 5.1; SV1;)" "-"
5.10.83.52 - - [13/Sep/2013:13:26:29 +0400] "GET /viewtopic.php?f=2&t=104602 HTTP/1.1" 404 168 "-" "Mozilla/5.0 (compatible; AhrefsBot/5.0; +http://ahrefs.com/robot/)" "-"
192.187.118.172 - - [13/Sep/2013:13:27:29 +0400] "GET /viewtopic.php?f=10&t=104379 HTTP/1.0" 404 168 "http://phpbbconstructor.com/viewtopic.php?f=10&t=104379" "Opera/9.80 (Windows NT 6.2; WOW64; MRA 8.0 (build 5784)) Presto/2.12.388 Version/12.10" "-"
192.187.118.172 - - [13/Sep/2013:13:27:29 +0400] "GET / HTTP/1.0" 200 6019 "http://phpbbconstructor.com/" "Opera/9.80 (Windows NT 6.2; WOW64; MRA 8.0 (build 5784)) Presto/2.12.388 Version/12.10" "-"
27.154.58.238 - - [13/Sep/2013:13:27:44 +0400] "GET /ucp.php?mode=login HTTP/1.1" 404 570 "http://phpbbconstructor.com/" "Mozilla/4.0 (compatible; MSIE 6.0; Windows NT 5.1; SV1;)" "-"
5.10.83.93 - - [13/Sep/2013:13:27:53 +0400] "GET /viewtopic.php?f=10&t=24350 HTTP/1.1" 404 168 "-" "Mozilla/5.0 (compatible; AhrefsBot/5.0; +http://ahrefs.com/robot/)" "-"
117.26.201.45 - - [13/Sep/2013:13:28:33 +0400] "GET / HTTP/1.1" 200 6019 "-" "Mozilla/4.0 (compatible; MSIE 6.0; Windows NT 5.1; SV1;)" "-"
117.26.201.45 - - [13/Sep/2013:13:28:36 +0400] "GET /?page=login&cmd=register HTTP/1.1" 200 6019 "http://phpbbconstructor.com/" "Mozilla/5.0 (Windows NT 5.1; rv:21.0) Gecko/20100101 Firefox/21.0" "-"
117.26.201.45 - - [13/Sep/2013:13:28:38 +0400] "GET /sign_up.html HTTP/1.1" 404 168 "http://phpbbconstructor.com/" "Mozilla/5.0 (Windows NT 5.1; rv:11.0) Gecko/20100101 Firefox/11.0" "-"
117.26.201.45 - - [13/Sep/2013:13:28:39 +0400] "GET / HTTP/1.1" 200 6019 "-" "Mozilla/4.0 (compatible; MSIE 6.0; Windows NT 5.1; SV1;)" "-"
117.26.201.45 - - [13/Sep/2013:13:28:48 +0400] "GET /login.php HTTP/1.1" 404 570 "-" "Mozilla/4.0 (compatible; MSIE 6.0; Windows NT 5.1; SV1;)" "-"
117.26.201.45 - - [13/Sep/2013:13:28:52 +0400] "GET / HTTP/1.1" 200 6019 "-" "Mozilla/4.0 (compatible; MSIE 6.0; Windows NT 5.1; SV1;)" "-"
117.26.201.45 - - [13/Sep/2013:13:28:55 +0400] "GET /member.php?mod=logging&action=login HTTP/1.1" 404 570 "http://phpbbconstructor.com/" "Mozilla/4.0 (compatible; MSIE 6.0; Windows NT 5.1; SV1;)" "-"
117.26.201.45 - - [13/Sep/2013:13:28:56 +0400] "GET /member/reg.php HTTP/1.1" 404 570 "-" "Mozilla/4.0 (compatible; MSIE 6.0; Windows NT 5.1; SV1;)" "-"
117.26.201.45 - - [13/Sep/2013:13:29:02 +0400] "GET /reg.asp HTTP/1.1" 404 570 "-" "Mozilla/4.0 (compatible; MSIE 6.0; Windows NT 5.1; SV1;)" "-"
117.26.201.45 - - [13/Sep/2013:13:29:29 +0400] "GET /logging.php?action=login HTTP/1.1" 404 570 "http://phpbbconstructor.com/" "Mozilla/4.0 (compatible; MSIE 6.0; Windows NT 5.1; SV1;)" "-"
117.26.201.45 - - [13/Sep/2013:13:29:33 +0400] "GET /index.php HTTP/1.1" 404 570 "http://phpbbconstructor.com/" "Mozilla/4.0 (compatible; MSIE 6.0; Windows NT 5.1; SV1;)" "-"
117.26.201.45 - - [13/Sep/2013:13:29:35 +0400] "GET /register.php HTTP/1.1" 404 570 "http://phpbbconstructor.com/" "Mozilla/4.0 (compatible; MSIE 6.0; Windows NT 5.1; SV1;)" "-"
117.26.201.45 - - [13/Sep/2013:13:29:36 +0400] "GET /login.php HTTP/1.1" 404 570 "-" "Mozilla/4.0 (compatible; MSIE 6.0; Windows NT 5.1; SV1;)" "-"
117.26.201.45 - - [13/Sep/2013:13:29:37 +0400] "GET /login.php?action=quit HTTP/1.1" 404 570 "-" "Mozilla/4.0 (compatible; MSIE 6.0; Windows NT 5.1; SV1;)" "-"
117.26.201.45 - - [13/Sep/2013:13:29:38 +0400] "GET /reg.asp HTTP/1.1" 404 570 "-" "Mozilla/4.0 (compatible; MSIE 6.0; Windows NT 5.1; SV1;)" "-"
117.26.201.45 - - [13/Sep/2013:13:29:40 +0400] "GET /?T=reg HTTP/1.1" 200 6019 "-" "Mozilla/4.0 (compatible; MSIE 6.0; Windows NT 5.1; SV1;)" "-"
117.26.201.45 - - [13/Sep/2013:13:29:44 +0400] "GET /bokeindex.asp HTTP/1.1" 404 570 "-" "Mozilla/4.0 (compatible; MSIE 6.0; Windows NT 5.1; SV1;)" "-"
117.26.201.45 - - [13/Sep/2013:13:29:45 +0400] "GET /signup.php HTTP/1.1" 404 570 "-" "Mozilla/4.0 (compatible; MSIE 6.0; Windows NT 5.1; SV1;)" "-"
117.26.201.45 - - [13/Sep/2013:13:29:46 +0400] "GET /index.php?page=en_Signup HTTP/1.1" 404 570 "-" "Mozilla/4.0 (compatible; MSIE 6.0; Windows NT 5.1; SV1;)" "-"
117.26.201.45 - - [13/Sep/2013:13:29:50 +0400] "GET /index.php?do=/user/register/ HTTP/1.1" 404 570 "http://phpbbconstructor.com/" "Mozilla/4.0 (compatible; MSIE 6.0; Windows NT 5.1; SV1;)" "-"
117.26.201.45 - - [13/Sep/2013:13:29:52 +0400] "GET /signup.php HTTP/1.1" 404 570 "-" "Mozilla/4.0 (compatible; MSIE 6.0; Windows NT 5.1; SV1;)" "-"
117.26.201.45 - - [13/Sep/2013:13:29:54 +0400] "GET / HTTP/1.1" 200 6019 "http://phpbbconstructor.com/" "Mozilla/4.0 (compatible; MSIE 6.0; Windows NT 5.1; SV1;)" "-"
117.26.201.45 - - [13/Sep/2013:13:29:59 +0400] "GET / HTTP/1.1" 200 6019 "-" "Mozilla/4.0 (compatible; MSIE 6.0; Windows NT 5.1; SV1;)" "-"
117.26.201.45 - - [13/Sep/2013:13:30:03 +0400] "GET / HTTP/1.1" 200 6019 "-" "Mozilla/4.0 (compatible; MSIE 6.0; Windows NT 5.1; SV1;)" "-"
117.26.201.45 - - [13/Sep/2013:13:30:07 +0400] "GET / HTTP/1.1" 200 6019 "http://phpbbconstructor.com/" "Mozilla/4.0 (compatible; MSIE 6.0; Windows NT 5.1; SV1;)" "-"
117.26.201.45 - - [13/Sep/2013:13:30:09 +0400] "GET /index.php?action=registernew HTTP/1.1" 404 570 "http://phpbbconstructor.com/" "Mozilla/4.0 (compatible; MSIE 6.0; Windows NT 5.1; SV1;)" "-"
117.26.201.45 - - [13/Sep/2013:13:30:10 +0400] "GET /index.php?option=com_registration&task=register HTTP/1.1" 404 570 "http://phpbbconstructor.com/index.php?option=com_registration&task=register" "Mozilla/4.0 (compatible; MSIE 6.0; Windows NT 5.1; SV1;)" "-"
117.26.201.45 - - [13/Sep/2013:13:30:15 +0400] "GET / HTTP/1.1" 200 6019 "http://phpbbconstructor.com/" "Mozilla/4.0 (compatible; MSIE 6.0; Windows NT 5.1; SV1;)" "-"
117.26.201.45 - - [13/Sep/2013:13:30:26 +0400] "GET /index.php?option=com_registration&task=register HTTP/1.1" 404 570 "http://phpbbconstructor.com/" "Mozilla/4.0 (compatible; MSIE 6.0; Windows NT 5.1; SV1;)" "-"
117.26.201.45 - - [13/Sep/2013:13:30:27 +0400] "GET / HTTP/1.1" 200 6019 "-" "Mozilla/4.0 (compatible; MSIE 6.0; Windows NT 5.1; SV1;)" "-"
117.26.201.45 - - [13/Sep/2013:13:30:28 +0400] "GET /registration_rules.asp?FID=0 HTTP/1.1" 404 570 "http://phpbbconstructor.com/registration_rules.asp?FID=0" "Mozilla/4.0 (compatible; MSIE 6.0; Windows NT 5.1; SV1;)" "-"
117.26.201.45 - - [13/Sep/2013:13:30:29 +0400] "GET /register.php HTTP/1.1" 404 570 "http://phpbbconstructor.com/register.php" "Mozilla/4.0 (compatible; MSIE 6.0; Windows NT 5.1; SV1;)" "-"
117.26.201.45 - - [13/Sep/2013:13:30:52 +0400] "GET /profile.php?mode=register&agreed=true&coppa=0 HTTP/1.1" 404 570 "http://phpbbconstructor.com/profile.php?mode=register" "Mozilla/4.0 (compatible; MSIE 6.0; Windows NT 5.1; SV1;)" "-"
117.26.201.45 - - [13/Sep/2013:13:30:54 +0400] "GET /ucp.php?mode=register HTTP/1.1" 404 570 "http://phpbbconstructor.com/" "Mozilla/4.0 (compatible; MSIE 6.0; Windows NT 5.1; SV1;)" "-"
117.26.201.45 - - [13/Sep/2013:13:30:55 +0400] "GET / HTTP/1.1" 200 6019 "-" "Mozilla/4.0 (compatible; MSIE 6.0; Windows NT 5.1; SV1;)" "-"
117.26.201.45 - - [13/Sep/2013:13:30:56 +0400] "GET / HTTP/1.1" 200 6019 "-" "Mozilla/4.0 (compatible; MSIE 6.0; Windows NT 5.1; SV1;)" "-"
192.187.118.172 - - [13/Sep/2013:13:30:56 +0400] "GET /viewtopic.php?f=10&t=104379 HTTP/1.0" 404 168 "http://phpbbconstructor.com/viewtopic.php?f=10&t=104379" "Mozilla/5.0 (Windows NT 5.1; rv:16.0) Gecko/20100101 Firefox/16.0" "-"
192.187.118.172 - - [13/Sep/2013:13:30:56 +0400] "GET / HTTP/1.0" 200 6019 "http://phpbbconstructor.com/" "Mozilla/5.0 (Windows NT 5.1; rv:16.0) Gecko/20100101 Firefox/16.0" "-"
117.26.201.45 - - [13/Sep/2013:13:30:59 +0400] "GET /member/index_do.php?fmdo=user&dopost=regnew HTTP/1.1" 404 570 "http://phpbbconstructor.com/" "Mozilla/4.0 (compatible; MSIE 6.0; Windows NT 5.1; SV1;)" "-"
117.26.201.45 - - [13/Sep/2013:13:31:00 +0400] "GET /index.php?app=core&module=global&section=login HTTP/1.1" 404 570 "-" "Mozilla/4.0 (compatible; MSIE 6.0; Windows NT 5.1; SV1;)" "-"
80.82.209.207 - - [13/Sep/2013:13:31:02 +0400] "GET /index.php HTTP/1.0" 404 570 "http://bdsmgalls.net" "Mozilla/5.0 (Windows NT 6.1; WOW64) AppleWebKit/537.4 (KHTML, like Gecko) Chrome/22.0.1229.96 Safari/537.4" "-"
173.230.138.96 - - [13/Sep/2013:13:31:03 +0400] "GET /index.php HTTP/1.0" 404 570 "http://phpbbconstructor.com/index.php" "Mozilla/5.0 (Windows NT 6.1; WOW64) AppleWebKit/537.4 (KHTML, like Gecko) Chrome/22.0.1229.96 Safari/537.4" "-"
96.47.226.20 - - [13/Sep/2013:13:31:05 +0400] "GET /index.php HTTP/1.0" 404 570 "http://phpbbconstructor.com/index.php" "Mozilla/5.0 (Windows NT 6.1; WOW64) AppleWebKit/537.4 (KHTML, like Gecko) Chrome/22.0.1229.96 Safari/537.4" "-"
109.163.233.194 - - [13/Sep/2013:13:31:07 +0400] "GET /index.php HTTP/1.0" 404 570 "http://phpbbconstructor.com/index.php" "Mozilla/5.0 (Windows NT 6.1; WOW64) AppleWebKit/537.4 (KHTML, like Gecko) Chrome/22.0.1229.96 Safari/537.4" "-"
117.26.201.45 - - [13/Sep/2013:13:31:08 +0400] "GET /index.php?act=Login&CODE=00 HTTP/1.1" 404 570 "-" "Mozilla/4.0 (compatible; MSIE 6.0; Windows NT 5.1; SV1;)" "-"
117.26.201.45 - - [13/Sep/2013:13:31:11 +0400] "GET /account/register.php HTTP/1.1" 404 570 "http://phpbbconstructor.com/" "Mozilla/4.0 (compatible; MSIE 6.0; Windows NT 5.1; SV1;)" "-"
109.163.233.194 - - [13/Sep/2013:13:31:14 +0400] "GET /index.php HTTP/1.0" 404 570 "http://phpbbconstructor.com/index.php" "Mozilla/5.0 (Windows NT 6.1; WOW64) AppleWebKit/537.4 (KHTML, like Gecko) Chrome/22.0.1229.96 Safari/537.4" "-"
117.26.201.45 - - [13/Sep/2013:13:31:14 +0400] "GET /index.php?action=register HTTP/1.1" 404 570 "http://phpbbconstructor.com/" "Mozilla/4.0 (compatible; MSIE 6.0; Windows NT 5.1; SV1;)" "-"
117.26.201.45 - - [13/Sep/2013:13:31:16 +0400] "GET /register.aspx HTTP/1.1" 404 570 "http://phpbbconstructor.com/" "Mozilla/4.0 (compatible; MSIE 6.0; Windows NT 5.1; SV1;)" "-"
5.10.83.31 - - [13/Sep/2013:13:31:25 +0400] "GET /viewtopic.php?f=2&t=30173 HTTP/1.1" 404 168 "-" "Mozilla/5.0 (compatible; AhrefsBot/5.0; +http://ahrefs.com/robot/)" "-"
85.17.24.95 - - [13/Sep/2013:13:31:27 +0400] "GET /index.php HTTP/1.0" 404 570 "http://phpbbconstructor.com/index.php" "Mozilla/5.0 (Windows NT 6.1; WOW64) AppleWebKit/537.4 (KHTML, like Gecko) Chrome/22.0.1229.96 Safari/537.4" "-"
96.47.226.21 - - [13/Sep/2013:13:31:28 +0400] "GET /index.php HTTP/1.0" 404 570 "http://phpbbconstructor.com/index.php" "Mozilla/5.0 (Windows NT 6.1; WOW64) AppleWebKit/537.4 (KHTML, like Gecko) Chrome/22.0.1229.96 Safari/537.4" "-"
37.157.196.34 - - [13/Sep/2013:13:31:30 +0400] "GET /index.php HTTP/1.0" 404 570 "http://phpbbconstructor.com/index.php" "Mozilla/5.0 (Windows NT 6.1; WOW64) AppleWebKit/537.4 (KHTML, like Gecko) Chrome/22.0.1229.96 Safari/537.4" "-"
178.255.215.72 - - [13/Sep/2013:13:31:31 +0400] "GET /robots.txt HTTP/1.1" 404 168 "-" "Mozilla/5.0 (compatible; Exabot/3.0; +http://www.exabot.com/go/robot)" "-"
178.255.215.72 - - [13/Sep/2013:13:31:31 +0400] "GET / HTTP/1.1" 200 6019 "-" "Mozilla/5.0 (compatible; Exabot/3.0; +http://www.exabot.com/go/robot)" "-"
96.44.189.100 - - [13/Sep/2013:13:31:33 +0400] "GET /index.php HTTP/1.0" 404 570 "http://phpbbconstructor.com/index.php" "Mozilla/5.0 (Windows NT 6.1; WOW64) AppleWebKit/537.4 (KHTML, like Gecko) Chrome/22.0.1229.96 Safari/537.4" "-"
109.163.233.194 - - [13/Sep/2013:13:31:35 +0400] "GET /index.php HTTP/1.0" 404 570 "http://phpbbconstructor.com/index.php" "Mozilla/5.0 (Windows NT 6.1; WOW64) AppleWebKit/537.4 (KHTML, like Gecko) Chrome/22.0.1229.96 Safari/537.4" "-"
109.163.233.194 - - [13/Sep/2013:13:31:37 +0400] "GET /index.php HTTP/1.0" 404 570 "http://phpbbconstructor.com/index.php" "Mozilla/5.0 (Windows NT 6.1; WOW64) AppleWebKit/537.4 (KHTML, like Gecko) Chrome/22.0.1229.96 Safari/537.4" "-"
178.32.210.159 - - [13/Sep/2013:13:31:38 +0400] "GET /index.php HTTP/1.0" 404 570 "http://phpbbconstructor.com/index.php" "Mozilla/5.0 (Windows NT 6.1; WOW64) AppleWebKit/537.4 (KHTML, like Gecko) Chrome/22.0.1229.96 Safari/537.4" "-"
89.76.164.243 - - [13/Sep/2013:13:31:39 +0400] "GET /index.php HTTP/1.0" 404 570 "http://phpbbconstructor.com/index.php" "Mozilla/5.0 (Windows NT 6.1; WOW64) AppleWebKit/537.4 (KHTML, like Gecko) Chrome/22.0.1229.96 Safari/537.4" "-"
96.47.226.20 - - [13/Sep/2013:13:31:41 +0400] "GET /index.php HTTP/1.0" 404 570 "http://phpbbconstructor.com/index.php" "Mozilla/5.0 (Windows NT 6.1; WOW64) AppleWebKit/537.4 (KHTML, like Gecko) Chrome/22.0.1229.96 Safari/537.4" "-"
62.97.248.166 - - [13/Sep/2013:13:31:44 +0400] "GET /index.php HTTP/1.0" 404 570 "http://phpbbconstructor.com/index.php" "Mozilla/5.0 (Windows NT 6.1; WOW64) AppleWebKit/537.4 (KHTML, like Gecko) Chrome/22.0.1229.96 Safari/537.4" "-"
37.59.40.61 - - [13/Sep/2013:13:31:45 +0400] "GET /index.php HTTP/1.0" 404 570 "http://phpbbconstructor.com/index.php" "Mozilla/5.0 (Windows NT 6.1; WOW64) AppleWebKit/537.4 (KHTML, like Gecko) Chrome/22.0.1229.96 Safari/537.4" "-"
109.163.233.194 - - [13/Sep/2013:13:31:46 +0400] "GET /index.php HTTP/1.0" 404 570 "http://phpbbconstructor.com/index.php" "Mozilla/5.0 (Windows NT 6.1; WOW64) AppleWebKit/537.4 (KHTML, like Gecko) Chrome/22.0.1229.96 Safari/537.4" "-"
23.92.16.230 - - [13/Sep/2013:13:31:48 +0400] "GET /index.php HTTP/1.0" 404 570 "http://phpbbconstructor.com/index.php" "Mozilla/5.0 (Windows NT 6.1; WOW64) AppleWebKit/537.4 (KHTML, like Gecko) Chrome/22.0.1229.96 Safari/537.4" "-"
194.104.126.126 - - [13/Sep/2013:13:31:49 +0400] "GET /index.php HTTP/1.0" 404 570 "http://phpbbconstructor.com/index.php" "Mozilla/5.0 (Windows NT 6.1; WOW64) AppleWebKit/537.4 (KHTML, like Gecko) Chrome/22.0.1229.96 Safari/537.4" "-"
109.163.233.194 - - [13/Sep/2013:13:31:51 +0400] "GET /index.php HTTP/1.0" 404 570 "http://phpbbconstructor.com/index.php" "Mozilla/5.0 (Windows NT 6.1; WOW64) AppleWebKit/537.4 (KHTML, like Gecko) Chrome/22.0.1229.96 Safari/537.4" "-"
96.47.226.21 - - [13/Sep/2013:13:31:57 +0400] "GET /index.php HTTP/1.0" 404 570 "http://phpbbconstructor.com/index.php" "Mozilla/5.0 (Windows NT 6.1; WOW64) AppleWebKit/537.4 (KHTML, like Gecko) Chrome/22.0.1229.96 Safari/537.4" "-"
117.26.201.45 - - [13/Sep/2013:13:32:02 +0400] "GET / HTTP/1.1" 200 6019 "-" "Mozilla/4.0 (compatible; MSIE 6.0; Windows NT 5.1; SV1;)" "-"
117.26.201.45 - - [13/Sep/2013:13:32:04 +0400] "GET / HTTP/1.1" 200 6019 "-" "Mozilla/4.0 (compatible; MSIE 6.0; Windows NT 5.1; SV1;)" "-"
117.26.201.45 - - [13/Sep/2013:13:32:05 +0400] "GET /CreateUser.asp HTTP/1.1" 404 570 "http://phpbbconstructor.com/" "Mozilla/4.0 (compatible; MSIE 6.0; Windows NT 5.1; SV1;)" "-"
59.47.43.88 - - [13/Sep/2013:13:32:06 +0400] "GET /viewtopic.php?f=10&t=104744 HTTP/1.0" 404 168 "http://phpbbconstructor.com/viewtopic.php?f=10&t=104744" "Opera/9.80 (Windows NT 6.1; U; Edition Next; ru) Presto/2.11.310 Version/12.50" "-"
117.26.201.45 - - [13/Sep/2013:13:32:07 +0400] "GET /join.php HTTP/1.1" 404 570 "-" "Mozilla/4.0 (compatible; MSIE 6.0; Windows NT 5.1; SV1;)" "-"
59.47.43.88 - - [13/Sep/2013:13:32:08 +0400] "GET //phpbbconstructor.com/viewtopic.php?f=10&t=104744 HTTP/1.0" 404 168 "http://phpbbconstructor.com//phpbbconstructor.com/viewtopic.php?f=10&t=104744" "Opera/9.80 (Windows NT 6.1; U; Edition Next; ru) Presto/2.11.310 Version/12.50" "-"
59.47.43.88 - - [13/Sep/2013:13:32:09 +0400] "GET /viewtopic.php?f=10&t=104744 HTTP/1.0" 404 168 "http://phpbbconstructor.com/viewtopic.php?f=10&t=104744" "Opera/9.80 (Windows NT 6.1; U; Edition Next; ru) Presto/2.11.310 Version/12.50" "-"
59.47.43.88 - - [13/Sep/2013:13:32:10 +0400] "GET //phpbbconstructor.com/viewtopic.php?f=10&t=104744 HTTP/1.0" 404 168 "http://phpbbconstructor.com//phpbbconstructor.com/viewtopic.php?f=10&t=104744" "Opera/9.80 (Windows NT 6.1; U; Edition Next; ru) Presto/2.11.310 Version/12.50" "-"
117.26.201.45 - - [13/Sep/2013:13:32:12 +0400] "GET /YaBB.cgi/ HTTP/1.1" 404 570 "-" "Mozilla/4.0 (compatible; MSIE 6.0; Windows NT 5.1; SV1;)" "-"
112.111.184.234 - - [13/Sep/2013:13:32:12 +0400] "GET / HTTP/1.1" 200 6019 "http://phpbbconstructor.com/" "Mozilla/4.0 (compatible; MSIE 6.0; Windows NT 5.1; SV1;)" "-"
112.111.184.234 - - [13/Sep/2013:13:32:12 +0400] "GET / HTTP/1.1" 200 6019 "http://phpbbconstructor.com/" "Mozilla/4.0 (compatible; MSIE 6.0; Windows NT 5.1; SV1;)" "-"
112.111.184.234 - - [13/Sep/2013:13:32:12 +0400] "GET / HTTP/1.1" 200 6019 "http://phpbbconstructor.com/" "Mozilla/4.0 (compatible; MSIE 6.0; Windows NT 5.1; SV1;)" "-"
117.26.201.45 - - [13/Sep/2013:13:32:13 +0400] "GET /YaBB.pl/ HTTP/1.1" 404 570 "-" "Mozilla/4.0 (compatible; MSIE 6.0; Windows NT 5.1; SV1;)" "-"
117.26.201.45 - - [13/Sep/2013:13:32:14 +0400] "GET /member/register HTTP/1.1" 404 570 "http://phpbbconstructor.com/" "Mozilla/4.0 (compatible; MSIE 6.0; Windows NT 5.1; SV1;)" "-"
117.26.201.45 - - [13/Sep/2013:13:32:20 +0400] "GET /index.php/forums/member/register HTTP/1.1" 404 570 "http://phpbbconstructor.com/" "Mozilla/4.0 (compatible; MSIE 6.0; Windows NT 5.1; SV1;)" "-"
117.26.201.45 - - [13/Sep/2013:13:32:22 +0400] "GET /forum/member/register HTTP/1.1" 404 570 "http://phpbbconstructor.com/" "Mozilla/4.0 (compatible; MSIE 6.0; Windows NT 5.1; SV1;)" "-"
117.26.201.45 - - [13/Sep/2013:13:32:23 +0400] "GET /signup.php HTTP/1.1" 404 570 "http://phpbbconstructor.com/" "Mozilla/4.0 (compatible; MSIE 6.0; Windows NT 5.1; SV1;)" "-"
117.26.201.45 - - [13/Sep/2013:13:32:27 +0400] "GET /site/signup.php HTTP/1.1" 404 570 "http://phpbbconstructor.com/" "Mozilla/4.0 (compatible; MSIE 6.0; Windows NT 5.1; SV1;)" "-"
120.33.241.95 - - [13/Sep/2013:13:32:29 +0400] "GET /ucp.php?mode=register&change_lang=en HTTP/1.1" 404 570 "http://phpbbconstructor.com/" "Mozilla/4.0 (compatible; MSIE 6.0; Windows NT 5.1; SV1;)" "-"
59.47.43.88 - - [13/Sep/2013:13:32:32 +0400] "GET /viewtopic.php?f=10&t=104744 HTTP/1.0" 404 168 "http://phpbbconstructor.com/viewtopic.php?f=10&t=104744" "Opera/9.80 (Windows NT 6.1; U; Edition Next; ru) Presto/2.11.310 Version/12.50" "-"
59.47.43.88 - - [13/Sep/2013:13:32:36 +0400] "GET //phpbbconstructor.com/viewtopic.php?f=10&t=104744 HTTP/1.0" 404 168 "http://phpbbconstructor.com//phpbbconstructor.com/viewtopic.php?f=10&t=104744" "Opera/9.80 (Windows NT 6.1; U; Edition Next; ru) Presto/2.11.310 Version/12.50" "-"
5.10.83.60 - - [13/Sep/2013:13:32:38 +0400] "GET /viewtopic.php?f=10&t=10987&p=26217 HTTP/1.1" 404 168 "-" "Mozilla/5.0 (compatible; AhrefsBot/5.0; +http://ahrefs.com/robot/)" "-"
59.47.43.88 - - [13/Sep/2013:13:32:41 +0400] "GET /viewtopic.php?f=10&t=104744 HTTP/1.0" 404 168 "http://phpbbconstructor.com/viewtopic.php?f=10&t=104744" "Opera/9.80 (Windows NT 6.1; U; Edition Next; ru) Presto/2.11.310 Version/12.50" "-"
59.47.43.88 - - [13/Sep/2013:13:32:43 +0400] "GET //phpbbconstructor.com/viewtopic.php?f=10&t=104744 HTTP/1.0" 404 168 "http://phpbbconstructor.com//phpbbconstructor.com/viewtopic.php?f=10&t=104744" "Opera/9.80 (Windows NT 6.1; U; Edition Next; ru) Presto/2.11.310 Version/12.50" "-"
120.43.24.198 - - [13/Sep/2013:13:32:49 +0400] "GET /ucp.php?mode=register&change_lang=en HTTP/1.1" 404 570 "http://phpbbconstructor.com/" "Mozilla/4.0 (compatible; MSIE 6.0; Windows NT 5.1; SV1;)" "-"
5.10.83.93 - - [13/Sep/2013:13:32:53 +0400] "GET /viewtopic.php?f=2&t=95064 HTTP/1.1" 404 168 "-" "Mozilla/5.0 (compatible; AhrefsBot/5.0; +http://ahrefs.com/robot/)" "-"
5.10.83.86 - - [13/Sep/2013:13:33:59 +0400] "GET /viewtopic.php?f=3&t=24485&view=unread HTTP/1.1" 404 168 "-" "Mozilla/5.0 (compatible; AhrefsBot/5.0; +http://ahrefs.com/robot/)" "-"
63.141.233.147 - - [13/Sep/2013:13:35:20 +0400] "GET /viewtopic.php?f=10&t=42058&view=unread HTTP/1.0" 404 570 "http://phpbbconstructor.com/viewtopic.php?f=10&t=42058&view=unread#unread" "Mozilla/5.0 (Windows NT 5.1) AppleWebKit/537.11 (KHTML, like Gecko) Chrome/23.0.1271.64 Safari/537.11" "-"
63.141.233.147 - - [13/Sep/2013:13:35:21 +0400] "GET / HTTP/1.0" 200 6019 "http://phpbbconstructor.com/" "Mozilla/5.0 (Windows NT 5.1) AppleWebKit/537.11 (KHTML, like Gecko) Chrome/23.0.1271.64 Safari/537.11" "-"
120.43.9.124 - - [13/Sep/2013:13:36:25 +0400] "GET /ucp.php?mode=register&change_lang=en HTTP/1.1" 404 570 "http://phpbbconstructor.com/" "Mozilla/4.0 (compatible; MSIE 6.0; Windows NT 5.1; SV1;)" "-"
91.207.7.109 - - [13/Sep/2013:13:37:28 +0400] "GET /viewtopic.php?f=2& HTTP/1.0" 404 168 "http://phpbbconstructor.com/viewtopic.php?f=2&#038;t=116481" "Opera/9.80 (Windows NT 6.1; WOW64; U; ru) Presto/2.10.289 Version/12.02" "-"
91.207.7.109 - - [13/Sep/2013:13:37:29 +0400] "GET / HTTP/1.0" 200 6019 "http://phpbbconstructor.com/" "Opera/9.80 (Windows NT 6.1; WOW64; U; ru) Presto/2.10.289 Version/12.02" "-"
178.151.216.90 - - [13/Sep/2013:13:39:14 +0400] "GET /index.php++++++++++++++++++++++++++++++++++++++++++++Result:+%E8%F1%EF%EE%EB%FC%E7%EE%E2%E0%ED+%ED%E8%EA%ED%E5%E9%EC+%22wradsilsowida%22;+%E2%F5%EE%E4+%E2+%E0%EA%EA%E0%F3%ED%F2+%ED%E5+%F3%E4%E0%EB%F1%FF;+Result:+%E8%F1%EF%EE%EB%FC%E7%EE%E2%E0%ED+%ED%E8%EA%ED%E5%E9%EC+%22Diorpondibind%22;+%E2%F5%EE%E4+%E2+%E0%EA%EA%E0%F3%ED%F2+%ED%E5+%F3%E4%E0%EB%F1%FF;+Result:+%E8%F1%EF%EE%EB%FC%E7%EE%E2%E0%ED+%ED%E8%EA%ED%E5%E9%EC+%22Diorpondibind%22;+%E2%F5%EE%E4+%E2+%E0%EA%EA%E0%F3%ED%F2+%ED%E5+%F3%E4%E0%EB%F1%FF;+Result:+%E8%F1%EF%EE%EB%FC%E7%EE%E2%E0%ED+%ED%E8%EA%ED%E5%E9%EC+%22wradsilsowida%22;+%E2%F5%EE%E4+%E2+%E0%EA%EA%E0%F3%ED%F2+%ED%E5+%F3%E4%E0%EB%F1%FF;+Result:+%E8%F1%EF%EE%EB%FC%E7%EE%E2%E0%ED+%ED%E8%EA%ED%E5%E9%EC+%22Abnorauncoola%22;+%E2%F5%EE%E4+%E2+%E0%EA%EA%E0%F3%ED%F2+%ED%E5+%F3%E4%E0%EB%F1%FF; HTTP/1.0" 404 570 "http://phpbbconstructor.com/index.php++++++++++++++++++++++++++++++++++++++++++++Result:+%E8%F1%EF%EE%EB%FC%E7%EE%E2%E0%ED+%ED%E8%EA%ED%E5%E9%EC+%22wradsilsowida%22;+%E2%F5%EE%E4+%E2+%E0%EA%EA%E0%F3%ED%F2+%ED%E5+%F3%E4%E0%EB%F1%FF;+Result:+%E8%F1%EF%EE%EB%FC%E7%EE%E2%E0%ED+%ED%E8%EA%ED%E5%E9%EC+%22Diorpondibind%22;+%E2%F5%EE%E4+%E2+%E0%EA%EA%E0%F3%ED%F2+%ED%E5+%F3%E4%E0%EB%F1%FF;+Result:+%E8%F1%EF%EE%EB%FC%E7%EE%E2%E0%ED+%ED%E8%EA%ED%E5%E9%EC+%22Diorpondibind%22;+%E2%F5%EE%E4+%E2+%E0%EA%EA%E0%F3%ED%F2+%ED%E5+%F3%E4%E0%EB%F1%FF;+Result:+%E8%F1%EF%EE%EB%FC%E7%EE%E2%E0%ED+%ED%E8%EA%ED%E5%E9%EC+%22wradsilsowida%22;+%E2%F5%EE%E4+%E2+%E0%EA%EA%E0%F3%ED%F2+%ED%E5+%F3%E4%E0%EB%F1%FF;+Result:+%E8%F1%EF%EE%EB%FC%E7%EE%E2%E0%ED+%ED%E8%EA%ED%E5%E9%EC+%22Abnorauncoola%22;+%E2%F5%EE%E4+%E2+%E0%EA%EA%E0%F3%ED%F2+%ED%E5+%F3%E4%E0%EB%F1%FF;" "Mozilla/5.0 (Windows NT 6.1) AppleWebKit/535.1 (KHTML, like Gecko) Chrome/14.0.835.163 Safari/535.1" "-"
178.151.216.90 - - [13/Sep/2013:13:39:14 +0400] "GET / HTTP/1.0" 200 6019 "http://phpbbconstructor.com/" "Mozilla/5.0 (Windows NT 6.1) AppleWebKit/535.1 (KHTML, like Gecko) Chrome/14.0.835.163 Safari/535.1" "-"
61.241.211.180 - - [13/Sep/2013:13:39:29 +0400] "GET / HTTP/1.0" 200 6019 "http://phpbbconstructor.com/" "Mozilla/5.0 (Windows NT 5.1) AppleWebKit/537.11 (KHTML, like Gecko) Chrome/23.0.1271.95 Safari/537.11" "-"
110.85.107.204 - - [13/Sep/2013:13:40:36 +0400] "GET /ucp.php?mode=register&change_lang=en HTTP/1.1" 404 570 "http://phpbbconstructor.com/" "Mozilla/4.0 (compatible; MSIE 6.0; Windows NT 5.1; SV1;)" "-"
5.10.83.14 - - [13/Sep/2013:13:40:45 +0400] "GET /viewtopic.php?f=3&t=73560&view=unread HTTP/1.1" 404 168 "-" "Mozilla/5.0 (compatible; AhrefsBot/5.0; +http://ahrefs.com/robot/)" "-"
111.248.119.146 - - [13/Sep/2013:13:40:55 +0400] "GET http://www.google.com/ HTTP/1.1" 200 612 "-" "Mozilla/5.0 (compatible; MSIE 9.0; Windows NT 6.1; Trident/5.0)" "-"
111.248.119.146 - - [13/Sep/2013:13:40:56 +0400] "CONNECT mx0.mail2000.com.tw:25 HTTP/1.0" 400 172 "-" "-" "-"
5.255.210.93 - - [13/Sep/2013:13:42:53 +0400] "GET / HTTP/1.1" 200 13704 "-" "Mozilla/5.0 (compatible; YandexMetrika/2.0; +http://yandex.com/bots mon3)" "-"
142.54.160.99 - - [13/Sep/2013:13:43:07 +0400] "GET / HTTP/1.0" 200 6019 "http://phpbbconstructor.com/" "Mozilla/5.0 (Windows NT 5.1) AppleWebKit/535.19 (KHTML, like Gecko) Chrome/18.0.1025.1634 Safari/535.19 YE" "-"
142.0.138.1 - - [13/Sep/2013:13:43:23 +0400] "GET / HTTP/1.0" 200 6019 "http://phpbbconstructor.com/" "Mozilla/5.0 (Windows NT 6.1; WOW64; rv:12.0) Gecko/20100101 Firefox/12.0" "-"
142.0.138.1 - - [13/Sep/2013:13:43:33 +0400] "GET / HTTP/1.0" 200 6019 "http://phpbbconstructor.com/" "Opera/9.80 (Windows NT 6.0; U; ru) Presto/2.10.289 Version/12.02" "-"
5.10.83.31 - - [13/Sep/2013:13:44:29 +0400] "GET /viewtopic.php?f=3&t=99889 HTTP/1.1" 404 168 "-" "Mozilla/5.0 (compatible; AhrefsBot/5.0; +http://ahrefs.com/robot/)" "-"
219.154.133.226 - - [13/Sep/2013:13:44:55 +0400] "GET /viewtopic.php?f=10&t=47255 HTTP/1.0" 404 570 "http://phpbbconstructor.com/viewtopic.php?f=10&t=47255" "Mozilla/5.0 (Windows NT 6.1; WOW64) AppleWebKit/537.11 (KHTML, like Gecko) Chrome/23.0.1271.91 Safari/537.11" "-"
5.10.83.52 - - [13/Sep/2013:13:45:10 +0400] "GET /viewtopic.php?f=3&t=55493 HTTP/1.1" 404 168 "-" "Mozilla/5.0 (compatible; AhrefsBot/5.0; +http://ahrefs.com/robot/)" "-"
5.10.83.87 - - [13/Sep/2013:13:47:47 +0400] "GET /viewtopic.php?f=3&t=39353 HTTP/1.1" 404 168 "-" "Mozilla/5.0 (compatible; AhrefsBot/5.0; +http://ahrefs.com/robot/)" "-"
222.77.236.79 - - [13/Sep/2013:13:48:12 +0400] "GET /ucp.php?mode=login HTTP/1.1" 404 570 "http://phpbbconstructor.com/" "Mozilla/4.0 (compatible; MSIE 6.0; Windows NT 5.1; SV1;)" "-"
5.10.83.93 - - [13/Sep/2013:13:49:09 +0400] "GET /viewtopic.php?f=9&t=100126 HTTP/1.1" 404 168 "-" "Mozilla/5.0 (compatible; AhrefsBot/5.0; +http://ahrefs.com/robot/)" "-"
5.10.83.60 - - [13/Sep/2013:13:49:38 +0400] "GET /viewtopic.php?f=9&t=43539&view=unread HTTP/1.1" 404 168 "-" "Mozilla/5.0 (compatible; AhrefsBot/5.0; +http://ahrefs.com/robot/)" "-"
192.187.118.172 - - [13/Sep/2013:13:49:42 +0400] "GET /viewtopic.php?f=10&t=104379 HTTP/1.0" 404 570 "http://phpbbconstructor.com/viewtopic.php?f=10&t=104379" "Mozilla/5.0 (Windows NT 6.1) AppleWebKit/535.12 (KHTML, like Gecko) Maxthon/3.0 Chrome/18.0.966.0 Safari/535.12" "-"
192.187.118.172 - - [13/Sep/2013:13:49:42 +0400] "GET / HTTP/1.0" 200 6019 "http://phpbbconstructor.com/" "Mozilla/5.0 (Windows NT 6.1) AppleWebKit/535.12 (KHTML, like Gecko) Maxthon/3.0 Chrome/18.0.966.0 Safari/535.12" "-"
27.159.200.33 - - [13/Sep/2013:13:50:09 +0400] "GET /ucp.php?mode=register&change_lang=en HTTP/1.1" 404 570 "http://phpbbconstructor.com/" "Mozilla/4.0 (compatible; MSIE 6.0; Windows NT 5.1; SV1;)" "-"
192.187.118.172 - - [13/Sep/2013:13:50:33 +0400] "GET /viewtopic.php?f=10&t=104379 HTTP/1.0" 404 570 "http://phpbbconstructor.com/viewtopic.php?f=10&t=104379" "Mozilla/5.0 (Windows NT 6.2; WOW64) AppleWebKit/537.11 (KHTML, like Gecko) Chrome/23.0.1271.91 Safari/537.11" "-"
192.187.118.172 - - [13/Sep/2013:13:50:33 +0400] "GET / HTTP/1.0" 200 6019 "http://phpbbconstructor.com/" "Mozilla/5.0 (Windows NT 6.2; WOW64) AppleWebKit/537.11 (KHTML, like Gecko) Chrome/23.0.1271.91 Safari/537.11" "-"
95.108.129.207 - - [13/Sep/2013:13:50:59 +0400] "GET / HTTP/1.1" 200 13704 "-" "Mozilla/5.0 (compatible; YandexMetrika/2.0; +http://yandex.com/bots mon1)" "-"
27.159.193.214 - - [13/Sep/2013:13:51:05 +0400] "GET /ucp.php?mode=register&change_lang=en HTTP/1.1" 404 570 "http://phpbbconstructor.com/" "Mozilla/4.0 (compatible; MSIE 6.0; Windows NT 5.1; SV1;)" "-"
27.159.202.119 - - [13/Sep/2013:13:52:38 +0400] "GET /ucp.php?mode=register&change_lang=en HTTP/1.1" 404 570 "http://phpbbconstructor.com/" "Mozilla/4.0 (compatible; MSIE 6.0; Windows NT 5.1; SV1;)" "-"
192.187.118.172 - - [13/Sep/2013:13:53:24 +0400] "GET /viewtopic.php?f=10&t=104379 HTTP/1.0" 404 168 "http://phpbbconstructor.com/viewtopic.php?f=10&t=104379" "Mozilla/5.0 (Windows NT 5.1; rv:12.0) Gecko/20100101 Firefox/12.0" "-"
192.187.118.172 - - [13/Sep/2013:13:53:25 +0400] "GET / HTTP/1.0" 200 6019 "http://phpbbconstructor.com/" "Mozilla/5.0 (Windows NT 5.1; rv:12.0) Gecko/20100101 Firefox/12.0" "-"
142.54.160.99 - - [13/Sep/2013:13:54:07 +0400] "GET / HTTP/1.0" 200 6019 "http://phpbbconstructor.com/" "Mozilla/5.0 (Windows NT 6.1; WOW64) AppleWebKit/537.11 (KHTML, like Gecko) Chrome/23.0.1271.95 Safari/537.11" "-"
94.23.192.196 - - [13/Sep/2013:13:54:45 +0400] "HEAD /index.php HTTP/1.0" 404 0 "-" "Opera/9.64(Windows NT 5.1; U; en) Presto/2.1.1" "-"
5.10.83.59 - - [13/Sep/2013:13:55:45 +0400] "GET /viewtopic.php?f=10&t=46944 HTTP/1.1" 404 168 "-" "Mozilla/5.0 (compatible; AhrefsBot/5.0; +http://ahrefs.com/robot/)" "-"
5.10.83.81 - - [13/Sep/2013:13:56:10 +0400] "GET /viewtopic.php?f=2&t=70287 HTTP/1.1" 404 168 "-" "Mozilla/5.0 (compatible; AhrefsBot/5.0; +http://ahrefs.com/robot/)" "-"
5.10.83.87 - - [13/Sep/2013:13:57:36 +0400] "GET /viewtopic.php?f=3&t=130763&view=unread HTTP/1.1" 404 168 "-" "Mozilla/5.0 (compatible; AhrefsBot/5.0; +http://ahrefs.com/robot/)" "-"
120.43.31.118 - - [13/Sep/2013:13:58:42 +0400] "GET /ucp.php?mode=register&change_lang=en HTTP/1.1" 404 570 "http://phpbbconstructor.com/" "Mozilla/4.0 (compatible; MSIE 6.0; Windows NT 5.1; SV1;)" "-"
198.74.231.14 - - [13/Sep/2013:13:58:49 +0400] "GET /robots.txt HTTP/1.0" 404 168 "-" "Mozilla/5.0 (compatible; MJ12bot/v1.4.4; http://www.majestic12.co.uk/bot.php?+)" "-"
198.74.231.14 - - [13/Sep/2013:13:58:52 +0400] "GET /viewtopic.php?f=10&t=70118 HTTP/1.0" 404 168 "-" "Mozilla/5.0 (compatible; MJ12bot/v1.4.4; http://www.majestic12.co.uk/bot.php?+)" "-"
120.43.24.198 - - [13/Sep/2013:13:59:03 +0400] "GET /ucp.php?mode=register&change_lang=en HTTP/1.1" 404 570 "http://phpbbconstructor.com/" "Mozilla/4.0 (compatible; MSIE 6.0; Windows NT 5.1; SV1;)" "-"
178.154.224.114 - - [13/Sep/2013:13:59:20 +0400] "GET / HTTP/1.1" 200 6019 "-" "Mozilla/5.0 (compatible; YandexMetrika/2.0; +http://yandex.com/bots TEST)" "-"
192.187.118.172 - - [13/Sep/2013:13:59:36 +0400] "GET /viewtopic.php?f=10&t=104379 HTTP/1.0" 404 168 "http://phpbbconstructor.com/viewtopic.php?f=10&t=104379" "Mozilla/5.0 (Windows NT 6.1; WOW64; rv:14.0) Gecko/20100101 Firefox/14.0.1" "-"
192.187.118.172 - - [13/Sep/2013:13:59:37 +0400] "GET / HTTP/1.0" 200 6019 "http://phpbbconstructor.com/" "Mozilla/5.0 (Windows NT 6.1; WOW64; rv:14.0) Gecko/20100101 Firefox/14.0.1" "-"
178.151.143.163 - - [13/Sep/2013:13:59:54 +0400] "GET /robots.txt HTTP/1.0" 404 168 "-" "Mozilla/5.0 (compatible; MJ12bot/v1.4.4; http://www.majestic12.co.uk/bot.php?+)" "-"
120.43.30.76 - - [13/Sep/2013:13:59:56 +0400] "GET /ucp.php?mode=register&change_lang=en HTTP/1.1" 404 570 "http://phpbbconstructor.com/" "Mozilla/4.0 (compatible; MSIE 6.0; Windows NT 5.1; SV1;)" "-"
178.151.143.163 - - [13/Sep/2013:14:00:00 +0400] "GET /viewtopic.php?f=3&t=74274 HTTP/1.1" 404 168 "-" "Mozilla/5.0 (compatible; MJ12bot/v1.4.4; http://www.majestic12.co.uk/bot.php?+)" "-"
5.10.83.89 - - [13/Sep/2013:14:00:56 +0400] "GET /viewtopic.php?f=3&t=112979 HTTP/1.1" 404 168 "-" "Mozilla/5.0 (compatible; AhrefsBot/5.0; +http://ahrefs.com/robot/)" "-"
175.44.7.53 - - [13/Sep/2013:14:01:02 +0400] "GET /ucp.php?mode=login HTTP/1.1" 404 570 "http://phpbbconstructor.com/" "Mozilla/4.0 (compatible; MSIE 6.0; Windows NT 5.1; SV1;)" "-"
119.118.163.12 - - [13/Sep/2013:14:02:07 +0400] "GET /ucp.php?mode=login HTTP/1.1" 404 570 "http://phpbbconstructor.com/" "Mozilla/4.0 (compatible; MSIE 6.0; Windows NT 5.1; SV1;)" "-"
142.0.138.1 - - [13/Sep/2013:14:02:28 +0400] "GET / HTTP/1.0" 200 6019 "http://phpbbconstructor.com/" "Mozilla/4.0 (compatible; MSIE 8.0; Windows NT 5.1; Trident/4.0)" "-"
213.180.206.197 - - [13/Sep/2013:14:02:29 +0400] "GET / HTTP/1.1" 200 13704 "-" "Mozilla/5.0 (compatible; YandexMetrika/2.0; +http://yandex.com/bots mon2)" "-"
123.125.71.39 - - [13/Sep/2013:14:02:42 +0400] "GET / HTTP/1.1" 200 6019 "-" "Mozilla/5.0 (compatible; Baiduspider/2.0; +http://www.baidu.com/search/spider.html)" "-"
220.181.108.85 - - [13/Sep/2013:14:02:58 +0400] "GET / HTTP/1.1" 200 6019 "-" "Mozilla/5.0 (compatible; Baiduspider/2.0; +http://www.baidu.com/search/spider.html)" "-"
5.10.83.60 - - [13/Sep/2013:14:03:01 +0400] "GET /viewtopic.php?f=9&t=2500 HTTP/1.1" 404 168 "-" "Mozilla/5.0 (compatible; AhrefsBot/5.0; +http://ahrefs.com/robot/)" "-"
175.44.7.53 - - [13/Sep/2013:14:04:30 +0400] "GET /ucp.php?mode=login HTTP/1.1" 404 570 "http://phpbbconstructor.com/" "Mozilla/4.0 (compatible; MSIE 6.0; Windows NT 5.1; SV1;)" "-"
5.10.83.81 - - [13/Sep/2013:14:04:43 +0400] "GET /viewtopic.php?f=2&t=77711 HTTP/1.1" 404 168 "-" "Mozilla/5.0 (compatible; AhrefsBot/5.0; +http://ahrefs.com/robot/)" "-"
176.31.241.43 - - [13/Sep/2013:14:04:50 +0400] "GET /viewtopic.php?f=3&t=81409 HTTP/1.0" 404 168 "-" "Mozilla/5.0 (Windows NT 6.1; WOW64; rv:7.0.1) Gecko/20100101 Firefox/7.0.1" "-"
5.10.83.45 - - [13/Sep/2013:14:05:09 +0400] "GET /viewtopic.php?f=10&t=32786 HTTP/1.1" 404 168 "-" "Mozilla/5.0 (compatible; AhrefsBot/5.0; +http://ahrefs.com/robot/)" "-"
5.10.83.60 - - [13/Sep/2013:14:05:46 +0400] "GET /viewtopic.php?f=2&t=127236 HTTP/1.1" 404 168 "-" "Mozilla/5.0 (compatible; AhrefsBot/5.0; +http://ahrefs.com/robot/)" "-"
142.54.160.99 - - [13/Sep/2013:14:06:21 +0400] "GET / HTTP/1.0" 200 6019 "http://phpbbconstructor.com/" "Mozilla/5.0 (Windows NT 6.0; WOW64) AppleWebKit/537.11 (KHTML, like Gecko) Chrome/23.0.1271.64 Safari/537.11" "-"
178.154.224.114 - - [13/Sep/2013:14:07:03 +0400] "GET / HTTP/1.1" 200 13704 "-" "Mozilla/5.0 (compatible; YandexMetrika/2.0; +http://yandex.com/bots TEST)" "-"
142.54.182.10 - - [13/Sep/2013:14:08:19 +0400] "GET /viewtopic.php?f=2&t=46083&view=unread HTTP/1.0" 404 168 "http://phpbbconstructor.com/viewtopic.php?f=2&t=46083&view=unread#unread&quot;" "Mozilla/5.0 (Windows NT 6.1; rv:13.0) Gecko/20100101 Firefox/13.0.1" "-"
142.54.182.10 - - [13/Sep/2013:14:08:19 +0400] "GET /viewtopic.php?f=2&t=46083&view=unread HTTP/1.0" 404 570 "http://phpbbconstructor.com/viewtopic.php?f=2&t=46083&view=unread#unread&lt;/a&gt;&lt;/li&gt;" "Mozilla/5.0 (Windows NT 5.1) AppleWebKit/537.11 (KHTML, like Gecko) Chrome/23.0.1271.64 Safari/537.11" "-"
142.54.182.10 - - [13/Sep/2013:14:08:19 +0400] "GET / HTTP/1.0" 200 6019 "http://phpbbconstructor.com/" "Mozilla/5.0 (Windows NT 5.1) AppleWebKit/537.11 (KHTML, like Gecko) Chrome/23.0.1271.64 Safari/537.11" "-"
142.54.182.10 - - [13/Sep/2013:14:08:19 +0400] "GET / HTTP/1.0" 200 6019 "http://phpbbconstructor.com/" "Mozilla/5.0 (Windows NT 6.1; rv:13.0) Gecko/20100101 Firefox/13.0.1" "-"
5.10.83.93 - - [13/Sep/2013:14:09:30 +0400] "GET /viewtopic.php?f=2&t=57522&view=unread HTTP/1.1" 404 168 "-" "Mozilla/5.0 (compatible; AhrefsBot/5.0; +http://ahrefs.com/robot/)" "-"
142.54.182.10 - - [13/Sep/2013:14:10:00 +0400] "GET /viewtopic.php?f=2&t=46083&view=unread HTTP/1.0" 404 168 "http://phpbbconstructor.com/viewtopic.php?f=2&t=46083&view=unread#unread&quot;" "Mozilla/5.0 (Windows NT 6.1; rv:17.0) Gecko/20100101 Firefox/17.0" "-"
142.54.182.10 - - [13/Sep/2013:14:10:00 +0400] "GET / HTTP/1.0" 200 6019 "http://phpbbconstructor.com/" "Mozilla/5.0 (Windows NT 6.1; rv:17.0) Gecko/20100101 Firefox/17.0" "-"
142.54.182.10 - - [13/Sep/2013:14:10:00 +0400] "GET /viewtopic.php?f=2&t=46083&view=unread HTTP/1.0" 404 168 "http://phpbbconstructor.com/viewtopic.php?f=2&t=46083&view=unread#unread&lt;/a&gt;&lt;/li&gt;" "Opera/9.80 (Windows NT 6.0; U; ru) Presto/2.10.289 Version/12.02" "-"
142.54.182.10 - - [13/Sep/2013:14:10:00 +0400] "GET / HTTP/1.0" 200 6019 "http://phpbbconstructor.com/" "Opera/9.80 (Windows NT 6.0; U; ru) Presto/2.10.289 Version/12.02" "-"
5.10.83.89 - - [13/Sep/2013:14:10:53 +0400] "GET /viewtopic.php?f=9&t=38110&view=unread HTTP/1.1" 404 168 "-" "Mozilla/5.0 (compatible; AhrefsBot/5.0; +http://ahrefs.com/robot/)" "-"
5.10.83.14 - - [13/Sep/2013:14:10:54 +0400] "GET /viewtopic.php?f=9&t=88308&view=unread HTTP/1.1" 404 168 "-" "Mozilla/5.0 (compatible; AhrefsBot/5.0; +http://ahrefs.com/robot/)" "-"
142.54.182.10 - - [13/Sep/2013:14:10:59 +0400] "GET /viewtopic.php?f=2&t=46083&view=unread HTTP/1.0" 404 168 "http://phpbbconstructor.com/viewtopic.php?f=2&t=46083&view=unread#unread&quot;" "Opera/9.80 (Windows NT 6.2; U; en) Presto/2.10.289 Version/12.02" "-"
142.54.182.10 - - [13/Sep/2013:14:10:59 +0400] "GET /viewtopic.php?f=2&t=46083&view=unread HTTP/1.0" 404 168 "http://phpbbconstructor.com/viewtopic.php?f=2&t=46083&view=unread#unread&lt;/a&gt;&lt;/li&gt;" "Opera/9.80 (Windows NT 5.1; U; ru) Presto/2.10.289 Version/12.00" "-"
142.54.182.10 - - [13/Sep/2013:14:10:59 +0400] "GET / HTTP/1.0" 200 6019 "http://phpbbconstructor.com/" "Opera/9.80 (Windows NT 6.2; U; en) Presto/2.10.289 Version/12.02" "-"
142.54.182.10 - - [13/Sep/2013:14:10:59 +0400] "GET / HTTP/1.0" 200 6019 "http://phpbbconstructor.com/" "Opera/9.80 (Windows NT 5.1; U; ru) Presto/2.10.289 Version/12.00" "-"
5.10.83.52 - - [13/Sep/2013:14:11:28 +0400] "GET /viewtopic.php?f=10&t=112014 HTTP/1.1" 404 168 "-" "Mozilla/5.0 (compatible; AhrefsBot/5.0; +http://ahrefs.com/robot/)" "-"
66.249.73.58 - - [13/Sep/2013:14:12:33 +0400] "GET /viewtopic.php?f=10&t=94220 HTTP/1.1" 404 168 "-" "Mozilla/5.0 (compatible; Googlebot/2.1; +http://www.google.com/bot.html)" "-"
5.10.83.14 - - [13/Sep/2013:14:13:54 +0400] "GET /viewtopic.php?f=9&t=94212 HTTP/1.1" 404 168 "-" "Mozilla/5.0 (compatible; AhrefsBot/5.0; +http://ahrefs.com/robot/)" "-"
117.26.60.79 - - [13/Sep/2013:14:14:08 +0400] "GET /viewtopic.php?f=10&t=38221&view=unread HTTP/1.0" 404 570 "http://phpbbconstructor.com/viewtopic.php?f=10&t=38221&view=unread#unread" "Mozilla/4.0 (compatible; MSIE 6.0; Windows NT 5.1; SV1; .NET CLR 2.0.50727)" "-"
46.246.60.55 - - [13/Sep/2013:14:14:31 +0400] "GET /viewtopic.php?f=2&t=123538 HTTP/1.0" 404 168 "http://phpbbconstructor.com/viewtopic.php?f=2&t=123538" "Opera/9.80 (Windows NT 5.1) Presto/2.12.388 Version/12.10" "-"
46.246.60.55 - - [13/Sep/2013:14:14:31 +0400] "GET / HTTP/1.0" 200 6019 "http://phpbbconstructor.com/" "Opera/9.80 (Windows NT 5.1) Presto/2.12.388 Version/12.10" "-"
91.207.7.194 - - [13/Sep/2013:14:15:10 +0400] "GET /viewtopic.php?f=3&t=106927&p=125350 HTTP/1.1" 404 570 "-" "Mozilla/4.0 (compatible; MSIE 6.0; Windows NT 5.1; SV1; Mozilla/4.0 (compatible; MSIE 6.0; Windows NT 5.1; SV1) ; .NET CLR 1.0.3705)" "-"
208.115.113.85 - - [13/Sep/2013:14:16:10 +0400] "GET /robots.txt HTTP/1.1" 404 168 "-" "Mozilla/5.0 (compatible; Ezooms/1.0; ezooms.bot@gmail.com)" "-"
91.207.5.54 - - [13/Sep/2013:14:16:18 +0400] "GET /index.php HTTP/1.0" 404 168 "http://phpbbconstructor.com/index.php" "Opera/9.80 (Windows NT 5.1; U; ru) Presto/2.10.229 Version/11.64" "-"
5.10.83.45 - - [13/Sep/2013:14:17:21 +0400] "GET /viewtopic.php?f=2&t=90354 HTTP/1.1" 404 168 "-" "Mozilla/5.0 (compatible; AhrefsBot/5.0; +http://ahrefs.com/robot/)" "-"
218.6.71.170 - - [13/Sep/2013:14:17:33 +0400] "GET /ucp.php?mode=login HTTP/1.1" 404 570 "http://phpbbconstructor.com/" "Mozilla/4.0 (compatible; MSIE 6.0; Windows NT 5.1; SV1;)" "-"
27.159.228.43 - - [13/Sep/2013:14:17:43 +0400] "GET / HTTP/1.0" 200 6019 "http://phpbbconstructor.com/" "Opera/9.80 (Windows NT 6.1; Win64; x64; Edition Yx) Presto/2.12.388 Version/12.10" "-"
27.159.193.214 - - [13/Sep/2013:14:18:03 +0400] "GET /ucp.php?mode=register&change_lang=en HTTP/1.1" 404 570 "http://phpbbconstructor.com/" "Mozilla/4.0 (compatible; MSIE 6.0; Windows NT 5.1; SV1;)" "-"
27.159.200.33 - - [13/Sep/2013:14:19:10 +0400] "GET /ucp.php?mode=register&change_lang=en HTTP/1.1" 404 570 "http://phpbbconstructor.com/" "Mozilla/4.0 (compatible; MSIE 6.0; Windows NT 5.1; SV1;)" "-"
112.123.168.158 - - [13/Sep/2013:14:19:39 +0400] "GET /viewtopic.php?f=3&t=126511&view=unread HTTP/1.0" 404 168 "http://phpbbconstructor.com/viewtopic.php?f=3&t=126511&view=unread" "Opera/9.80 (Windows NT 6.1; WOW64; Edition Yx) Presto/2.12.388 Version/12.11" "-"
142.54.160.99 - - [13/Sep/2013:14:19:46 +0400] "GET / HTTP/1.0" 200 6019 "http://phpbbconstructor.com/" "Mozilla/5.0 (Windows NT 5.2; rv:12.0) Gecko/20100101 Firefox/12.0" "-"
27.154.58.238 - - [13/Sep/2013:14:20:03 +0400] "GET /ucp.php?mode=login HTTP/1.1" 404 570 "http://phpbbconstructor.com/" "Mozilla/4.0 (compatible; MSIE 6.0; Windows NT 5.1; SV1;)" "-"
5.10.83.60 - - [13/Sep/2013:14:20:54 +0400] "GET /viewtopic.php?f=10&t=31334 HTTP/1.1" 404 168 "-" "Mozilla/5.0 (compatible; AhrefsBot/5.0; +http://ahrefs.com/robot/)" "-"
27.159.202.119 - - [13/Sep/2013:14:20:56 +0400] "GET /ucp.php?mode=register&change_lang=en HTTP/1.1" 404 570 "http://phpbbconstructor.com/" "Mozilla/4.0 (compatible; MSIE 6.0; Windows NT 5.1; SV1;)" "-"
5.10.83.45 - - [13/Sep/2013:14:21:05 +0400] "GET /viewtopic.php?f=3&t=67332 HTTP/1.1" 404 168 "-" "Mozilla/5.0 (compatible; AhrefsBot/5.0; +http://ahrefs.com/robot/)" "-"
218.6.71.170 - - [13/Sep/2013:14:22:10 +0400] "GET /ucp.php?mode=login HTTP/1.1" 404 570 "http://phpbbconstructor.com/" "Mozilla/4.0 (compatible; MSIE 6.0; Windows NT 5.1; SV1;)" "-"
5.10.83.87 - - [13/Sep/2013:14:24:28 +0400] "GET /viewtopic.php?f=9&t=115460 HTTP/1.1" 404 168 "-" "Mozilla/5.0 (compatible; AhrefsBot/5.0; +http://ahrefs.com/robot/)" "-"
5.10.83.45 - - [13/Sep/2013:14:25:10 +0400] "GET /viewtopic.php?f=10&t=79700 HTTP/1.1" 404 168 "-" "Mozilla/5.0 (compatible; AhrefsBot/5.0; +http://ahrefs.com/robot/)" "-"
61.135.179.167 - - [13/Sep/2013:14:25:28 +0400] "GET /viewtopic.php?f=10&t=104744 HTTP/1.0" 404 168 "http://phpbbconstructor.com/viewtopic.php?f=10&t=104744" "Opera/9.80 (Windows NT 6.1; WOW64; MRA 8.0 (build 5880)) Presto/2.12.388 Version/12.11" "-"
61.135.179.167 - - [13/Sep/2013:14:25:28 +0400] "GET //phpbbconstructor.com/viewtopic.php?f=10&t=104744 HTTP/1.0" 404 168 "http://phpbbconstructor.com//phpbbconstructor.com/viewtopic.php?f=10&t=104744" "Opera/9.80 (Windows NT 6.1; WOW64; MRA 8.0 (build 5880)) Presto/2.12.388 Version/12.11" "-"
61.135.179.167 - - [13/Sep/2013:14:25:30 +0400] "GET /viewtopic.php?f=10&t=104744 HTTP/1.0" 404 168 "http://phpbbconstructor.com/viewtopic.php?f=10&t=104744" "Opera/9.80 (Windows NT 6.1; WOW64; MRA 8.0 (build 5880)) Presto/2.12.388 Version/12.11" "-"
61.135.179.167 - - [13/Sep/2013:14:25:31 +0400] "GET //phpbbconstructor.com/viewtopic.php?f=10&t=104744 HTTP/1.0" 404 168 "http://phpbbconstructor.com//phpbbconstructor.com/viewtopic.php?f=10&t=104744" "Opera/9.80 (Windows NT 6.1; WOW64; MRA 8.0 (build 5880)) Presto/2.12.388 Version/12.11" "-"
61.135.179.167 - - [13/Sep/2013:14:25:32 +0400] "GET /viewtopic.php?f=10&t=104744 HTTP/1.0" 404 168 "http://phpbbconstructor.com/viewtopic.php?f=10&t=104744" "Opera/9.80 (Windows NT 6.1; WOW64; MRA 8.0 (build 5880)) Presto/2.12.388 Version/12.11" "-"
61.135.179.167 - - [13/Sep/2013:14:25:33 +0400] "GET //phpbbconstructor.com/viewtopic.php?f=10&t=104744 HTTP/1.0" 404 168 "http://phpbbconstructor.com//phpbbconstructor.com/viewtopic.php?f=10&t=104744" "Opera/9.80 (Windows NT 6.1; WOW64; MRA 8.0 (build 5880)) Presto/2.12.388 Version/12.11" "-"
61.135.179.167 - - [13/Sep/2013:14:26:01 +0400] "GET /viewtopic.php?f=10&t=104744 HTTP/1.0" 404 168 "http://phpbbconstructor.com/viewtopic.php?f=10&t=104744" "Opera/9.80 (Windows NT 6.1; WOW64; MRA 8.0 (build 5880)) Presto/2.12.388 Version/12.11" "-"
61.135.179.167 - - [13/Sep/2013:14:26:02 +0400] "GET //phpbbconstructor.com/viewtopic.php?f=10&t=104744 HTTP/1.0" 404 168 "http://phpbbconstructor.com//phpbbconstructor.com/viewtopic.php?f=10&t=104744" "Opera/9.80 (Windows NT 6.1; WOW64; MRA 8.0 (build 5880)) Presto/2.12.388 Version/12.11" "-"
5.10.83.81 - - [13/Sep/2013:14:26:07 +0400] "GET /viewtopic.php?f=9&t=104741 HTTP/1.1" 404 168 "-" "Mozilla/5.0 (compatible; AhrefsBot/5.0; +http://ahrefs.com/robot/)" "-"
5.10.83.60 - - [13/Sep/2013:14:26:12 +0400] "GET /viewtopic.php?f=3&t=46690 HTTP/1.1" 404 168 "-" "Mozilla/5.0 (compatible; AhrefsBot/5.0; +http://ahrefs.com/robot/)" "-"
120.43.24.198 - - [13/Sep/2013:14:27:38 +0400] "GET /ucp.php?mode=register&change_lang=en HTTP/1.1" 404 570 "http://phpbbconstructor.com/" "Mozilla/4.0 (compatible; MSIE 6.0; Windows NT 5.1; SV1;)" "-"
36.248.163.123 - - [13/Sep/2013:14:29:04 +0400] "GET /ucp.php?mode=register&change_lang=en HTTP/1.1" 404 570 "http://phpbbconstructor.com/" "Mozilla/4.0 (compatible; MSIE 6.0; Windows NT 5.1; SV1;)" "-"
5.10.83.31 - - [13/Sep/2013:14:29:13 +0400] "GET /viewtopic.php?f=3&t=104470&view=unread HTTP/1.1" 404 168 "-" "Mozilla/5.0 (compatible; AhrefsBot/5.0; +http://ahrefs.com/robot/)" "-"
5.10.83.45 - - [13/Sep/2013:14:31:15 +0400] "GET /viewtopic.php?f=3&t=119165 HTTP/1.1" 404 168 "-" "Mozilla/5.0 (compatible; AhrefsBot/5.0; +http://ahrefs.com/robot/)" "-"
5.10.83.86 - - [13/Sep/2013:14:32:10 +0400] "GET /viewtopic.php?f=2&t=129446 HTTP/1.1" 404 168 "-" "Mozilla/5.0 (compatible; AhrefsBot/5.0; +http://ahrefs.com/robot/)" "-"
120.43.31.118 - - [13/Sep/2013:14:32:28 +0400] "GET /ucp.php?mode=register&change_lang=en HTTP/1.1" 404 570 "http://phpbbconstructor.com/" "Mozilla/4.0 (compatible; MSIE 6.0; Windows NT 5.1; SV1;)" "-"
91.121.5.209 - - [13/Sep/2013:14:32:37 +0400] "GET /ucp.php?mode=register&change_lang=en HTTP/1.1" 404 570 "http://phpbbconstructor.com/" "Mozilla/4.0 (compatible; MSIE 6.0; Windows NT 5.1; SV1;)" "-"
128.68.92.96 - - [13/Sep/2013:14:33:42 +0400] "GET /viewforum.php?f=1 HTTP/1.0" 404 570 "http://phpbbconstructor.com/viewforum.php?f=1" "Mozilla/5.0 (Windows NT 6.1; WOW64) AppleWebKit/535.19 (KHTML, like Gecko) Chrome/18.0.1025.1634 Safari/535.19 YE" "-"
128.68.92.96 - - [13/Sep/2013:14:33:43 +0400] "GET /viewforum.php?f=1 HTTP/1.0" 404 570 "http://phpbbconstructor.com/viewforum.php?f=1" "Mozilla/5.0 (Windows NT 6.1; WOW64) AppleWebKit/535.19 (KHTML, like Gecko) Chrome/18.0.1025.1634 Safari/535.19 YE" "-"
204.12.208.218 - - [13/Sep/2013:14:33:44 +0400] "GET /ucp.php?mode=login HTTP/1.1" 404 570 "http://phpbbconstructor.com/" "Mozilla/4.0 (compatible; MSIE 6.0; Windows NT 5.1; SV1;)" "-"
